<html>
<body>
<pre>
<h1>礦ision Build Log</h1>
<h2>Tool Versions:</h2>
IDE-Version: μVision V5.25.2.0
Copyright (C) 2018 ARM Ltd and ARM Germany GmbH. All rights reserved.
License Information: xu likai, china, LIC=R4HGK-ZYBKE-HP0ZN-YX4XP-J8CHB-4VFEZ
 
Tool Versions:
Toolchain:       MDK-ARM Professional  Version: 5.25.2.0
Toolchain Path:  e:\Keil_v5\ARM\ARMCC\Bin
C Compiler:      Armcc.exe V5.06 update 6 (build 750)
Assembler:       Armasm.exe V5.06 update 6 (build 750)
Linker/Locator:  ArmLink.exe V5.06 update 6 (build 750)
Library Manager: ArmAr.exe V5.06 update 6 (build 750)
Hex Converter:   FromElf.exe V5.06 update 6 (build 750)
CPU DLL:         SARMCM3.DLL V5.25.2.0
Dialog DLL:      DARMSTM.DLL V1.68.0.0
Target DLL:      UL2CM3.DLL V1.160.12.0
Dialog DLL:      TARMSTM.DLL V1.66.0.0
 
<h2>Project:</h2>
F:\我的程序\单片机程序\红外成像仪\用户资料\4.MLX90640读写例程（8位32位API工程模板）\4.多项式插值（32位MCU）\MLX90640_TEST_MCU32.uvproj
Project File Date:  10/18/2019

<h2>Output:</h2>
*** Using Compiler 'V5.06 update 6 (build 750)', folder: 'e:\Keil_v5\ARM\ARMCC\Bin'
Build target 'MLX90640_TEST_MCU32'
compiling cpu.c...
compiling main.c...
assembling startup_stm32f10x_xl.s...
compiling IIC.c...
compiling MLX90640_ExFun.c...
compiling MLX90640.c...
linking...
Program Size: Code=21062 RO-data=3842 RW-data=0 ZI-data=1632  
".\MLX90640_TEST_MCU32.axf" - 0 Error(s), 0 Warning(s).
Build Time Elapsed:  00:00:04
</pre>
</body>
</html>
