ARM Linker, 5.03 [Build 24] [MDK-ARM Professional]

==============================================================================

Section Cross References

    startup_stm32f10x_xl.o(STACK) refers (Special) to heapauxi.o(.text) for __use_two_region_memory
    startup_stm32f10x_xl.o(HEAP) refers (Special) to heapauxi.o(.text) for __use_two_region_memory
    startup_stm32f10x_xl.o(RESET) refers (Special) to heapauxi.o(.text) for __use_two_region_memory
    startup_stm32f10x_xl.o(RESET) refers to startup_stm32f10x_xl.o(STACK) for __initial_sp
    startup_stm32f10x_xl.o(RESET) refers to startup_stm32f10x_xl.o(.text) for Reset_Handler
    startup_stm32f10x_xl.o(.text) refers (Special) to heapauxi.o(.text) for __use_two_region_memory
    startup_stm32f10x_xl.o(.text) refers to main.o(.text) for SystemInit
    startup_stm32f10x_xl.o(.text) refers to __main.o(!!!main) for __main
    startup_stm32f10x_xl.o(.text) refers to startup_stm32f10x_xl.o(HEAP) for Heap_Mem
    startup_stm32f10x_xl.o(.text) refers to startup_stm32f10x_xl.o(STACK) for Stack_Mem
    main.o(.text) refers to mlx90640.o(.text) for MLX90640_I2CRead
    main.o(.text) refers to iic.o(.text) for IIC_Init
    main.o(.text) refers to cpu.o(.text) for Delay_ms
    main.o(.text) refers to f2d.o(x$fpl$f2d) for __aeabi_f2d
    main.o(.text) refers to daddsub_clz.o(x$fpl$dsub) for __aeabi_dsub
    main.o(.text) refers to d2f.o(x$fpl$d2f) for __aeabi_d2f
    main.o(.text) refers to mlx90640_exfun.o(.text) for PolynomialInterpolation_Matrix
    mlx90640.o(.text) refers to iic.o(.text) for IIC_Stop
    mlx90640.o(.text) refers to fflt_clz.o(x$fpl$fflt) for __aeabi_i2f
    mlx90640.o(.text) refers to frleqf.o(x$fpl$frleqf) for __aeabi_cfrcmple
    mlx90640.o(.text) refers to faddsub_clz.o(x$fpl$fsub) for __aeabi_fsub
    mlx90640.o(.text) refers to fdiv.o(x$fpl$fdiv) for __aeabi_fdiv
    mlx90640.o(.text) refers to pow.o(i.pow) for pow
    mlx90640.o(.text) refers to dflt_clz.o(x$fpl$dflt) for __aeabi_i2d
    mlx90640.o(.text) refers to ddiv.o(x$fpl$ddiv) for __aeabi_ddiv
    mlx90640.o(.text) refers to daddsub_clz.o(x$fpl$dadd) for __aeabi_dadd
    mlx90640.o(.text) refers to d2f.o(x$fpl$d2f) for __aeabi_d2f
    mlx90640.o(.text) refers to fflt_clz.o(x$fpl$ffltu) for __aeabi_ui2f
    mlx90640.o(.text) refers to fmul.o(x$fpl$fmul) for __aeabi_fmul
    mlx90640.o(.text) refers to faddsub_clz.o(x$fpl$fadd) for __aeabi_fadd
    mlx90640.o(.text) refers to dflt_clz.o(x$fpl$dfltu) for __aeabi_ui2d
    mlx90640.o(.text) refers to f2d.o(x$fpl$f2d) for __aeabi_f2d
    mlx90640.o(.text) refers to dmul.o(x$fpl$dmul) for __aeabi_dmul
    mlx90640.o(.text) refers to daddsub_clz.o(x$fpl$dsub) for __aeabi_dsub
    mlx90640.o(.text) refers to faddsub_clz.o(x$fpl$frsb) for __aeabi_frsub
    mlx90640.o(.text) refers to sqrt.o(i.sqrt) for sqrt
    mlx90640.o(.text) refers to daddsub_clz.o(x$fpl$drsb) for __aeabi_drsub
    mlx90640.o(.text) refers to fleqf.o(x$fpl$fleqf) for __aeabi_cfcmple
    mlx90640.o(.text) refers to drleqf.o(x$fpl$drleqf) for __aeabi_cdrcmple
    mlx90640_exfun.o(.text) refers to faddsub_clz.o(x$fpl$fsub) for __aeabi_fsub
    mlx90640_exfun.o(.text) refers to fdiv.o(x$fpl$fdiv) for __aeabi_fdiv
    mlx90640_exfun.o(.text) refers to fmul.o(x$fpl$fmul) for __aeabi_fmul
    mlx90640_exfun.o(.text) refers to fflt_clz.o(x$fpl$ffltu) for __aeabi_ui2f
    mlx90640_exfun.o(.text) refers to faddsub_clz.o(x$fpl$fadd) for __aeabi_fadd
    mlx90640_exfun.o(.text) refers to fleqf.o(x$fpl$fleqf) for __aeabi_cfcmple
    mlx90640_exfun.o(.text) refers to frleqf.o(x$fpl$frleqf) for __aeabi_cfrcmple
    mlx90640_exfun.o(.text) refers to f2d.o(x$fpl$f2d) for __aeabi_f2d
    mlx90640_exfun.o(.text) refers to d2f.o(x$fpl$d2f) for __aeabi_d2f
    mlx90640_exfun.o(.text) refers to ddiv.o(x$fpl$ddiv) for __aeabi_ddiv
    mlx90640_exfun.o(.text) refers to ffixu.o(x$fpl$ffixu) for __aeabi_f2uiz
    mlx90640_exfun.o(.text) refers to fflt_clz.o(x$fpl$fflt) for __aeabi_i2f
    __main.o(!!!main) refers to rtentry.o(.ARM.Collect$$rtentry$$00000000) for __rt_entry
    d2f.o(x$fpl$d2f) refers (Special) to usenofp.o(x$fpl$usenofp) for __I$use$fp
    d2f.o(x$fpl$d2f) refers to fretinf.o(x$fpl$fretinf) for __fpl_fretinf
    d2f.o(x$fpl$d2f) refers to dnaninf.o(x$fpl$dnaninf) for __fpl_dnaninf
    daddsub_clz.o(x$fpl$dadd) refers (Special) to usenofp.o(x$fpl$usenofp) for __I$use$fp
    daddsub_clz.o(x$fpl$dadd) refers to daddsub_clz.o(x$fpl$dsub) for _dsub1
    daddsub_clz.o(x$fpl$dadd) refers to dretinf.o(x$fpl$dretinf) for __fpl_dretinf
    daddsub_clz.o(x$fpl$dadd) refers to dnaninf.o(x$fpl$dnaninf) for __fpl_dnaninf
    daddsub_clz.o(x$fpl$drsb) refers (Special) to usenofp.o(x$fpl$usenofp) for __I$use$fp
    daddsub_clz.o(x$fpl$drsb) refers to daddsub_clz.o(x$fpl$dadd) for _dadd1
    daddsub_clz.o(x$fpl$drsb) refers to daddsub_clz.o(x$fpl$dsub) for _dsub1
    daddsub_clz.o(x$fpl$dsub) refers (Special) to usenofp.o(x$fpl$usenofp) for __I$use$fp
    daddsub_clz.o(x$fpl$dsub) refers to daddsub_clz.o(x$fpl$dadd) for _dadd1
    daddsub_clz.o(x$fpl$dsub) refers to dnaninf.o(x$fpl$dnaninf) for __fpl_dnaninf
    ddiv.o(x$fpl$drdiv) refers (Special) to usenofp.o(x$fpl$usenofp) for __I$use$fp
    ddiv.o(x$fpl$drdiv) refers to ddiv.o(x$fpl$ddiv) for ddiv_entry
    ddiv.o(x$fpl$ddiv) refers (Special) to usenofp.o(x$fpl$usenofp) for __I$use$fp
    ddiv.o(x$fpl$ddiv) refers to dretinf.o(x$fpl$dretinf) for __fpl_dretinf
    ddiv.o(x$fpl$ddiv) refers to dnaninf.o(x$fpl$dnaninf) for __fpl_dnaninf
    dflt_clz.o(x$fpl$dfltu) refers (Special) to usenofp.o(x$fpl$usenofp) for __I$use$fp
    dflt_clz.o(x$fpl$dflt) refers (Special) to usenofp.o(x$fpl$usenofp) for __I$use$fp
    dflt_clz.o(x$fpl$dfltn) refers (Special) to usenofp.o(x$fpl$usenofp) for __I$use$fp
    dmul.o(x$fpl$dmul) refers (Special) to usenofp.o(x$fpl$usenofp) for __I$use$fp
    dmul.o(x$fpl$dmul) refers to dretinf.o(x$fpl$dretinf) for __fpl_dretinf
    dmul.o(x$fpl$dmul) refers to dnaninf.o(x$fpl$dnaninf) for __fpl_dnaninf
    drleqf.o(x$fpl$drleqf) refers (Special) to usenofp.o(x$fpl$usenofp) for __I$use$fp
    drleqf.o(x$fpl$drleqf) refers to dleqf.o(x$fpl$dleqf) for __fpl_dcmple_InfNaN
    f2d.o(x$fpl$f2d) refers (Special) to usenofp.o(x$fpl$usenofp) for __I$use$fp
    f2d.o(x$fpl$f2d) refers to fnaninf.o(x$fpl$fnaninf) for __fpl_fnaninf
    f2d.o(x$fpl$f2d) refers to dretinf.o(x$fpl$dretinf) for __fpl_dretinf
    faddsub_clz.o(x$fpl$fadd) refers (Special) to usenofp.o(x$fpl$usenofp) for __I$use$fp
    faddsub_clz.o(x$fpl$fadd) refers to faddsub_clz.o(x$fpl$fsub) for _fsub1
    faddsub_clz.o(x$fpl$fadd) refers to fretinf.o(x$fpl$fretinf) for __fpl_fretinf
    faddsub_clz.o(x$fpl$fadd) refers to fnaninf.o(x$fpl$fnaninf) for __fpl_fnaninf
    faddsub_clz.o(x$fpl$frsb) refers (Special) to usenofp.o(x$fpl$usenofp) for __I$use$fp
    faddsub_clz.o(x$fpl$frsb) refers to faddsub_clz.o(x$fpl$fadd) for _fadd1
    faddsub_clz.o(x$fpl$frsb) refers to faddsub_clz.o(x$fpl$fsub) for _fsub1
    faddsub_clz.o(x$fpl$fsub) refers (Special) to usenofp.o(x$fpl$usenofp) for __I$use$fp
    faddsub_clz.o(x$fpl$fsub) refers to faddsub_clz.o(x$fpl$fadd) for _fadd1
    faddsub_clz.o(x$fpl$fsub) refers to fnaninf.o(x$fpl$fnaninf) for __fpl_fnaninf
    fdiv.o(x$fpl$frdiv) refers (Special) to usenofp.o(x$fpl$usenofp) for __I$use$fp
    fdiv.o(x$fpl$frdiv) refers to fdiv.o(x$fpl$fdiv) for _fdiv1
    fdiv.o(x$fpl$fdiv) refers (Special) to usenofp.o(x$fpl$usenofp) for __I$use$fp
    fdiv.o(x$fpl$fdiv) refers to fretinf.o(x$fpl$fretinf) for __fpl_fretinf
    fdiv.o(x$fpl$fdiv) refers to fnaninf.o(x$fpl$fnaninf) for __fpl_fnaninf
    ffixu.o(x$fpl$ffixu) refers (Special) to usenofp.o(x$fpl$usenofp) for __I$use$fp
    ffixu.o(x$fpl$ffixu) refers to fnaninf.o(x$fpl$fnaninf) for __fpl_fnaninf
    ffixu.o(x$fpl$ffixur) refers (Special) to usenofp.o(x$fpl$usenofp) for __I$use$fp
    ffixu.o(x$fpl$ffixur) refers to fnaninf.o(x$fpl$fnaninf) for __fpl_fnaninf
    fflt_clz.o(x$fpl$ffltu) refers (Special) to usenofp.o(x$fpl$usenofp) for __I$use$fp
    fflt_clz.o(x$fpl$fflt) refers (Special) to usenofp.o(x$fpl$usenofp) for __I$use$fp
    fflt_clz.o(x$fpl$ffltn) refers (Special) to usenofp.o(x$fpl$usenofp) for __I$use$fp
    fleqf.o(x$fpl$fleqf) refers (Special) to usenofp.o(x$fpl$usenofp) for __I$use$fp
    fleqf.o(x$fpl$fleqf) refers to fnaninf.o(x$fpl$fnaninf) for __fpl_fnaninf
    fleqf.o(x$fpl$fleqf) refers to fcmpi.o(x$fpl$fcmpinf) for __fpl_fcmp_Inf
    fmul.o(x$fpl$fmul) refers (Special) to usenofp.o(x$fpl$usenofp) for __I$use$fp
    fmul.o(x$fpl$fmul) refers to fretinf.o(x$fpl$fretinf) for __fpl_fretinf
    fmul.o(x$fpl$fmul) refers to fnaninf.o(x$fpl$fnaninf) for __fpl_fnaninf
    frleqf.o(x$fpl$frleqf) refers (Special) to usenofp.o(x$fpl$usenofp) for __I$use$fp
    frleqf.o(x$fpl$frleqf) refers to fleqf.o(x$fpl$fleqf) for __fpl_fcmple_InfNaN
    pow.o(i.__softfp_pow) refers (Special) to usenofp.o(x$fpl$usenofp) for __I$use$fp
    pow.o(i.__softfp_pow) refers to pow.o(i.pow) for pow
    pow.o(i.pow) refers (Special) to usenofp.o(x$fpl$usenofp) for __I$use$fp
    pow.o(i.pow) refers to daddsub_clz.o(x$fpl$dadd) for __aeabi_dadd
    pow.o(i.pow) refers to _rserrno.o(.text) for __set_errno
    pow.o(i.pow) refers to ddiv.o(x$fpl$ddiv) for __aeabi_ddiv
    pow.o(i.pow) refers to sqrt.o(i.sqrt) for sqrt
    pow.o(i.pow) refers to dmul.o(x$fpl$dmul) for __aeabi_dmul
    pow.o(i.pow) refers to scalbn.o(x$fpl$scalbn) for __ARM_scalbn
    pow.o(i.pow) refers to dunder.o(i.__mathlib_dbl_underflow) for __mathlib_dbl_underflow
    pow.o(i.pow) refers to daddsub_clz.o(x$fpl$dsub) for __aeabi_dsub
    pow.o(i.pow) refers to daddsub_clz.o(x$fpl$drsb) for __aeabi_drsub
    pow.o(i.pow) refers to qnan.o(.constdata) for __mathlib_zero
    pow.o(i.pow) refers to poly.o(i.__kernel_poly) for __kernel_poly
    pow.o(i.pow) refers to dflt_clz.o(x$fpl$dflt) for __aeabi_i2d
    pow.o(i.pow) refers to drleqf.o(x$fpl$drleqf) for __aeabi_cdrcmple
    pow.o(i.pow) refers to pow.o(.constdata) for .constdata
    pow.o(i.pow) refers to fpclassify.o(i.__ARM_fpclassify) for __ARM_fpclassify
    pow.o(.constdata) refers (Special) to usenofp.o(x$fpl$usenofp) for __I$use$fp
    pow_x.o(i.____softfp_pow$lsc) refers (Special) to usenofp.o(x$fpl$usenofp) for __I$use$fp
    pow_x.o(i.____softfp_pow$lsc) refers to pow_x.o(i.__pow$lsc) for __pow$lsc
    pow_x.o(i.__pow$lsc) refers (Special) to usenofp.o(x$fpl$usenofp) for __I$use$fp
    pow_x.o(i.__pow$lsc) refers to daddsub_clz.o(x$fpl$dadd) for __aeabi_dadd
    pow_x.o(i.__pow$lsc) refers to _rserrno.o(.text) for __set_errno
    pow_x.o(i.__pow$lsc) refers to ddiv.o(x$fpl$ddiv) for __aeabi_ddiv
    pow_x.o(i.__pow$lsc) refers to sqrt.o(i.sqrt) for sqrt
    pow_x.o(i.__pow$lsc) refers to dmul.o(x$fpl$dmul) for __aeabi_dmul
    pow_x.o(i.__pow$lsc) refers to dflt_clz.o(x$fpl$dflt) for __aeabi_i2d
    pow_x.o(i.__pow$lsc) refers to daddsub_clz.o(x$fpl$dsub) for __aeabi_dsub
    pow_x.o(i.__pow$lsc) refers to scalbn.o(x$fpl$scalbn) for __ARM_scalbn
    pow_x.o(i.__pow$lsc) refers to daddsub_clz.o(x$fpl$drsb) for __aeabi_drsub
    pow_x.o(i.__pow$lsc) refers to qnan.o(.constdata) for __mathlib_zero
    pow_x.o(i.__pow$lsc) refers to pow_x.o(.constdata) for .constdata
    pow_x.o(i.__pow$lsc) refers to poly.o(i.__kernel_poly) for __kernel_poly
    pow_x.o(i.__pow$lsc) refers to drleqf.o(x$fpl$drleqf) for __aeabi_cdrcmple
    pow_x.o(.constdata) refers (Special) to usenofp.o(x$fpl$usenofp) for __I$use$fp
    sqrt.o(i.__softfp_sqrt) refers (Special) to usenofp.o(x$fpl$usenofp) for __I$use$fp
    sqrt.o(i.__softfp_sqrt) refers to dsqrt_noumaal.o(x$fpl$dsqrt) for _dsqrt
    sqrt.o(i.__softfp_sqrt) refers to _rserrno.o(.text) for __set_errno
    sqrt.o(i.sqrt) refers (Special) to usenofp.o(x$fpl$usenofp) for __I$use$fp
    sqrt.o(i.sqrt) refers to dsqrt_noumaal.o(x$fpl$dsqrt) for _dsqrt
    sqrt.o(i.sqrt) refers to _rserrno.o(.text) for __set_errno
    sqrt_x.o(i.____softfp_sqrt$lsc) refers (Special) to usenofp.o(x$fpl$usenofp) for __I$use$fp
    sqrt_x.o(i.____softfp_sqrt$lsc) refers to dleqf.o(x$fpl$dleqf) for __aeabi_cdcmple
    sqrt_x.o(i.____softfp_sqrt$lsc) refers to _rserrno.o(.text) for __set_errno
    sqrt_x.o(i.____softfp_sqrt$lsc) refers to dsqrt_noumaal.o(x$fpl$dsqrt) for _dsqrt
    sqrt_x.o(i.__sqrt$lsc) refers (Special) to usenofp.o(x$fpl$usenofp) for __I$use$fp
    sqrt_x.o(i.__sqrt$lsc) refers to dleqf.o(x$fpl$dleqf) for __aeabi_cdcmple
    sqrt_x.o(i.__sqrt$lsc) refers to _rserrno.o(.text) for __set_errno
    sqrt_x.o(i.__sqrt$lsc) refers to dsqrt_noumaal.o(x$fpl$dsqrt) for _dsqrt
    rtentry.o(.ARM.Collect$$rtentry$$00000000) refers (Special) to rtentry2.o(.ARM.Collect$$rtentry$$0000000A) for __rt_entry_li
    rtentry.o(.ARM.Collect$$rtentry$$00000000) refers (Special) to rtentry2.o(.ARM.Collect$$rtentry$$0000000D) for __rt_entry_main
    rtentry.o(.ARM.Collect$$rtentry$$00000000) refers (Special) to rtentry2.o(.ARM.Collect$$rtentry$$0000000C) for __rt_entry_postli_1
    rtentry.o(.ARM.Collect$$rtentry$$00000000) refers (Special) to rtentry2.o(.ARM.Collect$$rtentry$$00000009) for __rt_entry_postsh_1
    rtentry.o(.ARM.Collect$$rtentry$$00000000) refers (Special) to rtentry2.o(.ARM.Collect$$rtentry$$00000002) for __rt_entry_presh_1
    rtentry.o(.ARM.Collect$$rtentry$$00000000) refers (Special) to rtentry4.o(.ARM.Collect$$rtentry$$00000004) for __rt_entry_sh
    _rserrno.o(.text) refers to rt_errno_addr_intlibspace.o(.text) for __aeabi_errno_addr
    dleqf.o(x$fpl$dleqf) refers (Special) to usenofp.o(x$fpl$usenofp) for __I$use$fp
    dleqf.o(x$fpl$dleqf) refers to dnaninf.o(x$fpl$dnaninf) for __fpl_dnaninf
    dleqf.o(x$fpl$dleqf) refers to dcmpi.o(x$fpl$dcmpinf) for __fpl_dcmp_Inf
    dnaninf.o(x$fpl$dnaninf) refers (Special) to usenofp.o(x$fpl$usenofp) for __I$use$fp
    dretinf.o(x$fpl$dretinf) refers (Special) to usenofp.o(x$fpl$usenofp) for __I$use$fp
    dsqrt_noumaal.o(x$fpl$dsqrt) refers (Special) to usenofp.o(x$fpl$usenofp) for __I$use$fp
    dsqrt_noumaal.o(x$fpl$dsqrt) refers to dnaninf.o(x$fpl$dnaninf) for __fpl_dnaninf
    fcmpi.o(x$fpl$fcmpinf) refers (Special) to usenofp.o(x$fpl$usenofp) for __I$use$fp
    fnaninf.o(x$fpl$fnaninf) refers (Special) to usenofp.o(x$fpl$usenofp) for __I$use$fp
    fretinf.o(x$fpl$fretinf) refers (Special) to usenofp.o(x$fpl$usenofp) for __I$use$fp
    scalbn.o(x$fpl$scalbn) refers (Special) to usenofp.o(x$fpl$usenofp) for __I$use$fp
    scalbn.o(x$fpl$scalbn) refers to dcheck1.o(x$fpl$dcheck1) for __fpl_dcheck_NaN1
    dunder.o(i.__mathlib_dbl_underflow) refers to scalbn.o(x$fpl$scalbn) for __ARM_scalbn
    fpclassify.o(i.__ARM_fpclassify) refers (Special) to usenofp.o(x$fpl$usenofp) for __I$use$fp
    poly.o(i.__kernel_poly) refers (Special) to usenofp.o(x$fpl$usenofp) for __I$use$fp
    poly.o(i.__kernel_poly) refers to dmul.o(x$fpl$dmul) for __aeabi_dmul
    poly.o(i.__kernel_poly) refers to daddsub_clz.o(x$fpl$dadd) for __aeabi_dadd
    qnan.o(.constdata) refers (Special) to usenofp.o(x$fpl$usenofp) for __I$use$fp
    rtentry2.o(.ARM.Collect$$rtentry$$00000008) refers to boardinit2.o(.text) for _platform_post_stackheap_init
    rtentry2.o(.ARM.Collect$$rtentry$$0000000A) refers to libinit.o(.ARM.Collect$$libinit$$00000000) for __rt_lib_init
    rtentry2.o(.ARM.Collect$$rtentry$$0000000B) refers to boardinit3.o(.text) for _platform_post_lib_init
    rtentry2.o(.ARM.Collect$$rtentry$$0000000D) refers to main.o(.text) for main
    rtentry2.o(.ARM.Collect$$rtentry$$0000000D) refers to exit.o(.text) for exit
    rtentry2.o(.ARM.exidx) refers to rtentry2.o(.ARM.Collect$$rtentry$$00000001) for .ARM.Collect$$rtentry$$00000001
    rtentry2.o(.ARM.exidx) refers to rtentry2.o(.ARM.Collect$$rtentry$$00000008) for .ARM.Collect$$rtentry$$00000008
    rtentry2.o(.ARM.exidx) refers to rtentry2.o(.ARM.Collect$$rtentry$$0000000A) for .ARM.Collect$$rtentry$$0000000A
    rtentry2.o(.ARM.exidx) refers to rtentry2.o(.ARM.Collect$$rtentry$$0000000B) for .ARM.Collect$$rtentry$$0000000B
    rtentry2.o(.ARM.exidx) refers to rtentry2.o(.ARM.Collect$$rtentry$$0000000D) for .ARM.Collect$$rtentry$$0000000D
    rtentry4.o(.ARM.Collect$$rtentry$$00000004) refers to sys_stackheap_outer.o(.text) for __user_setup_stackheap
    rtentry4.o(.ARM.exidx) refers to rtentry4.o(.ARM.Collect$$rtentry$$00000004) for .ARM.Collect$$rtentry$$00000004
    rt_errno_addr.o(.text) refers to rt_errno_addr.o(.bss) for __aeabi_errno_addr_data
    rt_errno_addr_intlibspace.o(.text) refers to libspace.o(.bss) for __libspace_start
    dcheck1.o(x$fpl$dcheck1) refers (Special) to usenofp.o(x$fpl$usenofp) for __I$use$fp
    dcheck1.o(x$fpl$dcheck1) refers to retnan.o(x$fpl$retnan) for __fpl_return_NaN
    dcmpi.o(x$fpl$dcmpinf) refers (Special) to usenofp.o(x$fpl$usenofp) for __I$use$fp
    libspace.o(.text) refers to libspace.o(.bss) for __libspace_start
    sys_stackheap_outer.o(.text) refers to libspace.o(.text) for __user_perproc_libspace
    sys_stackheap_outer.o(.text) refers to startup_stm32f10x_xl.o(.text) for __user_initial_stackheap
    exit.o(.text) refers to rtexit.o(.ARM.Collect$$rtexit$$00000000) for __rt_exit
    libinit.o(.ARM.Collect$$libinit$$00000000) refers (Special) to libinit2.o(.ARM.Collect$$libinit$$0000002C) for __rt_lib_init_alloca_1
    libinit.o(.ARM.Collect$$libinit$$00000000) refers (Special) to libinit2.o(.ARM.Collect$$libinit$$0000002A) for __rt_lib_init_argv_1
    libinit.o(.ARM.Collect$$libinit$$00000000) refers (Special) to libinit2.o(.ARM.Collect$$libinit$$00000019) for __rt_lib_init_atexit_1
    libinit.o(.ARM.Collect$$libinit$$00000000) refers (Special) to libinit2.o(.ARM.Collect$$libinit$$0000001F) for __rt_lib_init_clock_1
    libinit.o(.ARM.Collect$$libinit$$00000000) refers (Special) to libinit2.o(.ARM.Collect$$libinit$$00000030) for __rt_lib_init_cpp_1
    libinit.o(.ARM.Collect$$libinit$$00000000) refers (Special) to libinit2.o(.ARM.Collect$$libinit$$0000002E) for __rt_lib_init_exceptions_1
    libinit.o(.ARM.Collect$$libinit$$00000000) refers (Special) to libinit2.o(.ARM.Collect$$libinit$$00000002) for __rt_lib_init_fp_1
    libinit.o(.ARM.Collect$$libinit$$00000000) refers (Special) to libinit2.o(.ARM.Collect$$libinit$$0000001D) for __rt_lib_init_fp_trap_1
    libinit.o(.ARM.Collect$$libinit$$00000000) refers (Special) to libinit2.o(.ARM.Collect$$libinit$$00000021) for __rt_lib_init_getenv_1
    libinit.o(.ARM.Collect$$libinit$$00000000) refers (Special) to libinit2.o(.ARM.Collect$$libinit$$00000008) for __rt_lib_init_heap_1
    libinit.o(.ARM.Collect$$libinit$$00000000) refers (Special) to libinit2.o(.ARM.Collect$$libinit$$0000000F) for __rt_lib_init_lc_collate_1
    libinit.o(.ARM.Collect$$libinit$$00000000) refers (Special) to libinit2.o(.ARM.Collect$$libinit$$00000011) for __rt_lib_init_lc_ctype_1
    libinit.o(.ARM.Collect$$libinit$$00000000) refers (Special) to libinit2.o(.ARM.Collect$$libinit$$00000013) for __rt_lib_init_lc_monetary_1
    libinit.o(.ARM.Collect$$libinit$$00000000) refers (Special) to libinit2.o(.ARM.Collect$$libinit$$00000015) for __rt_lib_init_lc_numeric_1
    libinit.o(.ARM.Collect$$libinit$$00000000) refers (Special) to libinit2.o(.ARM.Collect$$libinit$$00000017) for __rt_lib_init_lc_time_1
    libinit.o(.ARM.Collect$$libinit$$00000000) refers (Special) to libinit2.o(.ARM.Collect$$libinit$$0000000C) for __rt_lib_init_rand_1
    libinit.o(.ARM.Collect$$libinit$$00000000) refers (Special) to libinit2.o(.ARM.Collect$$libinit$$00000031) for __rt_lib_init_return
    libinit.o(.ARM.Collect$$libinit$$00000000) refers (Special) to libinit2.o(.ARM.Collect$$libinit$$0000001B) for __rt_lib_init_signal_1
    libinit.o(.ARM.Collect$$libinit$$00000000) refers (Special) to libinit2.o(.ARM.Collect$$libinit$$00000023) for __rt_lib_init_stdio_1
    libinit.o(.ARM.Collect$$libinit$$00000000) refers (Special) to libinit2.o(.ARM.Collect$$libinit$$0000000A) for __rt_lib_init_user_alloc_1
    retnan.o(x$fpl$retnan) refers (Special) to usenofp.o(x$fpl$usenofp) for __I$use$fp
    retnan.o(x$fpl$retnan) refers to trapv.o(x$fpl$trapveneer) for __fpl_cmpreturn
    rtexit.o(.ARM.Collect$$rtexit$$00000000) refers (Special) to rtexit2.o(.ARM.Collect$$rtexit$$00000004) for __rt_exit_exit
    rtexit.o(.ARM.Collect$$rtexit$$00000000) refers (Special) to rtexit2.o(.ARM.Collect$$rtexit$$00000003) for __rt_exit_ls
    rtexit.o(.ARM.Collect$$rtexit$$00000000) refers (Special) to rtexit2.o(.ARM.Collect$$rtexit$$00000002) for __rt_exit_prels_1
    rtexit.o(.ARM.exidx) refers (Special) to rtexit2.o(.ARM.Collect$$rtexit$$00000004) for __rt_exit_exit
    rtexit.o(.ARM.exidx) refers (Special) to rtexit2.o(.ARM.Collect$$rtexit$$00000003) for __rt_exit_ls
    rtexit.o(.ARM.exidx) refers (Special) to rtexit2.o(.ARM.Collect$$rtexit$$00000002) for __rt_exit_prels_1
    rtexit.o(.ARM.exidx) refers to rtexit.o(.ARM.Collect$$rtexit$$00000000) for .ARM.Collect$$rtexit$$00000000
    libinit2.o(.ARM.Collect$$libinit$$0000000E) refers to libinit2.o(.ARM.Collect$$libinit$$0000000D) for .ARM.Collect$$libinit$$0000000D
    libinit2.o(.ARM.Collect$$libinit$$00000010) refers to libinit2.o(.ARM.Collect$$libinit$$0000000D) for .ARM.Collect$$libinit$$0000000D
    libinit2.o(.ARM.Collect$$libinit$$00000012) refers to libinit2.o(.ARM.Collect$$libinit$$0000000D) for .ARM.Collect$$libinit$$0000000D
    libinit2.o(.ARM.Collect$$libinit$$00000014) refers to libinit2.o(.ARM.Collect$$libinit$$0000000D) for .ARM.Collect$$libinit$$0000000D
    libinit2.o(.ARM.Collect$$libinit$$00000016) refers to libinit2.o(.ARM.Collect$$libinit$$0000000D) for .ARM.Collect$$libinit$$0000000D
    libinit2.o(.ARM.Collect$$libinit$$00000024) refers to argv_veneer.o(.emb_text) for __ARM_argv_veneer
    libinit2.o(.ARM.Collect$$libinit$$00000025) refers to argv_veneer.o(.emb_text) for __ARM_argv_veneer
    trapv.o(x$fpl$trapveneer) refers (Special) to usenofp.o(x$fpl$usenofp) for __I$use$fp
    rtexit2.o(.ARM.Collect$$rtexit$$00000003) refers to libshutdown.o(.ARM.Collect$$libshutdown$$00000000) for __rt_lib_shutdown
    rtexit2.o(.ARM.Collect$$rtexit$$00000004) refers to sys_exit.o(.text) for _sys_exit
    rtexit2.o(.ARM.exidx) refers to rtexit2.o(.ARM.Collect$$rtexit$$00000001) for .ARM.Collect$$rtexit$$00000001
    rtexit2.o(.ARM.exidx) refers to rtexit2.o(.ARM.Collect$$rtexit$$00000003) for .ARM.Collect$$rtexit$$00000003
    rtexit2.o(.ARM.exidx) refers to rtexit2.o(.ARM.Collect$$rtexit$$00000004) for .ARM.Collect$$rtexit$$00000004
    argv_veneer.o(.emb_text) refers to no_argv.o(.text) for __ARM_get_argv
    sys_exit.o(.text) refers (Special) to use_no_semi.o(.text) for __I$use$semihosting
    sys_exit.o(.text) refers (Special) to indicate_semi.o(.text) for __semihosting_library_function
    _get_argv_nomalloc.o(.text) refers (Special) to hrguard.o(.text) for __heap_region$guard
    _get_argv_nomalloc.o(.text) refers to defsig_rtmem_outer.o(.text) for __rt_SIGRTMEM
    _get_argv_nomalloc.o(.text) refers to sys_command.o(.text) for _sys_command_string
    libshutdown.o(.ARM.Collect$$libshutdown$$00000000) refers (Special) to libshutdown2.o(.ARM.Collect$$libshutdown$$00000006) for __rt_lib_shutdown_fp_trap_1
    libshutdown.o(.ARM.Collect$$libshutdown$$00000000) refers (Special) to libshutdown2.o(.ARM.Collect$$libshutdown$$0000000E) for __rt_lib_shutdown_heap_1
    libshutdown.o(.ARM.Collect$$libshutdown$$00000000) refers (Special) to libshutdown2.o(.ARM.Collect$$libshutdown$$0000000F) for __rt_lib_shutdown_return
    libshutdown.o(.ARM.Collect$$libshutdown$$00000000) refers (Special) to libshutdown2.o(.ARM.Collect$$libshutdown$$00000009) for __rt_lib_shutdown_signal_1
    libshutdown.o(.ARM.Collect$$libshutdown$$00000000) refers (Special) to libshutdown2.o(.ARM.Collect$$libshutdown$$00000003) for __rt_lib_shutdown_stdio_1
    libshutdown.o(.ARM.Collect$$libshutdown$$00000000) refers (Special) to libshutdown2.o(.ARM.Collect$$libshutdown$$0000000B) for __rt_lib_shutdown_user_alloc_1
    sys_command.o(.text) refers (Special) to use_no_semi.o(.text) for __I$use$semihosting
    sys_command.o(.text) refers (Special) to indicate_semi.o(.text) for __semihosting_library_function
    defsig_rtmem_outer.o(.text) refers to defsig_rtmem_inner.o(.text) for __rt_SIGRTMEM_inner
    defsig_rtmem_outer.o(.text) refers to defsig_exit.o(.text) for __sig_exit
    defsig_rtmem_formal.o(.text) refers to rt_raise.o(.text) for __rt_raise
    rt_raise.o(.text) refers to __raise.o(.text) for __raise
    rt_raise.o(.text) refers to sys_exit.o(.text) for _sys_exit
    defsig_exit.o(.text) refers to sys_exit.o(.text) for _sys_exit
    defsig_rtmem_inner.o(.text) refers to defsig_general.o(.text) for __default_signal_display
    __raise.o(.text) refers to defsig.o(CL$$defsig) for __default_signal_handler
    defsig_general.o(.text) refers to sys_wrch.o(.text) for _ttywrch
    sys_wrch.o(.text) refers (Special) to use_no_semi.o(.text) for __I$use$semihosting
    sys_wrch.o(.text) refers (Special) to indicate_semi.o(.text) for __semihosting_library_function
    defsig.o(CL$$defsig) refers to defsig_rtmem_inner.o(.text) for __rt_SIGRTMEM_inner
    defsig_abrt_inner.o(.text) refers to defsig_general.o(.text) for __default_signal_display
    defsig_fpe_inner.o(.text) refers to defsig_general.o(.text) for __default_signal_display
    defsig_rtred_inner.o(.text) refers to defsig_general.o(.text) for __default_signal_display
    defsig_stak_inner.o(.text) refers to defsig_general.o(.text) for __default_signal_display
    defsig_pvfn_inner.o(.text) refers to defsig_general.o(.text) for __default_signal_display
    defsig_cppl_inner.o(.text) refers to defsig_general.o(.text) for __default_signal_display
    defsig_segv_inner.o(.text) refers to defsig_general.o(.text) for __default_signal_display
    defsig_other.o(.text) refers to defsig_general.o(.text) for __default_signal_display


==============================================================================

Image Symbol Table

    Local Symbols

    Symbol Name                              Value     Ov Type        Size  Object(Section)

    ../clib/angel/boardlib.s                 0x00000000   Number         0  boardinit2.o ABSOLUTE
    ../clib/angel/boardlib.s                 0x00000000   Number         0  boardinit1.o ABSOLUTE
    ../clib/angel/boardlib.s                 0x00000000   Number         0  boardshut.o ABSOLUTE
    ../clib/angel/boardlib.s                 0x00000000   Number         0  boardinit3.o ABSOLUTE
    ../clib/angel/handlers.s                 0x00000000   Number         0  __scatter_zi.o ABSOLUTE
    ../clib/angel/kernel.s                   0x00000000   Number         0  rtentry.o ABSOLUTE
    ../clib/angel/kernel.s                   0x00000000   Number         0  rtexit.o ABSOLUTE
    ../clib/angel/kernel.s                   0x00000000   Number         0  rtentry2.o ABSOLUTE
    ../clib/angel/kernel.s                   0x00000000   Number         0  rtexit2.o ABSOLUTE
    ../clib/angel/kernel.s                   0x00000000   Number         0  rtentry4.o ABSOLUTE
    ../clib/angel/rt.s                       0x00000000   Number         0  rt_errno_addr_intlibspace.o ABSOLUTE
    ../clib/angel/rt.s                       0x00000000   Number         0  rt_errno_addr.o ABSOLUTE
    ../clib/angel/rt.s                       0x00000000   Number         0  rt_raise.o ABSOLUTE
    ../clib/angel/scatter.s                  0x00000000   Number         0  __scatter.o ABSOLUTE
    ../clib/angel/startup.s                  0x00000000   Number         0  __main.o ABSOLUTE
    ../clib/angel/sys.s                      0x00000000   Number         0  sys_stackheap_outer.o ABSOLUTE
    ../clib/angel/sys.s                      0x00000000   Number         0  indicate_semi.o ABSOLUTE
    ../clib/angel/sys.s                      0x00000000   Number         0  use_no_semi.o ABSOLUTE
    ../clib/angel/sys.s                      0x00000000   Number         0  libspace.o ABSOLUTE
    ../clib/angel/sysapp.c                   0x00000000   Number         0  sys_exit.o ABSOLUTE
    ../clib/angel/sysapp.c                   0x00000000   Number         0  sys_wrch.o ABSOLUTE
    ../clib/angel/sysapp.c                   0x00000000   Number         0  sys_command.o ABSOLUTE
    ../clib/armsys.c                         0x00000000   Number         0  no_argv.o ABSOLUTE
    ../clib/armsys.c                         0x00000000   Number         0  argv_veneer.o ABSOLUTE
    ../clib/armsys.c                         0x00000000   Number         0  argv_veneer.o ABSOLUTE
    ../clib/armsys.c                         0x00000000   Number         0  _get_argv_nomalloc.o ABSOLUTE
    ../clib/fenv.c                           0x00000000   Number         0  _rserrno.o ABSOLUTE
    ../clib/heapalloc.c                      0x00000000   Number         0  hrguard.o ABSOLUTE
    ../clib/heapaux.c                        0x00000000   Number         0  heapauxi.o ABSOLUTE
    ../clib/libinit.s                        0x00000000   Number         0  libinit2.o ABSOLUTE
    ../clib/libinit.s                        0x00000000   Number         0  libshutdown2.o ABSOLUTE
    ../clib/libinit.s                        0x00000000   Number         0  libinit.o ABSOLUTE
    ../clib/libinit.s                        0x00000000   Number         0  libshutdown.o ABSOLUTE
    ../clib/signal.c                         0x00000000   Number         0  defsig_cppl_inner.o ABSOLUTE
    ../clib/signal.c                         0x00000000   Number         0  defsig_pvfn_inner.o ABSOLUTE
    ../clib/signal.c                         0x00000000   Number         0  defsig_stak_inner.o ABSOLUTE
    ../clib/signal.c                         0x00000000   Number         0  defsig_rtred_inner.o ABSOLUTE
    ../clib/signal.c                         0x00000000   Number         0  defsig_fpe_inner.o ABSOLUTE
    ../clib/signal.c                         0x00000000   Number         0  defsig_abrt_inner.o ABSOLUTE
    ../clib/signal.c                         0x00000000   Number         0  defsig_other.o ABSOLUTE
    ../clib/signal.c                         0x00000000   Number         0  defsig_segv_inner.o ABSOLUTE
    ../clib/signal.c                         0x00000000   Number         0  defsig_general.o ABSOLUTE
    ../clib/signal.c                         0x00000000   Number         0  __raise.o ABSOLUTE
    ../clib/signal.c                         0x00000000   Number         0  defsig_rtmem_outer.o ABSOLUTE
    ../clib/signal.c                         0x00000000   Number         0  defsig_rtmem_inner.o ABSOLUTE
    ../clib/signal.c                         0x00000000   Number         0  defsig_exit.o ABSOLUTE
    ../clib/signal.c                         0x00000000   Number         0  defsig_rtmem_formal.o ABSOLUTE
    ../clib/signal.s                         0x00000000   Number         0  defsig.o ABSOLUTE
    ../clib/stdlib.c                         0x00000000   Number         0  exit.o ABSOLUTE
    ../fplib/d2f.s                           0x00000000   Number         0  d2f.o ABSOLUTE
    ../fplib/daddsub.s                       0x00000000   Number         0  daddsub_clz.o ABSOLUTE
    ../fplib/dcheck1.s                       0x00000000   Number         0  dcheck1.o ABSOLUTE
    ../fplib/dcmpi.s                         0x00000000   Number         0  dcmpi.o ABSOLUTE
    ../fplib/ddiv.s                          0x00000000   Number         0  ddiv.o ABSOLUTE
    ../fplib/dflt.s                          0x00000000   Number         0  dflt_clz.o ABSOLUTE
    ../fplib/dleqf.s                         0x00000000   Number         0  dleqf.o ABSOLUTE
    ../fplib/dmul.s                          0x00000000   Number         0  dmul.o ABSOLUTE
    ../fplib/dnaninf.s                       0x00000000   Number         0  dnaninf.o ABSOLUTE
    ../fplib/dretinf.s                       0x00000000   Number         0  dretinf.o ABSOLUTE
    ../fplib/drleqf.s                        0x00000000   Number         0  drleqf.o ABSOLUTE
    ../fplib/dsqrt.s                         0x00000000   Number         0  dsqrt_noumaal.o ABSOLUTE
    ../fplib/f2d.s                           0x00000000   Number         0  f2d.o ABSOLUTE
    ../fplib/faddsub.s                       0x00000000   Number         0  faddsub_clz.o ABSOLUTE
    ../fplib/fcmpi.s                         0x00000000   Number         0  fcmpi.o ABSOLUTE
    ../fplib/fdiv.s                          0x00000000   Number         0  fdiv.o ABSOLUTE
    ../fplib/ffixu.s                         0x00000000   Number         0  ffixu.o ABSOLUTE
    ../fplib/fflt.s                          0x00000000   Number         0  fflt_clz.o ABSOLUTE
    ../fplib/fleqf.s                         0x00000000   Number         0  fleqf.o ABSOLUTE
    ../fplib/fmul.s                          0x00000000   Number         0  fmul.o ABSOLUTE
    ../fplib/fnaninf.s                       0x00000000   Number         0  fnaninf.o ABSOLUTE
    ../fplib/fpinit.s                        0x00000000   Number         0  fpinit.o ABSOLUTE
    ../fplib/fretinf.s                       0x00000000   Number         0  fretinf.o ABSOLUTE
    ../fplib/frleqf.s                        0x00000000   Number         0  frleqf.o ABSOLUTE
    ../fplib/retnan.s                        0x00000000   Number         0  retnan.o ABSOLUTE
    ../fplib/scalbn.s                        0x00000000   Number         0  scalbn.o ABSOLUTE
    ../fplib/trapv.s                         0x00000000   Number         0  trapv.o ABSOLUTE
    ../fplib/usenofp.s                       0x00000000   Number         0  usenofp.o ABSOLUTE
    ../mathlib/dunder.c                      0x00000000   Number         0  dunder.o ABSOLUTE
    ../mathlib/fpclassify.c                  0x00000000   Number         0  fpclassify.o ABSOLUTE
    ../mathlib/poly.c                        0x00000000   Number         0  poly.o ABSOLUTE
    ../mathlib/pow.c                         0x00000000   Number         0  pow.o ABSOLUTE
    ../mathlib/pow.c                         0x00000000   Number         0  pow_x.o ABSOLUTE
    ../mathlib/qnan.c                        0x00000000   Number         0  qnan.o ABSOLUTE
    ../mathlib/sqrt.c                        0x00000000   Number         0  sqrt.o ABSOLUTE
    ../mathlib/sqrt.c                        0x00000000   Number         0  sqrt_x.o ABSOLUTE
    IIC.c                                    0x00000000   Number         0  iic.o ABSOLUTE
    MLX90640.c                               0x00000000   Number         0  mlx90640.o ABSOLUTE
    MLX90640_ExFun.c                         0x00000000   Number         0  mlx90640_exfun.o ABSOLUTE
    cpu.c                                    0x00000000   Number         0  cpu.o ABSOLUTE
    dc.s                                     0x00000000   Number         0  dc.o ABSOLUTE
    main.c                                   0x00000000   Number         0  main.o ABSOLUTE
    startup_stm32f10x_xl.s                   0x00000000   Number         0  startup_stm32f10x_xl.o ABSOLUTE
    RESET                                    0x08000000   Section      304  startup_stm32f10x_xl.o(RESET)
    !!!main                                  0x08000130   Section        8  __main.o(!!!main)
    !!!scatter                               0x08000138   Section       52  __scatter.o(!!!scatter)
    !!handler_zi                             0x0800016c   Section       28  __scatter_zi.o(!!handler_zi)
    .ARM.Collect$$libinit$$00000000          0x08000188   Section        2  libinit.o(.ARM.Collect$$libinit$$00000000)
    .ARM.Collect$$libinit$$00000002          0x0800018a   Section        0  libinit2.o(.ARM.Collect$$libinit$$00000002)
    .ARM.Collect$$libinit$$00000008          0x0800018a   Section        0  libinit2.o(.ARM.Collect$$libinit$$00000008)
    .ARM.Collect$$libinit$$0000000A          0x0800018a   Section        0  libinit2.o(.ARM.Collect$$libinit$$0000000A)
    .ARM.Collect$$libinit$$0000000C          0x0800018a   Section        0  libinit2.o(.ARM.Collect$$libinit$$0000000C)
    .ARM.Collect$$libinit$$0000000F          0x0800018a   Section        0  libinit2.o(.ARM.Collect$$libinit$$0000000F)
    .ARM.Collect$$libinit$$00000011          0x0800018a   Section        0  libinit2.o(.ARM.Collect$$libinit$$00000011)
    .ARM.Collect$$libinit$$00000013          0x0800018a   Section        0  libinit2.o(.ARM.Collect$$libinit$$00000013)
    .ARM.Collect$$libinit$$00000015          0x0800018a   Section        0  libinit2.o(.ARM.Collect$$libinit$$00000015)
    .ARM.Collect$$libinit$$00000017          0x0800018a   Section        0  libinit2.o(.ARM.Collect$$libinit$$00000017)
    .ARM.Collect$$libinit$$00000019          0x0800018a   Section        0  libinit2.o(.ARM.Collect$$libinit$$00000019)
    .ARM.Collect$$libinit$$0000001B          0x0800018a   Section        0  libinit2.o(.ARM.Collect$$libinit$$0000001B)
    .ARM.Collect$$libinit$$0000001D          0x0800018a   Section        0  libinit2.o(.ARM.Collect$$libinit$$0000001D)
    .ARM.Collect$$libinit$$0000001F          0x0800018a   Section        0  libinit2.o(.ARM.Collect$$libinit$$0000001F)
    .ARM.Collect$$libinit$$00000021          0x0800018a   Section        0  libinit2.o(.ARM.Collect$$libinit$$00000021)
    .ARM.Collect$$libinit$$00000023          0x0800018a   Section        0  libinit2.o(.ARM.Collect$$libinit$$00000023)
    .ARM.Collect$$libinit$$0000002A          0x0800018a   Section        0  libinit2.o(.ARM.Collect$$libinit$$0000002A)
    .ARM.Collect$$libinit$$0000002C          0x0800018a   Section        0  libinit2.o(.ARM.Collect$$libinit$$0000002C)
    .ARM.Collect$$libinit$$0000002E          0x0800018a   Section        0  libinit2.o(.ARM.Collect$$libinit$$0000002E)
    .ARM.Collect$$libinit$$00000030          0x0800018a   Section        0  libinit2.o(.ARM.Collect$$libinit$$00000030)
    .ARM.Collect$$libinit$$00000031          0x0800018a   Section        2  libinit2.o(.ARM.Collect$$libinit$$00000031)
    .ARM.Collect$$libshutdown$$00000000      0x0800018c   Section        2  libshutdown.o(.ARM.Collect$$libshutdown$$00000000)
    .ARM.Collect$$libshutdown$$00000003      0x0800018e   Section        0  libshutdown2.o(.ARM.Collect$$libshutdown$$00000003)
    .ARM.Collect$$libshutdown$$00000006      0x0800018e   Section        0  libshutdown2.o(.ARM.Collect$$libshutdown$$00000006)
    .ARM.Collect$$libshutdown$$00000009      0x0800018e   Section        0  libshutdown2.o(.ARM.Collect$$libshutdown$$00000009)
    .ARM.Collect$$libshutdown$$0000000B      0x0800018e   Section        0  libshutdown2.o(.ARM.Collect$$libshutdown$$0000000B)
    .ARM.Collect$$libshutdown$$0000000E      0x0800018e   Section        0  libshutdown2.o(.ARM.Collect$$libshutdown$$0000000E)
    .ARM.Collect$$libshutdown$$0000000F      0x0800018e   Section        2  libshutdown2.o(.ARM.Collect$$libshutdown$$0000000F)
    .ARM.Collect$$rtentry$$00000000          0x08000190   Section        0  rtentry.o(.ARM.Collect$$rtentry$$00000000)
    .ARM.Collect$$rtentry$$00000002          0x08000190   Section        0  rtentry2.o(.ARM.Collect$$rtentry$$00000002)
    .ARM.Collect$$rtentry$$00000004          0x08000190   Section        6  rtentry4.o(.ARM.Collect$$rtentry$$00000004)
    .ARM.Collect$$rtentry$$00000009          0x08000196   Section        0  rtentry2.o(.ARM.Collect$$rtentry$$00000009)
    .ARM.Collect$$rtentry$$0000000A          0x08000196   Section        4  rtentry2.o(.ARM.Collect$$rtentry$$0000000A)
    .ARM.Collect$$rtentry$$0000000C          0x0800019a   Section        0  rtentry2.o(.ARM.Collect$$rtentry$$0000000C)
    .ARM.Collect$$rtentry$$0000000D          0x0800019a   Section        8  rtentry2.o(.ARM.Collect$$rtentry$$0000000D)
    .ARM.Collect$$rtexit$$00000000           0x080001a2   Section        2  rtexit.o(.ARM.Collect$$rtexit$$00000000)
    .ARM.Collect$$rtexit$$00000002           0x080001a4   Section        0  rtexit2.o(.ARM.Collect$$rtexit$$00000002)
    .ARM.Collect$$rtexit$$00000003           0x080001a4   Section        4  rtexit2.o(.ARM.Collect$$rtexit$$00000003)
    .ARM.Collect$$rtexit$$00000004           0x080001a8   Section        6  rtexit2.o(.ARM.Collect$$rtexit$$00000004)
    .text                                    0x080001b0   Section       64  startup_stm32f10x_xl.o(.text)
    .text                                    0x080001f0   Section        0  main.o(.text)
    .text                                    0x08000454   Section        0  cpu.o(.text)
    .text                                    0x08000456   Section        0  iic.o(.text)
    .text                                    0x08000468   Section        0  mlx90640.o(.text)
    .text                                    0x08002948   Section        0  mlx90640_exfun.o(.text)
    .text                                    0x08003488   Section        0  heapauxi.o(.text)
    .text                                    0x0800348e   Section        0  _rserrno.o(.text)
    .text                                    0x080034a4   Section        8  rt_errno_addr_intlibspace.o(.text)
    .text                                    0x080034ac   Section        8  libspace.o(.text)
    .text                                    0x080034b4   Section       74  sys_stackheap_outer.o(.text)
    .text                                    0x080034fe   Section        0  exit.o(.text)
    .text                                    0x0800350c   Section        0  sys_exit.o(.text)
    .text                                    0x08003518   Section        2  use_no_semi.o(.text)
    .text                                    0x0800351a   Section        0  indicate_semi.o(.text)
    i.__ARM_fpclassify                       0x0800351a   Section        0  fpclassify.o(i.__ARM_fpclassify)
    i.__kernel_poly                          0x08003542   Section        0  poly.o(i.__kernel_poly)
    i.__mathlib_dbl_underflow                0x080035ec   Section        0  dunder.o(i.__mathlib_dbl_underflow)
    i.pow                                    0x080035fc   Section        0  pow.o(i.pow)
    i.sqrt                                   0x08003fdc   Section        0  sqrt.o(i.sqrt)
    x$fpl$d2f                                0x0800402c   Section       98  d2f.o(x$fpl$d2f)
    x$fpl$dadd                               0x08004090   Section      336  daddsub_clz.o(x$fpl$dadd)
    _dadd1                                   0x080040a1   Thumb Code     0  daddsub_clz.o(x$fpl$dadd)
    x$fpl$dcheck1                            0x080041e0   Section       16  dcheck1.o(x$fpl$dcheck1)
    x$fpl$dcmpinf                            0x080041f0   Section       24  dcmpi.o(x$fpl$dcmpinf)
    x$fpl$ddiv                               0x08004208   Section      688  ddiv.o(x$fpl$ddiv)
    ddiv_entry                               0x0800420f   Thumb Code     0  ddiv.o(x$fpl$ddiv)
    x$fpl$dflt                               0x080044b8   Section       46  dflt_clz.o(x$fpl$dflt)
    x$fpl$dfltu                              0x080044e6   Section       38  dflt_clz.o(x$fpl$dfltu)
    x$fpl$dleqf                              0x0800450c   Section      120  dleqf.o(x$fpl$dleqf)
    x$fpl$dmul                               0x08004584   Section      340  dmul.o(x$fpl$dmul)
    x$fpl$dnaninf                            0x080046d8   Section      156  dnaninf.o(x$fpl$dnaninf)
    x$fpl$dretinf                            0x08004774   Section       12  dretinf.o(x$fpl$dretinf)
    x$fpl$drleqf                             0x08004780   Section      108  drleqf.o(x$fpl$drleqf)
    x$fpl$drsb                               0x080047ec   Section       22  daddsub_clz.o(x$fpl$drsb)
    x$fpl$dsqrt                              0x08004804   Section      460  dsqrt_noumaal.o(x$fpl$dsqrt)
    x$fpl$dsub                               0x080049d0   Section      468  daddsub_clz.o(x$fpl$dsub)
    _dsub1                                   0x080049e1   Thumb Code     0  daddsub_clz.o(x$fpl$dsub)
    x$fpl$f2d                                0x08004ba4   Section       86  f2d.o(x$fpl$f2d)
    x$fpl$fadd                               0x08004bfc   Section      196  faddsub_clz.o(x$fpl$fadd)
    _fadd1                                   0x08004c0b   Thumb Code     0  faddsub_clz.o(x$fpl$fadd)
    x$fpl$fcmpinf                            0x08004cc0   Section       24  fcmpi.o(x$fpl$fcmpinf)
    x$fpl$fdiv                               0x08004cd8   Section      388  fdiv.o(x$fpl$fdiv)
    _fdiv1                                   0x08004cd9   Thumb Code     0  fdiv.o(x$fpl$fdiv)
    x$fpl$ffixu                              0x08004e5c   Section       62  ffixu.o(x$fpl$ffixu)
    x$fpl$fflt                               0x08004e9c   Section       48  fflt_clz.o(x$fpl$fflt)
    x$fpl$ffltu                              0x08004ecc   Section       38  fflt_clz.o(x$fpl$ffltu)
    x$fpl$fleqf                              0x08004ef4   Section      104  fleqf.o(x$fpl$fleqf)
    x$fpl$fmul                               0x08004f5c   Section      258  fmul.o(x$fpl$fmul)
    x$fpl$fnaninf                            0x0800505e   Section      140  fnaninf.o(x$fpl$fnaninf)
    x$fpl$fretinf                            0x080050ea   Section       10  fretinf.o(x$fpl$fretinf)
    x$fpl$frleqf                             0x080050f4   Section       98  frleqf.o(x$fpl$frleqf)
    x$fpl$frsb                               0x08005156   Section       20  faddsub_clz.o(x$fpl$frsb)
    x$fpl$fsub                               0x0800516c   Section      234  faddsub_clz.o(x$fpl$fsub)
    _fsub1                                   0x0800517b   Thumb Code     0  faddsub_clz.o(x$fpl$fsub)
    x$fpl$retnan                             0x08005256   Section      100  retnan.o(x$fpl$retnan)
    x$fpl$scalbn                             0x080052ba   Section       92  scalbn.o(x$fpl$scalbn)
    x$fpl$trapveneer                         0x08005316   Section       48  trapv.o(x$fpl$trapveneer)
    x$fpl$usenofp                            0x08005346   Section        0  usenofp.o(x$fpl$usenofp)
    .constdata                               0x08005348   Section      136  pow.o(.constdata)
    bp                                       0x08005348   Data          16  pow.o(.constdata)
    dp_h                                     0x08005358   Data          16  pow.o(.constdata)
    dp_l                                     0x08005368   Data          16  pow.o(.constdata)
    L                                        0x08005378   Data          48  pow.o(.constdata)
    P                                        0x080053a8   Data          40  pow.o(.constdata)
    .constdata                               0x080053d0   Section        8  qnan.o(.constdata)
    .bss                                     0x20000000   Section       96  libspace.o(.bss)
    HEAP                                     0x20000060   Section      512  startup_stm32f10x_xl.o(HEAP)
    Heap_Mem                                 0x20000060   Data         512  startup_stm32f10x_xl.o(HEAP)
    STACK                                    0x20000260   Section     1024  startup_stm32f10x_xl.o(STACK)
    Stack_Mem                                0x20000260   Data        1024  startup_stm32f10x_xl.o(STACK)
    __initial_sp                             0x20000660   Data           0  startup_stm32f10x_xl.o(STACK)

    Global Symbols

    Symbol Name                              Value     Ov Type        Size  Object(Section)

    BuildAttributes$$THM_ISAv4$P$D$K$B$S$PE$A:L22UL41UL21$X:L11$S22US41US21$IEEE1$IW$USESV6$~STKCKD$USESV7$~SHL$OTIME$ROPI$IEEEX$EBA8$UX$STANDARDLIB$REQ8$PRES8$EABIv2 0x00000000   Number         0  anon$$obj.o ABSOLUTE
    __ARM_use_no_argv                        0x00000000   Number         0  main.o ABSOLUTE
    __ARM_exceptions_init                     - Undefined Weak Reference
    __alloca_initialize                       - Undefined Weak Reference
    __cpp_initialize__aeabi_                  - Undefined Weak Reference
    __cxa_finalize                            - Undefined Weak Reference
    __rt_locale                               - Undefined Weak Reference
    __sigvec_lookup                           - Undefined Weak Reference
    _atexit_init                              - Undefined Weak Reference
    _call_atexit_fns                          - Undefined Weak Reference
    _clock_init                               - Undefined Weak Reference
    _fp_trap_init                             - Undefined Weak Reference
    _fp_trap_shutdown                         - Undefined Weak Reference
    _get_lc_collate                           - Undefined Weak Reference
    _get_lc_ctype                             - Undefined Weak Reference
    _get_lc_monetary                          - Undefined Weak Reference
    _get_lc_numeric                           - Undefined Weak Reference
    _get_lc_time                              - Undefined Weak Reference
    _getenv_init                              - Undefined Weak Reference
    _handle_redirection                       - Undefined Weak Reference
    _init_alloc                               - Undefined Weak Reference
    _init_user_alloc                          - Undefined Weak Reference
    _initio                                   - Undefined Weak Reference
    _rand_init                                - Undefined Weak Reference
    _signal_finish                            - Undefined Weak Reference
    _signal_init                              - Undefined Weak Reference
    _terminate_alloc                          - Undefined Weak Reference
    _terminate_user_alloc                     - Undefined Weak Reference
    _terminateio                              - Undefined Weak Reference
    __Vectors_Size                           0x00000130   Number         0  startup_stm32f10x_xl.o ABSOLUTE
    __Vectors                                0x08000000   Data           4  startup_stm32f10x_xl.o(RESET)
    __Vectors_End                            0x08000130   Data           0  startup_stm32f10x_xl.o(RESET)
    __main                                   0x08000131   Thumb Code     8  __main.o(!!!main)
    __scatterload                            0x08000139   Thumb Code     0  __scatter.o(!!!scatter)
    __scatterload_rt2                        0x08000139   Thumb Code    44  __scatter.o(!!!scatter)
    __scatterload_rt2_thumb_only             0x08000139   Thumb Code     0  __scatter.o(!!!scatter)
    __scatterload_null                       0x08000147   Thumb Code     0  __scatter.o(!!!scatter)
    __scatterload_zeroinit                   0x0800016d   Thumb Code    28  __scatter_zi.o(!!handler_zi)
    __rt_lib_init                            0x08000189   Thumb Code     0  libinit.o(.ARM.Collect$$libinit$$00000000)
    __rt_lib_init_alloca_1                   0x0800018b   Thumb Code     0  libinit2.o(.ARM.Collect$$libinit$$0000002C)
    __rt_lib_init_argv_1                     0x0800018b   Thumb Code     0  libinit2.o(.ARM.Collect$$libinit$$0000002A)
    __rt_lib_init_atexit_1                   0x0800018b   Thumb Code     0  libinit2.o(.ARM.Collect$$libinit$$00000019)
    __rt_lib_init_clock_1                    0x0800018b   Thumb Code     0  libinit2.o(.ARM.Collect$$libinit$$0000001F)
    __rt_lib_init_cpp_1                      0x0800018b   Thumb Code     0  libinit2.o(.ARM.Collect$$libinit$$00000030)
    __rt_lib_init_exceptions_1               0x0800018b   Thumb Code     0  libinit2.o(.ARM.Collect$$libinit$$0000002E)
    __rt_lib_init_fp_1                       0x0800018b   Thumb Code     0  libinit2.o(.ARM.Collect$$libinit$$00000002)
    __rt_lib_init_fp_trap_1                  0x0800018b   Thumb Code     0  libinit2.o(.ARM.Collect$$libinit$$0000001D)
    __rt_lib_init_getenv_1                   0x0800018b   Thumb Code     0  libinit2.o(.ARM.Collect$$libinit$$00000021)
    __rt_lib_init_heap_1                     0x0800018b   Thumb Code     0  libinit2.o(.ARM.Collect$$libinit$$00000008)
    __rt_lib_init_lc_collate_1               0x0800018b   Thumb Code     0  libinit2.o(.ARM.Collect$$libinit$$0000000F)
    __rt_lib_init_lc_ctype_1                 0x0800018b   Thumb Code     0  libinit2.o(.ARM.Collect$$libinit$$00000011)
    __rt_lib_init_lc_monetary_1              0x0800018b   Thumb Code     0  libinit2.o(.ARM.Collect$$libinit$$00000013)
    __rt_lib_init_lc_numeric_1               0x0800018b   Thumb Code     0  libinit2.o(.ARM.Collect$$libinit$$00000015)
    __rt_lib_init_lc_time_1                  0x0800018b   Thumb Code     0  libinit2.o(.ARM.Collect$$libinit$$00000017)
    __rt_lib_init_rand_1                     0x0800018b   Thumb Code     0  libinit2.o(.ARM.Collect$$libinit$$0000000C)
    __rt_lib_init_return                     0x0800018b   Thumb Code     0  libinit2.o(.ARM.Collect$$libinit$$00000031)
    __rt_lib_init_signal_1                   0x0800018b   Thumb Code     0  libinit2.o(.ARM.Collect$$libinit$$0000001B)
    __rt_lib_init_stdio_1                    0x0800018b   Thumb Code     0  libinit2.o(.ARM.Collect$$libinit$$00000023)
    __rt_lib_init_user_alloc_1               0x0800018b   Thumb Code     0  libinit2.o(.ARM.Collect$$libinit$$0000000A)
    __rt_lib_shutdown                        0x0800018d   Thumb Code     0  libshutdown.o(.ARM.Collect$$libshutdown$$00000000)
    __rt_lib_shutdown_fp_trap_1              0x0800018f   Thumb Code     0  libshutdown2.o(.ARM.Collect$$libshutdown$$00000006)
    __rt_lib_shutdown_heap_1                 0x0800018f   Thumb Code     0  libshutdown2.o(.ARM.Collect$$libshutdown$$0000000E)
    __rt_lib_shutdown_return                 0x0800018f   Thumb Code     0  libshutdown2.o(.ARM.Collect$$libshutdown$$0000000F)
    __rt_lib_shutdown_signal_1               0x0800018f   Thumb Code     0  libshutdown2.o(.ARM.Collect$$libshutdown$$00000009)
    __rt_lib_shutdown_stdio_1                0x0800018f   Thumb Code     0  libshutdown2.o(.ARM.Collect$$libshutdown$$00000003)
    __rt_lib_shutdown_user_alloc_1           0x0800018f   Thumb Code     0  libshutdown2.o(.ARM.Collect$$libshutdown$$0000000B)
    __rt_entry                               0x08000191   Thumb Code     0  rtentry.o(.ARM.Collect$$rtentry$$00000000)
    __rt_entry_presh_1                       0x08000191   Thumb Code     0  rtentry2.o(.ARM.Collect$$rtentry$$00000002)
    __rt_entry_sh                            0x08000191   Thumb Code     0  rtentry4.o(.ARM.Collect$$rtentry$$00000004)
    __rt_entry_li                            0x08000197   Thumb Code     0  rtentry2.o(.ARM.Collect$$rtentry$$0000000A)
    __rt_entry_postsh_1                      0x08000197   Thumb Code     0  rtentry2.o(.ARM.Collect$$rtentry$$00000009)
    __rt_entry_main                          0x0800019b   Thumb Code     0  rtentry2.o(.ARM.Collect$$rtentry$$0000000D)
    __rt_entry_postli_1                      0x0800019b   Thumb Code     0  rtentry2.o(.ARM.Collect$$rtentry$$0000000C)
    __rt_exit                                0x080001a3   Thumb Code     0  rtexit.o(.ARM.Collect$$rtexit$$00000000)
    __rt_exit_ls                             0x080001a5   Thumb Code     0  rtexit2.o(.ARM.Collect$$rtexit$$00000003)
    __rt_exit_prels_1                        0x080001a5   Thumb Code     0  rtexit2.o(.ARM.Collect$$rtexit$$00000002)
    __rt_exit_exit                           0x080001a9   Thumb Code     0  rtexit2.o(.ARM.Collect$$rtexit$$00000004)
    Reset_Handler                            0x080001b1   Thumb Code     8  startup_stm32f10x_xl.o(.text)
    NMI_Handler                              0x080001b9   Thumb Code     2  startup_stm32f10x_xl.o(.text)
    HardFault_Handler                        0x080001bb   Thumb Code     2  startup_stm32f10x_xl.o(.text)
    MemManage_Handler                        0x080001bd   Thumb Code     2  startup_stm32f10x_xl.o(.text)
    BusFault_Handler                         0x080001bf   Thumb Code     2  startup_stm32f10x_xl.o(.text)
    UsageFault_Handler                       0x080001c1   Thumb Code     2  startup_stm32f10x_xl.o(.text)
    SVC_Handler                              0x080001c3   Thumb Code     2  startup_stm32f10x_xl.o(.text)
    DebugMon_Handler                         0x080001c5   Thumb Code     2  startup_stm32f10x_xl.o(.text)
    PendSV_Handler                           0x080001c7   Thumb Code     2  startup_stm32f10x_xl.o(.text)
    SysTick_Handler                          0x080001c9   Thumb Code     2  startup_stm32f10x_xl.o(.text)
    ADC1_2_IRQHandler                        0x080001cb   Thumb Code     0  startup_stm32f10x_xl.o(.text)
    ADC3_IRQHandler                          0x080001cb   Thumb Code     0  startup_stm32f10x_xl.o(.text)
    CAN1_RX1_IRQHandler                      0x080001cb   Thumb Code     0  startup_stm32f10x_xl.o(.text)
    CAN1_SCE_IRQHandler                      0x080001cb   Thumb Code     0  startup_stm32f10x_xl.o(.text)
    DMA1_Channel1_IRQHandler                 0x080001cb   Thumb Code     0  startup_stm32f10x_xl.o(.text)
    DMA1_Channel2_IRQHandler                 0x080001cb   Thumb Code     0  startup_stm32f10x_xl.o(.text)
    DMA1_Channel3_IRQHandler                 0x080001cb   Thumb Code     0  startup_stm32f10x_xl.o(.text)
    DMA1_Channel4_IRQHandler                 0x080001cb   Thumb Code     0  startup_stm32f10x_xl.o(.text)
    DMA1_Channel5_IRQHandler                 0x080001cb   Thumb Code     0  startup_stm32f10x_xl.o(.text)
    DMA1_Channel6_IRQHandler                 0x080001cb   Thumb Code     0  startup_stm32f10x_xl.o(.text)
    DMA1_Channel7_IRQHandler                 0x080001cb   Thumb Code     0  startup_stm32f10x_xl.o(.text)
    DMA2_Channel1_IRQHandler                 0x080001cb   Thumb Code     0  startup_stm32f10x_xl.o(.text)
    DMA2_Channel2_IRQHandler                 0x080001cb   Thumb Code     0  startup_stm32f10x_xl.o(.text)
    DMA2_Channel3_IRQHandler                 0x080001cb   Thumb Code     0  startup_stm32f10x_xl.o(.text)
    DMA2_Channel4_5_IRQHandler               0x080001cb   Thumb Code     0  startup_stm32f10x_xl.o(.text)
    EXTI0_IRQHandler                         0x080001cb   Thumb Code     0  startup_stm32f10x_xl.o(.text)
    EXTI15_10_IRQHandler                     0x080001cb   Thumb Code     0  startup_stm32f10x_xl.o(.text)
    EXTI1_IRQHandler                         0x080001cb   Thumb Code     0  startup_stm32f10x_xl.o(.text)
    EXTI2_IRQHandler                         0x080001cb   Thumb Code     0  startup_stm32f10x_xl.o(.text)
    EXTI3_IRQHandler                         0x080001cb   Thumb Code     0  startup_stm32f10x_xl.o(.text)
    EXTI4_IRQHandler                         0x080001cb   Thumb Code     0  startup_stm32f10x_xl.o(.text)
    EXTI9_5_IRQHandler                       0x080001cb   Thumb Code     0  startup_stm32f10x_xl.o(.text)
    FLASH_IRQHandler                         0x080001cb   Thumb Code     0  startup_stm32f10x_xl.o(.text)
    FSMC_IRQHandler                          0x080001cb   Thumb Code     0  startup_stm32f10x_xl.o(.text)
    I2C1_ER_IRQHandler                       0x080001cb   Thumb Code     0  startup_stm32f10x_xl.o(.text)
    I2C1_EV_IRQHandler                       0x080001cb   Thumb Code     0  startup_stm32f10x_xl.o(.text)
    I2C2_ER_IRQHandler                       0x080001cb   Thumb Code     0  startup_stm32f10x_xl.o(.text)
    I2C2_EV_IRQHandler                       0x080001cb   Thumb Code     0  startup_stm32f10x_xl.o(.text)
    PVD_IRQHandler                           0x080001cb   Thumb Code     0  startup_stm32f10x_xl.o(.text)
    RCC_IRQHandler                           0x080001cb   Thumb Code     0  startup_stm32f10x_xl.o(.text)
    RTCAlarm_IRQHandler                      0x080001cb   Thumb Code     0  startup_stm32f10x_xl.o(.text)
    RTC_IRQHandler                           0x080001cb   Thumb Code     0  startup_stm32f10x_xl.o(.text)
    SDIO_IRQHandler                          0x080001cb   Thumb Code     0  startup_stm32f10x_xl.o(.text)
    SPI1_IRQHandler                          0x080001cb   Thumb Code     0  startup_stm32f10x_xl.o(.text)
    SPI2_IRQHandler                          0x080001cb   Thumb Code     0  startup_stm32f10x_xl.o(.text)
    SPI3_IRQHandler                          0x080001cb   Thumb Code     0  startup_stm32f10x_xl.o(.text)
    TAMPER_IRQHandler                        0x080001cb   Thumb Code     0  startup_stm32f10x_xl.o(.text)
    TIM1_BRK_TIM9_IRQHandler                 0x080001cb   Thumb Code     0  startup_stm32f10x_xl.o(.text)
    TIM1_CC_IRQHandler                       0x080001cb   Thumb Code     0  startup_stm32f10x_xl.o(.text)
    TIM1_TRG_COM_TIM11_IRQHandler            0x080001cb   Thumb Code     0  startup_stm32f10x_xl.o(.text)
    TIM1_UP_TIM10_IRQHandler                 0x080001cb   Thumb Code     0  startup_stm32f10x_xl.o(.text)
    TIM2_IRQHandler                          0x080001cb   Thumb Code     0  startup_stm32f10x_xl.o(.text)
    TIM3_IRQHandler                          0x080001cb   Thumb Code     0  startup_stm32f10x_xl.o(.text)
    TIM4_IRQHandler                          0x080001cb   Thumb Code     0  startup_stm32f10x_xl.o(.text)
    TIM5_IRQHandler                          0x080001cb   Thumb Code     0  startup_stm32f10x_xl.o(.text)
    TIM6_IRQHandler                          0x080001cb   Thumb Code     0  startup_stm32f10x_xl.o(.text)
    TIM7_IRQHandler                          0x080001cb   Thumb Code     0  startup_stm32f10x_xl.o(.text)
    TIM8_BRK_TIM12_IRQHandler                0x080001cb   Thumb Code     0  startup_stm32f10x_xl.o(.text)
    TIM8_CC_IRQHandler                       0x080001cb   Thumb Code     0  startup_stm32f10x_xl.o(.text)
    TIM8_TRG_COM_TIM14_IRQHandler            0x080001cb   Thumb Code     0  startup_stm32f10x_xl.o(.text)
    TIM8_UP_TIM13_IRQHandler                 0x080001cb   Thumb Code     0  startup_stm32f10x_xl.o(.text)
    UART4_IRQHandler                         0x080001cb   Thumb Code     0  startup_stm32f10x_xl.o(.text)
    UART5_IRQHandler                         0x080001cb   Thumb Code     0  startup_stm32f10x_xl.o(.text)
    USART1_IRQHandler                        0x080001cb   Thumb Code     0  startup_stm32f10x_xl.o(.text)
    USART2_IRQHandler                        0x080001cb   Thumb Code     0  startup_stm32f10x_xl.o(.text)
    USART3_IRQHandler                        0x080001cb   Thumb Code     0  startup_stm32f10x_xl.o(.text)
    USBWakeUp_IRQHandler                     0x080001cb   Thumb Code     0  startup_stm32f10x_xl.o(.text)
    USB_HP_CAN1_TX_IRQHandler                0x080001cb   Thumb Code     0  startup_stm32f10x_xl.o(.text)
    USB_LP_CAN1_RX0_IRQHandler               0x080001cb   Thumb Code     0  startup_stm32f10x_xl.o(.text)
    WWDG_IRQHandler                          0x080001cb   Thumb Code     0  startup_stm32f10x_xl.o(.text)
    __user_initial_stackheap                 0x080001cd   Thumb Code     0  startup_stm32f10x_xl.o(.text)
    GetEEPROM                                0x080001f1   Thumb Code    20  main.o(.text)
    GetRAM                                   0x08000205   Thumb Code    20  main.o(.text)
    GetStatusReg                             0x08000219   Thumb Code    18  main.o(.text)
    GetControlReg                            0x0800022b   Thumb Code    20  main.o(.text)
    SystemInit                               0x0800023f   Thumb Code     2  main.o(.text)
    main                                     0x08000241   Thumb Code   520  main.o(.text)
    Delay_ms                                 0x08000455   Thumb Code     2  cpu.o(.text)
    IIC_Init                                 0x08000457   Thumb Code     2  iic.o(.text)
    IIC_Start                                0x08000459   Thumb Code     2  iic.o(.text)
    IIC_Stop                                 0x0800045b   Thumb Code     2  iic.o(.text)
    IIC_RecvACK                              0x0800045d   Thumb Code     2  iic.o(.text)
    IIC_SendACK                              0x0800045f   Thumb Code     2  iic.o(.text)
    IIC_SendNAK                              0x08000461   Thumb Code     2  iic.o(.text)
    IIC_RecvData                             0x08000463   Thumb Code     2  iic.o(.text)
    IIC_SendData                             0x08000465   Thumb Code     2  iic.o(.text)
    MLX90640_I2CInit                         0x08000469   Thumb Code     8  mlx90640.o(.text)
    MLX90640_I2CRead                         0x08000471   Thumb Code   152  mlx90640.o(.text)
    MLX90640_I2CWrite                        0x08000509   Thumb Code    68  mlx90640.o(.text)
    MLX90640_DataReady                       0x0800054d   Thumb Code    38  mlx90640.o(.text)
    MLX90640_SetResolution                   0x08000573   Thumb Code    52  mlx90640.o(.text)
    MLX90640_GetCurResolution                0x080005a7   Thumb Code    26  mlx90640.o(.text)
    MLX90640_SetRefreshRate                  0x080005c1   Thumb Code    50  mlx90640.o(.text)
    MLX90640_GetRefreshRate                  0x080005f3   Thumb Code    26  mlx90640.o(.text)
    MLX90640_SetArrangeMode                  0x0800060d   Thumb Code    52  mlx90640.o(.text)
    MLX90640_GetArrangeMode                  0x08000641   Thumb Code    26  mlx90640.o(.text)
    CheckEEPROMValid                         0x0800065b   Thumb Code    20  mlx90640.o(.text)
    CheckAdjacentPixels                      0x0800066f   Thumb Code    60  mlx90640.o(.text)
    ExtractVDDParameters                     0x080006ab   Thumb Code    52  mlx90640.o(.text)
    ExtractPTATParameters                    0x080006df   Thumb Code   194  mlx90640.o(.text)
    ExtractGainParameters                    0x080007a1   Thumb Code    20  mlx90640.o(.text)
    ExtractTgcParameters                     0x080007b5   Thumb Code    54  mlx90640.o(.text)
    ExtractResolutionParameters              0x080007eb   Thumb Code    14  mlx90640.o(.text)
    ExtractKsTaParameters                    0x080007f9   Thumb Code    56  mlx90640.o(.text)
    ExtractKsToParameters                    0x08000831   Thumb Code   244  mlx90640.o(.text)
    ExtractAlphaParameters                   0x08000925   Thumb Code   576  mlx90640.o(.text)
    ExtractOffsetParameters                  0x08000b65   Thumb Code   480  mlx90640.o(.text)
    ExtractKtaPixelParameters                0x08000d45   Thumb Code   416  mlx90640.o(.text)
    ExtractKvPixelParameters                 0x08000ee5   Thumb Code   280  mlx90640.o(.text)
    ExtractCPParameters                      0x08000ffd   Thumb Code   486  mlx90640.o(.text)
    ExtractCILCParameters                    0x080011e3   Thumb Code   208  mlx90640.o(.text)
    ExtractDeviatingPixels                   0x080012b3   Thumb Code   368  mlx90640.o(.text)
    MLX90640_ExtractParameters               0x08001423   Thumb Code   136  mlx90640.o(.text)
    MLX90640_GetVdd                          0x080014ab   Thumb Code   206  mlx90640.o(.text)
    MLX90640_GetTa                           0x08001579   Thumb Code   310  mlx90640.o(.text)
    MLX90640_CalculateTo                     0x080016af   Thumb Code  2282  mlx90640.o(.text)
    MLX90640_GetImage                        0x08001f99   Thumb Code  1468  mlx90640.o(.text)
    GetMedian                                0x08002555   Thumb Code   128  mlx90640.o(.text)
    IsPixelBad                               0x080025d5   Thumb Code    50  mlx90640.o(.text)
    MLX90640_BadPixelsCorrection             0x08002607   Thumb Code   832  mlx90640.o(.text)
    CalcPolyCoe                              0x08002949   Thumb Code  1716  mlx90640_exfun.o(.text)
    PolynomialInterpolationArr               0x08002ffd   Thumb Code   536  mlx90640_exfun.o(.text)
    PolynomialInterpolation_Matrix           0x08003215   Thumb Code   204  mlx90640_exfun.o(.text)
    TemperatureToGray                        0x080032e1   Thumb Code   132  mlx90640_exfun.o(.text)
    GrayToRGB                                0x08003365   Thumb Code   240  mlx90640_exfun.o(.text)
    TemperatureToRGB                         0x08003455   Thumb Code    36  mlx90640_exfun.o(.text)
    __use_two_region_memory                  0x08003489   Thumb Code     2  heapauxi.o(.text)
    __rt_heap_escrow$2region                 0x0800348b   Thumb Code     2  heapauxi.o(.text)
    __rt_heap_expand$2region                 0x0800348d   Thumb Code     2  heapauxi.o(.text)
    __read_errno                             0x0800348f   Thumb Code    10  _rserrno.o(.text)
    __set_errno                              0x08003499   Thumb Code    12  _rserrno.o(.text)
    __aeabi_errno_addr                       0x080034a5   Thumb Code     8  rt_errno_addr_intlibspace.o(.text)
    __errno$intlibspace                      0x080034a5   Thumb Code     0  rt_errno_addr_intlibspace.o(.text)
    __rt_errno_addr$intlibspace              0x080034a5   Thumb Code     0  rt_errno_addr_intlibspace.o(.text)
    __user_libspace                          0x080034ad   Thumb Code     8  libspace.o(.text)
    __user_perproc_libspace                  0x080034ad   Thumb Code     0  libspace.o(.text)
    __user_perthread_libspace                0x080034ad   Thumb Code     0  libspace.o(.text)
    __user_setup_stackheap                   0x080034b5   Thumb Code    74  sys_stackheap_outer.o(.text)
    exit                                     0x080034ff   Thumb Code    12  exit.o(.text)
    _sys_exit                                0x0800350d   Thumb Code     8  sys_exit.o(.text)
    __I$use$semihosting                      0x08003519   Thumb Code     0  use_no_semi.o(.text)
    __use_no_semihosting_swi                 0x08003519   Thumb Code     2  use_no_semi.o(.text)
    __ARM_fpclassify                         0x0800351b   Thumb Code    40  fpclassify.o(i.__ARM_fpclassify)
    __semihosting_library_function           0x0800351b   Thumb Code     0  indicate_semi.o(.text)
    __kernel_poly                            0x08003543   Thumb Code   170  poly.o(i.__kernel_poly)
    __mathlib_dbl_underflow                  0x080035ed   Thumb Code    10  dunder.o(i.__mathlib_dbl_underflow)
    pow                                      0x080035fd   Thumb Code  2510  pow.o(i.pow)
    sqrt                                     0x08003fdd   Thumb Code    78  sqrt.o(i.sqrt)
    __aeabi_d2f                              0x0800402d   Thumb Code     0  d2f.o(x$fpl$d2f)
    _d2f                                     0x0800402d   Thumb Code    98  d2f.o(x$fpl$d2f)
    __aeabi_dadd                             0x08004091   Thumb Code     0  daddsub_clz.o(x$fpl$dadd)
    _dadd                                    0x08004091   Thumb Code   332  daddsub_clz.o(x$fpl$dadd)
    __fpl_dcheck_NaN1                        0x080041e1   Thumb Code    10  dcheck1.o(x$fpl$dcheck1)
    __fpl_dcmp_Inf                           0x080041f1   Thumb Code    24  dcmpi.o(x$fpl$dcmpinf)
    __aeabi_ddiv                             0x08004209   Thumb Code     0  ddiv.o(x$fpl$ddiv)
    _ddiv                                    0x08004209   Thumb Code   552  ddiv.o(x$fpl$ddiv)
    __aeabi_i2d                              0x080044b9   Thumb Code     0  dflt_clz.o(x$fpl$dflt)
    _dflt                                    0x080044b9   Thumb Code    46  dflt_clz.o(x$fpl$dflt)
    __aeabi_ui2d                             0x080044e7   Thumb Code     0  dflt_clz.o(x$fpl$dfltu)
    _dfltu                                   0x080044e7   Thumb Code    38  dflt_clz.o(x$fpl$dfltu)
    __aeabi_cdcmple                          0x0800450d   Thumb Code     0  dleqf.o(x$fpl$dleqf)
    _dcmple                                  0x0800450d   Thumb Code   120  dleqf.o(x$fpl$dleqf)
    __fpl_dcmple_InfNaN                      0x0800456f   Thumb Code     0  dleqf.o(x$fpl$dleqf)
    __aeabi_dmul                             0x08004585   Thumb Code     0  dmul.o(x$fpl$dmul)
    _dmul                                    0x08004585   Thumb Code   332  dmul.o(x$fpl$dmul)
    __fpl_dnaninf                            0x080046d9   Thumb Code   156  dnaninf.o(x$fpl$dnaninf)
    __fpl_dretinf                            0x08004775   Thumb Code    12  dretinf.o(x$fpl$dretinf)
    __aeabi_cdrcmple                         0x08004781   Thumb Code     0  drleqf.o(x$fpl$drleqf)
    _drcmple                                 0x08004781   Thumb Code   108  drleqf.o(x$fpl$drleqf)
    __aeabi_drsub                            0x080047ed   Thumb Code     0  daddsub_clz.o(x$fpl$drsb)
    _drsb                                    0x080047ed   Thumb Code    22  daddsub_clz.o(x$fpl$drsb)
    _dsqrt                                   0x08004805   Thumb Code   456  dsqrt_noumaal.o(x$fpl$dsqrt)
    __aeabi_dsub                             0x080049d1   Thumb Code     0  daddsub_clz.o(x$fpl$dsub)
    _dsub                                    0x080049d1   Thumb Code   464  daddsub_clz.o(x$fpl$dsub)
    __aeabi_f2d                              0x08004ba5   Thumb Code     0  f2d.o(x$fpl$f2d)
    _f2d                                     0x08004ba5   Thumb Code    86  f2d.o(x$fpl$f2d)
    __aeabi_fadd                             0x08004bfd   Thumb Code     0  faddsub_clz.o(x$fpl$fadd)
    _fadd                                    0x08004bfd   Thumb Code   196  faddsub_clz.o(x$fpl$fadd)
    __fpl_fcmp_Inf                           0x08004cc1   Thumb Code    24  fcmpi.o(x$fpl$fcmpinf)
    __aeabi_fdiv                             0x08004cd9   Thumb Code     0  fdiv.o(x$fpl$fdiv)
    _fdiv                                    0x08004cd9   Thumb Code   384  fdiv.o(x$fpl$fdiv)
    __aeabi_f2uiz                            0x08004e5d   Thumb Code     0  ffixu.o(x$fpl$ffixu)
    _ffixu                                   0x08004e5d   Thumb Code    62  ffixu.o(x$fpl$ffixu)
    __aeabi_i2f                              0x08004e9d   Thumb Code     0  fflt_clz.o(x$fpl$fflt)
    _fflt                                    0x08004e9d   Thumb Code    48  fflt_clz.o(x$fpl$fflt)
    __aeabi_ui2f                             0x08004ecd   Thumb Code     0  fflt_clz.o(x$fpl$ffltu)
    _ffltu                                   0x08004ecd   Thumb Code    38  fflt_clz.o(x$fpl$ffltu)
    __aeabi_cfcmple                          0x08004ef5   Thumb Code     0  fleqf.o(x$fpl$fleqf)
    _fcmple                                  0x08004ef5   Thumb Code   104  fleqf.o(x$fpl$fleqf)
    __fpl_fcmple_InfNaN                      0x08004f47   Thumb Code     0  fleqf.o(x$fpl$fleqf)
    __aeabi_fmul                             0x08004f5d   Thumb Code     0  fmul.o(x$fpl$fmul)
    _fmul                                    0x08004f5d   Thumb Code   258  fmul.o(x$fpl$fmul)
    __fpl_fnaninf                            0x0800505f   Thumb Code   140  fnaninf.o(x$fpl$fnaninf)
    __fpl_fretinf                            0x080050eb   Thumb Code    10  fretinf.o(x$fpl$fretinf)
    __aeabi_cfrcmple                         0x080050f5   Thumb Code     0  frleqf.o(x$fpl$frleqf)
    _frcmple                                 0x080050f5   Thumb Code    98  frleqf.o(x$fpl$frleqf)
    __aeabi_frsub                            0x08005157   Thumb Code     0  faddsub_clz.o(x$fpl$frsb)
    _frsb                                    0x08005157   Thumb Code    20  faddsub_clz.o(x$fpl$frsb)
    __aeabi_fsub                             0x0800516d   Thumb Code     0  faddsub_clz.o(x$fpl$fsub)
    _fsub                                    0x0800516d   Thumb Code   234  faddsub_clz.o(x$fpl$fsub)
    __fpl_return_NaN                         0x08005257   Thumb Code   100  retnan.o(x$fpl$retnan)
    __ARM_scalbn                             0x080052bb   Thumb Code    92  scalbn.o(x$fpl$scalbn)
    __fpl_cmpreturn                          0x08005317   Thumb Code    48  trapv.o(x$fpl$trapveneer)
    __I$use$fp                               0x08005346   Number         0  usenofp.o(x$fpl$usenofp)
    __mathlib_zero                           0x080053d0   Data           8  qnan.o(.constdata)
    Region$$Table$$Base                      0x080053d8   Number         0  anon$$obj.o(Region$$Table)
    Region$$Table$$Limit                     0x080053e8   Number         0  anon$$obj.o(Region$$Table)
    __libspace_start                         0x20000000   Data          96  libspace.o(.bss)
    __temporary_stack_top$libspace           0x20000060   Data           0  libspace.o(.bss)



==============================================================================

Memory Map of the image

  Image Entry point : 0x08000131

  Load Region LR_IROM1 (Base: 0x08000000, Size: 0x000053e8, Max: 0x00080000, ABSOLUTE)

    Execution Region ER_IROM1 (Base: 0x08000000, Size: 0x000053e8, Max: 0x00080000, ABSOLUTE)

    Base Addr    Size         Type   Attr      Idx    E Section Name        Object

    0x08000000   0x00000130   Data   RO            3    RESET               startup_stm32f10x_xl.o
    0x08000130   0x00000008   Code   RO           94  * !!!main             c_w.l(__main.o)
    0x08000138   0x00000034   Code   RO          355    !!!scatter          c_w.l(__scatter.o)
    0x0800016c   0x0000001c   Code   RO          357    !!handler_zi        c_w.l(__scatter_zi.o)
    0x08000188   0x00000002   Code   RO          227    .ARM.Collect$$libinit$$00000000  c_w.l(libinit.o)
    0x0800018a   0x00000000   Code   RO          233    .ARM.Collect$$libinit$$00000002  c_w.l(libinit2.o)
    0x0800018a   0x00000000   Code   RO          236    .ARM.Collect$$libinit$$00000008  c_w.l(libinit2.o)
    0x0800018a   0x00000000   Code   RO          238    .ARM.Collect$$libinit$$0000000A  c_w.l(libinit2.o)
    0x0800018a   0x00000000   Code   RO          240    .ARM.Collect$$libinit$$0000000C  c_w.l(libinit2.o)
    0x0800018a   0x00000000   Code   RO          243    .ARM.Collect$$libinit$$0000000F  c_w.l(libinit2.o)
    0x0800018a   0x00000000   Code   RO          245    .ARM.Collect$$libinit$$00000011  c_w.l(libinit2.o)
    0x0800018a   0x00000000   Code   RO          247    .ARM.Collect$$libinit$$00000013  c_w.l(libinit2.o)
    0x0800018a   0x00000000   Code   RO          249    .ARM.Collect$$libinit$$00000015  c_w.l(libinit2.o)
    0x0800018a   0x00000000   Code   RO          251    .ARM.Collect$$libinit$$00000017  c_w.l(libinit2.o)
    0x0800018a   0x00000000   Code   RO          253    .ARM.Collect$$libinit$$00000019  c_w.l(libinit2.o)
    0x0800018a   0x00000000   Code   RO          255    .ARM.Collect$$libinit$$0000001B  c_w.l(libinit2.o)
    0x0800018a   0x00000000   Code   RO          257    .ARM.Collect$$libinit$$0000001D  c_w.l(libinit2.o)
    0x0800018a   0x00000000   Code   RO          259    .ARM.Collect$$libinit$$0000001F  c_w.l(libinit2.o)
    0x0800018a   0x00000000   Code   RO          261    .ARM.Collect$$libinit$$00000021  c_w.l(libinit2.o)
    0x0800018a   0x00000000   Code   RO          263    .ARM.Collect$$libinit$$00000023  c_w.l(libinit2.o)
    0x0800018a   0x00000000   Code   RO          267    .ARM.Collect$$libinit$$0000002A  c_w.l(libinit2.o)
    0x0800018a   0x00000000   Code   RO          269    .ARM.Collect$$libinit$$0000002C  c_w.l(libinit2.o)
    0x0800018a   0x00000000   Code   RO          271    .ARM.Collect$$libinit$$0000002E  c_w.l(libinit2.o)
    0x0800018a   0x00000000   Code   RO          273    .ARM.Collect$$libinit$$00000030  c_w.l(libinit2.o)
    0x0800018a   0x00000002   Code   RO          274    .ARM.Collect$$libinit$$00000031  c_w.l(libinit2.o)
    0x0800018c   0x00000002   Code   RO          296    .ARM.Collect$$libshutdown$$00000000  c_w.l(libshutdown.o)
    0x0800018e   0x00000000   Code   RO          310    .ARM.Collect$$libshutdown$$00000003  c_w.l(libshutdown2.o)
    0x0800018e   0x00000000   Code   RO          313    .ARM.Collect$$libshutdown$$00000006  c_w.l(libshutdown2.o)
    0x0800018e   0x00000000   Code   RO          316    .ARM.Collect$$libshutdown$$00000009  c_w.l(libshutdown2.o)
    0x0800018e   0x00000000   Code   RO          318    .ARM.Collect$$libshutdown$$0000000B  c_w.l(libshutdown2.o)
    0x0800018e   0x00000000   Code   RO          321    .ARM.Collect$$libshutdown$$0000000E  c_w.l(libshutdown2.o)
    0x0800018e   0x00000002   Code   RO          322    .ARM.Collect$$libshutdown$$0000000F  c_w.l(libshutdown2.o)
    0x08000190   0x00000000   Code   RO          164    .ARM.Collect$$rtentry$$00000000  c_w.l(rtentry.o)
    0x08000190   0x00000000   Code   RO          192    .ARM.Collect$$rtentry$$00000002  c_w.l(rtentry2.o)
    0x08000190   0x00000006   Code   RO          204    .ARM.Collect$$rtentry$$00000004  c_w.l(rtentry4.o)
    0x08000196   0x00000000   Code   RO          194    .ARM.Collect$$rtentry$$00000009  c_w.l(rtentry2.o)
    0x08000196   0x00000004   Code   RO          195    .ARM.Collect$$rtentry$$0000000A  c_w.l(rtentry2.o)
    0x0800019a   0x00000000   Code   RO          197    .ARM.Collect$$rtentry$$0000000C  c_w.l(rtentry2.o)
    0x0800019a   0x00000008   Code   RO          198    .ARM.Collect$$rtentry$$0000000D  c_w.l(rtentry2.o)
    0x080001a2   0x00000002   Code   RO          230    .ARM.Collect$$rtexit$$00000000  c_w.l(rtexit.o)
    0x080001a4   0x00000000   Code   RO          278    .ARM.Collect$$rtexit$$00000002  c_w.l(rtexit2.o)
    0x080001a4   0x00000004   Code   RO          279    .ARM.Collect$$rtexit$$00000003  c_w.l(rtexit2.o)
    0x080001a8   0x00000006   Code   RO          280    .ARM.Collect$$rtexit$$00000004  c_w.l(rtexit2.o)
    0x080001ae   0x00000002   PAD
    0x080001b0   0x00000040   Code   RO            4    .text               startup_stm32f10x_xl.o
    0x080001f0   0x00000264   Code   RO           10    .text               main.o
    0x08000454   0x00000002   Code   RO           35    .text               cpu.o
    0x08000456   0x00000010   Code   RO           47    .text               iic.o
    0x08000466   0x00000002   PAD
    0x08000468   0x000024de   Code   RO           62    .text               mlx90640.o
    0x08002946   0x00000002   PAD
    0x08002948   0x00000b40   Code   RO           78    .text               mlx90640_exfun.o
    0x08003488   0x00000006   Code   RO           92    .text               c_w.l(heapauxi.o)
    0x0800348e   0x00000016   Code   RO          165    .text               c_w.l(_rserrno.o)
    0x080034a4   0x00000008   Code   RO          209    .text               c_w.l(rt_errno_addr_intlibspace.o)
    0x080034ac   0x00000008   Code   RO          215    .text               c_w.l(libspace.o)
    0x080034b4   0x0000004a   Code   RO          218    .text               c_w.l(sys_stackheap_outer.o)
    0x080034fe   0x0000000c   Code   RO          220    .text               c_w.l(exit.o)
    0x0800350a   0x00000002   PAD
    0x0800350c   0x0000000c   Code   RO          288    .text               c_w.l(sys_exit.o)
    0x08003518   0x00000002   Code   RO          299    .text               c_w.l(use_no_semi.o)
    0x0800351a   0x00000000   Code   RO          301    .text               c_w.l(indicate_semi.o)
    0x0800351a   0x00000028   Code   RO          186    i.__ARM_fpclassify  m_ws.l(fpclassify.o)
    0x08003542   0x000000aa   Code   RO          188    i.__kernel_poly     m_ws.l(poly.o)
    0x080035ec   0x00000010   Code   RO          184    i.__mathlib_dbl_underflow  m_ws.l(dunder.o)
    0x080035fc   0x000009e0   Code   RO          147    i.pow               m_ws.l(pow.o)
    0x08003fdc   0x0000004e   Code   RO          157    i.sqrt              m_ws.l(sqrt.o)
    0x0800402a   0x00000002   PAD
    0x0800402c   0x00000062   Code   RO           96    x$fpl$d2f           fz_ws.l(d2f.o)
    0x0800408e   0x00000002   PAD
    0x08004090   0x00000150   Code   RO           98    x$fpl$dadd          fz_ws.l(daddsub_clz.o)
    0x080041e0   0x00000010   Code   RO          211    x$fpl$dcheck1       fz_ws.l(dcheck1.o)
    0x080041f0   0x00000018   Code   RO          213    x$fpl$dcmpinf       fz_ws.l(dcmpi.o)
    0x08004208   0x000002b0   Code   RO          105    x$fpl$ddiv          fz_ws.l(ddiv.o)
    0x080044b8   0x0000002e   Code   RO          109    x$fpl$dflt          fz_ws.l(dflt_clz.o)
    0x080044e6   0x00000026   Code   RO          108    x$fpl$dfltu         fz_ws.l(dflt_clz.o)
    0x0800450c   0x00000078   Code   RO          167    x$fpl$dleqf         fz_ws.l(dleqf.o)
    0x08004584   0x00000154   Code   RO          114    x$fpl$dmul          fz_ws.l(dmul.o)
    0x080046d8   0x0000009c   Code   RO          169    x$fpl$dnaninf       fz_ws.l(dnaninf.o)
    0x08004774   0x0000000c   Code   RO          171    x$fpl$dretinf       fz_ws.l(dretinf.o)
    0x08004780   0x0000006c   Code   RO          116    x$fpl$drleqf        fz_ws.l(drleqf.o)
    0x080047ec   0x00000016   Code   RO           99    x$fpl$drsb          fz_ws.l(daddsub_clz.o)
    0x08004802   0x00000002   PAD
    0x08004804   0x000001cc   Code   RO          173    x$fpl$dsqrt         fz_ws.l(dsqrt_noumaal.o)
    0x080049d0   0x000001d4   Code   RO          100    x$fpl$dsub          fz_ws.l(daddsub_clz.o)
    0x08004ba4   0x00000056   Code   RO          118    x$fpl$f2d           fz_ws.l(f2d.o)
    0x08004bfa   0x00000002   PAD
    0x08004bfc   0x000000c4   Code   RO          120    x$fpl$fadd          fz_ws.l(faddsub_clz.o)
    0x08004cc0   0x00000018   Code   RO          175    x$fpl$fcmpinf       fz_ws.l(fcmpi.o)
    0x08004cd8   0x00000184   Code   RO          127    x$fpl$fdiv          fz_ws.l(fdiv.o)
    0x08004e5c   0x0000003e   Code   RO          130    x$fpl$ffixu         fz_ws.l(ffixu.o)
    0x08004e9a   0x00000002   PAD
    0x08004e9c   0x00000030   Code   RO          135    x$fpl$fflt          fz_ws.l(fflt_clz.o)
    0x08004ecc   0x00000026   Code   RO          134    x$fpl$ffltu         fz_ws.l(fflt_clz.o)
    0x08004ef2   0x00000002   PAD
    0x08004ef4   0x00000068   Code   RO          140    x$fpl$fleqf         fz_ws.l(fleqf.o)
    0x08004f5c   0x00000102   Code   RO          142    x$fpl$fmul          fz_ws.l(fmul.o)
    0x0800505e   0x0000008c   Code   RO          177    x$fpl$fnaninf       fz_ws.l(fnaninf.o)
    0x080050ea   0x0000000a   Code   RO          179    x$fpl$fretinf       fz_ws.l(fretinf.o)
    0x080050f4   0x00000062   Code   RO          144    x$fpl$frleqf        fz_ws.l(frleqf.o)
    0x08005156   0x00000014   Code   RO          121    x$fpl$frsb          fz_ws.l(faddsub_clz.o)
    0x0800516a   0x00000002   PAD
    0x0800516c   0x000000ea   Code   RO          122    x$fpl$fsub          fz_ws.l(faddsub_clz.o)
    0x08005256   0x00000064   Code   RO          228    x$fpl$retnan        fz_ws.l(retnan.o)
    0x080052ba   0x0000005c   Code   RO          181    x$fpl$scalbn        fz_ws.l(scalbn.o)
    0x08005316   0x00000030   Code   RO          275    x$fpl$trapveneer    fz_ws.l(trapv.o)
    0x08005346   0x00000000   Code   RO          183    x$fpl$usenofp       fz_ws.l(usenofp.o)
    0x08005346   0x00000002   PAD
    0x08005348   0x00000088   Data   RO          148    .constdata          m_ws.l(pow.o)
    0x080053d0   0x00000008   Data   RO          190    .constdata          m_ws.l(qnan.o)
    0x080053d8   0x00000010   Data   RO          353    Region$$Table       anon$$obj.o


    Execution Region RW_IRAM1 (Base: 0x20000000, Size: 0x00000660, Max: 0x00010000, ABSOLUTE)

    Base Addr    Size         Type   Attr      Idx    E Section Name        Object

    0x20000000   0x00000060   Zero   RW          216    .bss                c_w.l(libspace.o)
    0x20000060   0x00000200   Zero   RW            2    HEAP                startup_stm32f10x_xl.o
    0x20000260   0x00000400   Zero   RW            1    STACK               startup_stm32f10x_xl.o


==============================================================================

Image component sizes


      Code (inc. data)   RO Data    RW Data    ZI Data      Debug   Object Name

         2          0          0          0          0        503   cpu.o
        16          0          0          0          0       1216   iic.o
       612         12          0          0          0       5254   main.o
      9438        128          0          0          0      14715   mlx90640.o
      2880         16          0          0          0       3773   mlx90640_exfun.o
        64         26        304          0       1536        832   startup_stm32f10x_xl.o

    ----------------------------------------------------------------------
     13016        182        320          0       1536      26293   Object Totals
         0          0         16          0          0          0   (incl. Generated)
         4          0          0          0          0          0   (incl. Padding)

    ----------------------------------------------------------------------

      Code (inc. data)   RO Data    RW Data    ZI Data      Debug   Library Member Name

         8          0          0          0          0         68   __main.o
        52          8          0          0          0          0   __scatter.o
        28          0          0          0          0          0   __scatter_zi.o
        22          0          0          0          0        100   _rserrno.o
        12          0          0          0          0         72   exit.o
         6          0          0          0          0        152   heapauxi.o
         0          0          0          0          0          0   indicate_semi.o
         2          0          0          0          0          0   libinit.o
         2          0          0          0          0          0   libinit2.o
         2          0          0          0          0          0   libshutdown.o
         2          0          0          0          0          0   libshutdown2.o
         8          4          0          0         96         68   libspace.o
         8          4          0          0          0         68   rt_errno_addr_intlibspace.o
         0          0          0          0          0          0   rtentry.o
        12          0          0          0          0          0   rtentry2.o
         6          0          0          0          0          0   rtentry4.o
         2          0          0          0          0          0   rtexit.o
        10          0          0          0          0          0   rtexit2.o
        12          4          0          0          0         68   sys_exit.o
        74          0          0          0          0         80   sys_stackheap_outer.o
         2          0          0          0          0         68   use_no_semi.o
        98          4          0          0          0         92   d2f.o
       826         16          0          0          0        356   daddsub_clz.o
        16          4          0          0          0         68   dcheck1.o
        24          0          0          0          0         68   dcmpi.o
       688        140          0          0          0        212   ddiv.o
        84          0          0          0          0        136   dflt_clz.o
       120          4          0          0          0         92   dleqf.o
       340         12          0          0          0        104   dmul.o
       156          4          0          0          0         92   dnaninf.o
        12          0          0          0          0         68   dretinf.o
       108          0          0          0          0         80   drleqf.o
       460         56          0          0          0        120   dsqrt_noumaal.o
        86          4          0          0          0         84   f2d.o
       450          8          0          0          0        236   faddsub_clz.o
        24          0          0          0          0         68   fcmpi.o
       388         76          0          0          0         96   fdiv.o
        62          4          0          0          0         84   ffixu.o
        86          0          0          0          0        136   fflt_clz.o
       104          4          0          0          0         84   fleqf.o
       258          4          0          0          0         84   fmul.o
       140          4          0          0          0         84   fnaninf.o
        10          0          0          0          0         68   fretinf.o
        98          0          0          0          0         68   frleqf.o
       100          0          0          0          0         68   retnan.o
        92          0          0          0          0         68   scalbn.o
        48          0          0          0          0         68   trapv.o
         0          0          0          0          0          0   usenofp.o
        16          6          0          0          0         68   dunder.o
        40          0          0          0          0         68   fpclassify.o
       170          0          0          0          0         96   poly.o
      2528        190        136          0          0        316   pow.o
         0          0          8          0          0          0   qnan.o
        78          0          0          0          0         84   sqrt.o

    ----------------------------------------------------------------------
      8000        560        144          0         96       4160   Library Totals
        20          0          0          0          0          0   (incl. Padding)

    ----------------------------------------------------------------------

      Code (inc. data)   RO Data    RW Data    ZI Data      Debug   Library Name

       270         20          0          0         96        744   c_w.l
      4878        344          0          0          0       2784   fz_ws.l
      2832        196        144          0          0        632   m_ws.l

    ----------------------------------------------------------------------
      8000        560        144          0         96       4160   Library Totals

    ----------------------------------------------------------------------

==============================================================================


      Code (inc. data)   RO Data    RW Data    ZI Data      Debug   

     21016        742        464          0       1632      27853   Grand Totals
     21016        742        464          0       1632      27853   ELF Image Totals
     21016        742        464          0          0          0   ROM Totals

==============================================================================

    Total RO  Size (Code + RO Data)                21480 (  20.98kB)
    Total RW  Size (RW Data + ZI Data)              1632 (   1.59kB)
    Total ROM Size (Code + RO Data + RW Data)      21480 (  20.98kB)

==============================================================================

