ARM Linker, 5.03 [Build 24] [MDK-ARM Standard]

==============================================================================

Section Cross References

    main.o(.text) refers to lcd.o(.text) for LCD_ShowString
    main.o(.text) refers to sram.o(.text) for FSMC_SRAM_WriteBuffer
    main.o(.text) refers to system_stm32f10x.o(.text) for SystemInit
    main.o(.text) refers to delay.o(.text) for delay_init
    main.o(.text) refers to sys.o(.text) for NVIC_Configuration
    main.o(.text) refers to usart.o(.text) for uart_init
    main.o(.text) refers to led.o(.text) for LED_Init
    main.o(.text) refers to key.o(.text) for KEY_Init
    main.o(.text) refers to nes_main.o(.text) for nes_main
    main.o(.text) refers to system_stm32f10x.o(.data) for SystemCoreClock
    system_stm32f10x.o(.text) refers to system_stm32f10x.o(.data) for SystemCoreClock
    led.o(.text) refers to stm32f10x_rcc.o(.text) for RCC_APB2PeriphClockCmd
    led.o(.text) refers to stm32f10x_gpio.o(.text) for GPIO_Init
    key.o(.text) refers to stm32f10x_rcc.o(.text) for RCC_APB2PeriphClockCmd
    key.o(.text) refers to stm32f10x_gpio.o(.text) for GPIO_Init
    key.o(.text) refers to delay.o(.text) for delay_ms
    key.o(.text) refers to key.o(.data) for key_up
    lcd.o(.text) refers to lcd.o(.bss) for lcddev
    lcd.o(.text) refers to lcd.o(.data) for POINT_COLOR
    lcd.o(.text) refers to dflt_clz.o(x$fpl$dfltu) for __aeabi_ui2d
    lcd.o(.text) refers to dmul.o(x$fpl$dmul) for __aeabi_dmul
    lcd.o(.text) refers to dfixu.o(x$fpl$dfixu) for __aeabi_d2uiz
    lcd.o(.text) refers to stm32f10x_rcc.o(.text) for RCC_AHBPeriphClockCmd
    lcd.o(.text) refers to stm32f10x_gpio.o(.text) for GPIO_Init
    lcd.o(.text) refers to stm32f10x_fsmc.o(.text) for FSMC_NORSRAMInit
    lcd.o(.text) refers to delay.o(.text) for delay_ms
    lcd.o(.text) refers to lcd.o(.constdata) for asc2_1206
    sram.o(.text) refers to stm32f10x_rcc.o(.text) for RCC_APB2PeriphClockCmd
    sram.o(.text) refers to stm32f10x_gpio.o(.text) for GPIO_Init
    sram.o(.text) refers to stm32f10x_fsmc.o(.text) for FSMC_NORSRAMInit
    delay.o(.text) refers to misc.o(.text) for SysTick_CLKSourceConfig
    delay.o(.text) refers to system_stm32f10x.o(.data) for SystemCoreClock
    delay.o(.text) refers to delay.o(.data) for fac_us
    sys.o(.text) refers to misc.o(.text) for NVIC_PriorityGroupConfig
    usart.o(.text) refers (Special) to use_no_semi_2.o(.text) for __use_no_semihosting
    usart.o(.text) refers to stm32f10x_rcc.o(.text) for RCC_APB2PeriphClockCmd
    usart.o(.text) refers to stm32f10x_usart.o(.text) for USART_DeInit
    usart.o(.text) refers to stm32f10x_gpio.o(.text) for GPIO_Init
    usart.o(.text) refers to misc.o(.text) for NVIC_Init
    usart.o(.text) refers to usart.o(.data) for USART_RX_STA
    usart.o(.text) refers to usart.o(.bss) for USART_RX_BUF
    usart.o(.bss) refers (Special) to use_no_semi_2.o(.text) for __use_no_semihosting
    usart.o(.data) refers (Special) to use_no_semi_2.o(.text) for __use_no_semihosting
    startup_stm32f10x_hd.o(STACK) refers (Special) to heapauxi.o(.text) for __use_two_region_memory
    startup_stm32f10x_hd.o(HEAP) refers (Special) to heapauxi.o(.text) for __use_two_region_memory
    startup_stm32f10x_hd.o(RESET) refers (Special) to heapauxi.o(.text) for __use_two_region_memory
    startup_stm32f10x_hd.o(RESET) refers to startup_stm32f10x_hd.o(STACK) for __initial_sp
    startup_stm32f10x_hd.o(RESET) refers to startup_stm32f10x_hd.o(.text) for Reset_Handler
    startup_stm32f10x_hd.o(RESET) refers to stm32f10x_it.o(.text) for NMI_Handler
    startup_stm32f10x_hd.o(RESET) refers to usmart.o(.text) for TIM2_IRQHandler
    startup_stm32f10x_hd.o(RESET) refers to usart.o(.text) for USART1_IRQHandler
    startup_stm32f10x_hd.o(.text) refers (Special) to heapauxi.o(.text) for __use_two_region_memory
    startup_stm32f10x_hd.o(.text) refers to system_stm32f10x.o(.text) for SystemInit
    startup_stm32f10x_hd.o(.text) refers to __main.o(!!!main) for __main
    startup_stm32f10x_hd.o(.text) refers to startup_stm32f10x_hd.o(HEAP) for Heap_Mem
    startup_stm32f10x_hd.o(.text) refers to startup_stm32f10x_hd.o(STACK) for Stack_Mem
    stm32f10x_gpio.o(.text) refers to stm32f10x_rcc.o(.text) for RCC_APB2PeriphResetCmd
    stm32f10x_rcc.o(.text) refers to stm32f10x_rcc.o(.data) for APBAHBPrescTable
    stm32f10x_usart.o(.text) refers to stm32f10x_rcc.o(.text) for RCC_APB2PeriphResetCmd
    stm32f10x_tim.o(.text) refers to stm32f10x_rcc.o(.text) for RCC_APB2PeriphResetCmd
    usmart.o(.text) refers to _printf_percent.o(.ARM.Collect$$_printf_percent$$00000000) for _printf_percent
    usmart.o(.text) refers to _printf_s.o(.ARM.Collect$$_printf_percent$$00000014) for _printf_s
    usmart.o(.text) refers to _printf_str.o(.text) for _printf_str
    usmart.o(.text) refers to _printf_pad.o(.text) for _printf_pre_padding
    usmart.o(.text) refers to _printf_x.o(.ARM.Collect$$_printf_percent$$0000000C) for _printf_x
[...]
    .text                                    0x080062a4   Section        0  _printf_intcommon.o(.text)
    .text                                    0x0800635c   Section        0  _printf_char.o(.text)
    .text                                    0x08006388   Section        0  _printf_char_file.o(.text)
    .text                                    0x080063ac   Section        0  _printf_char_common.o(.text)
    _printf_input_char                       0x080063ad   Thumb Code    10  _printf_char_common.o(.text)
    .text                                    0x080063dc   Section        0  ferror.o(.text)
    .text                                    0x080063e4   Section       74  sys_stackheap_outer.o(.text)
    .text                                    0x0800642e   Section        0  exit.o(.text)
    .text                                    0x0800643c   Section        8  libspace.o(.text)
    CPU_GPU                                  0x08006444   Section       40  6502.o(CPU_GPU)
    PPU_W                                    0x08006445   Thumb Code     0  6502.o(CPU_GPU)
    PPU_R                                    0x08006459   Thumb Code     0  6502.o(CPU_GPU)
    cpu_code                                 0x0800646c   Section     7642  6502.o(cpu_code)
    _00                                      0x0800646d   Thumb Code     0  6502.o(cpu_code)
    _01                                      0x080064c7   Thumb Code     0  6502.o(cpu_code)
    _05                                      0x08006511   Thumb Code     0  6502.o(cpu_code)
    _06                                      0x08006533   Thumb Code     0  6502.o(cpu_code)
    _08                                      0x0800655b   Thumb Code     0  6502.o(cpu_code)
    _09                                      0x08006595   Thumb Code     0  6502.o(cpu_code)
    _0A                                      0x080065b3   Thumb Code     0  6502.o(cpu_code)
    _0D                                      0x080065cf   Thumb Code     0  6502.o(cpu_code)
    _0E                                      0x08006605   Thumb Code     0  6502.o(cpu_code)
    _10                                      0x08006651   Thumb Code     0  6502.o(cpu_code)
    _11                                      0x08006673   Thumb Code     0  6502.o(cpu_code)
    _15                                      0x080066b1   Thumb Code     0  6502.o(cpu_code)
    _16                                      0x080066db   Thumb Code     0  6502.o(cpu_code)
    _18                                      0x0800670f   Thumb Code     0  6502.o(cpu_code)
    _19                                      0x08006725   Thumb Code     0  6502.o(cpu_code)
    _1D                                      0x0800675f   Thumb Code     0  6502.o(cpu_code)
    _1E                                      0x08006799   Thumb Code     0  6502.o(cpu_code)
    _20                                      0x080067e9   Thumb Code     0  6502.o(cpu_code)
    _21                                      0x0800683b   Thumb Code     0  6502.o(cpu_code)
    _24                                      0x08006885   Thumb Code     0  6502.o(cpu_code)
    _25                                      0x080068b5   Thumb Code     0  6502.o(cpu_code)
    _26                                      0x080068d7   Thumb Code     0  6502.o(cpu_code)
    _28                                      0x08006905   Thumb Code     0  6502.o(cpu_code)
    _29                                      0x0800693f   Thumb Code     0  6502.o(cpu_code)
    _2A                                      0x0800695d   Thumb Code     0  6502.o(cpu_code)
    _2C                                      0x08006983   Thumb Code     0  6502.o(cpu_code)
    _2D                                      0x080069c7   Thumb Code     0  6502.o(cpu_code)
    _2E                                      0x080069fd   Thumb Code     0  6502.o(cpu_code)
    _30                                      0x08006a4f   Thumb Code     0  6502.o(cpu_code)
    _31                                      0x08006a71   Thumb Code     0  6502.o(cpu_code)
    _35                                      0x08006aaf   Thumb Code     0  6502.o(cpu_code)
    _36                                      0x08006ad9   Thumb Code     0  6502.o(cpu_code)
    _38                                      0x08006b13   Thumb Code     0  6502.o(cpu_code)
    _39                                      0x08006b29   Thumb Code     0  6502.o(cpu_code)
    _3D                                      0x08006b63   Thumb Code     0  6502.o(cpu_code)
    _3E                                      0x08006b9d   Thumb Code     0  6502.o(cpu_code)
    _40                                      0x08006bf3   Thumb Code     0  6502.o(cpu_code)
    _41                                      0x08006c61   Thumb Code     0  6502.o(cpu_code)
    _45                                      0x08006cab   Thumb Code     0  6502.o(cpu_code)
    _46                                      0x08006ccd   Thumb Code     0  6502.o(cpu_code)
    _48                                      0x08006cf1   Thumb Code     0  6502.o(cpu_code)
    _49                                      0x08006d13   Thumb Code     0  6502.o(cpu_code)
    _4A                                      0x08006d31   Thumb Code     0  6502.o(cpu_code)
    _4C                                      0x08006d4d   Thumb Code     0  6502.o(cpu_code)
    _4D                                      0x08006d7f   Thumb Code     0  6502.o(cpu_code)
    _4E                                      0x08006db5   Thumb Code     0  6502.o(cpu_code)
    _50                                      0x08006dff   Thumb Code     0  6502.o(cpu_code)
    _51                                      0x08006e21   Thumb Code     0  6502.o(cpu_code)
    _55                                      0x08006e5f   Thumb Code     0  6502.o(cpu_code)
    _56                                      0x08006e89   Thumb Code     0  6502.o(cpu_code)
    _58                                      0x08006eb9   Thumb Code     0  6502.o(cpu_code)
    _59                                      0x08006ecf   Thumb Code     0  6502.o(cpu_code)
    _5D                                      0x08006f09   Thumb Code     0  6502.o(cpu_code)
    _5E                                      0x08006f43   Thumb Code     0  6502.o(cpu_code)
    _60                                      0x08006f91   Thumb Code     0  6502.o(cpu_code)
    _61                                      0x08006fdb   Thumb Code     0  6502.o(cpu_code)
    _65                                      0x08007039   Thumb Code     0  6502.o(cpu_code)
    _66                                      0x0800706f   Thumb Code     0  6502.o(cpu_code)
    _68                                      0x080070a1   Thumb Code     0  6502.o(cpu_code)
    _69                                      0x080070cb   Thumb Code     0  6502.o(cpu_code)
    _6A                                      0x080070fd   Thumb Code     0  6502.o(cpu_code)
    _6C                                      0x08007121   Thumb Code     0  6502.o(cpu_code)
    _6D                                      0x0800716d   Thumb Code     0  6502.o(cpu_code)
    _6E                                      0x080071b7   Thumb Code     0  6502.o(cpu_code)
    _70                                      0x0800720d   Thumb Code     0  6502.o(cpu_code)
    _71                                      0x0800722f   Thumb Code     0  6502.o(cpu_code)
    _75                                      0x08007281   Thumb Code     0  6502.o(cpu_code)
    _76                                      0x080072bf   Thumb Code     0  6502.o(cpu_code)
    _78                                      0x080072fd   Thumb Code     0  6502.o(cpu_code)
    _79                                      0x08007313   Thumb Code     0  6502.o(cpu_code)
    _7D                                      0x08007361   Thumb Code     0  6502.o(cpu_code)
    _7E                                      0x080073af   Thumb Code     0  6502.o(cpu_code)
    _81                                      0x08007409   Thumb Code     0  6502.o(cpu_code)
    _84                                      0x08007453   Thumb Code     0  6502.o(cpu_code)
    _85                                      0x08007471   Thumb Code     0  6502.o(cpu_code)
    _86                                      0x0800748f   Thumb Code     0  6502.o(cpu_code)
    _88                                      0x080074ad   Thumb Code     0  6502.o(cpu_code)
    _8A                                      0x080074c7   Thumb Code     0  6502.o(cpu_code)
    _8C                                      0x080074df   Thumb Code     0  6502.o(cpu_code)
    _8D                                      0x08007515   Thumb Code     0  6502.o(cpu_code)
    _8E                                      0x0800754b   Thumb Code     0  6502.o(cpu_code)
    _90                                      0x08007581   Thumb Code     0  6502.o(cpu_code)
    _91                                      0x080075a3   Thumb Code     0  6502.o(cpu_code)
    _94                                      0x080075e1   Thumb Code     0  6502.o(cpu_code)
    _95                                      0x08007607   Thumb Code     0  6502.o(cpu_code)
    _96                                      0x0800762d   Thumb Code     0  6502.o(cpu_code)
    _98                                      0x08007653   Thumb Code     0  6502.o(cpu_code)
    _99                                      0x0800766b   Thumb Code     0  6502.o(cpu_code)
    _9A                                      0x080076a5   Thumb Code     0  6502.o(cpu_code)
    _9D                                      0x080076bf   Thumb Code     0  6502.o(cpu_code)
    _A0                                      0x080076f9   Thumb Code     0  6502.o(cpu_code)
    _A1                                      0x08007713   Thumb Code     0  6502.o(cpu_code)
    _A2                                      0x0800775d   Thumb Code     0  6502.o(cpu_code)
    _A4                                      0x08007777   Thumb Code     0  6502.o(cpu_code)
    _A5                                      0x08007795   Thumb Code     0  6502.o(cpu_code)
    _A6                                      0x080077b3   Thumb Code     0  6502.o(cpu_code)
    _A8                                      0x080077d1   Thumb Code     0  6502.o(cpu_code)
    _A9                                      0x080077e9   Thumb Code     0  6502.o(cpu_code)
    _AA                                      0x08007803   Thumb Code     0  6502.o(cpu_code)
    _AC                                      0x0800781b   Thumb Code     0  6502.o(cpu_code)
    _AD                                      0x08007851   Thumb Code     0  6502.o(cpu_code)
    _AE                                      0x08007887   Thumb Code     0  6502.o(cpu_code)
    _B0                                      0x080078bd   Thumb Code     0  6502.o(cpu_code)
    _B1                                      0x080078df   Thumb Code     0  6502.o(cpu_code)
    _B4                                      0x0800791d   Thumb Code     0  6502.o(cpu_code)
    _B5                                      0x08007943   Thumb Code     0  6502.o(cpu_code)
    _B6                                      0x08007969   Thumb Code     0  6502.o(cpu_code)
    _B8                                      0x0800798f   Thumb Code     0  6502.o(cpu_code)
    _B9                                      0x080079a5   Thumb Code     0  6502.o(cpu_code)
    _BA                                      0x080079df   Thumb Code     0  6502.o(cpu_code)
    _BC                                      0x080079fd   Thumb Code     0  6502.o(cpu_code)
    _BD                                      0x08007a37   Thumb Code     0  6502.o(cpu_code)
    _BE                                      0x08007a71   Thumb Code     0  6502.o(cpu_code)
    _C0                                      0x08007aab   Thumb Code     0  6502.o(cpu_code)
    _C1                                      0x08007acd   Thumb Code     0  6502.o(cpu_code)
    _C4                                      0x08007b1b   Thumb Code     0  6502.o(cpu_code)
    _C5                                      0x08007b41   Thumb Code     0  6502.o(cpu_code)
    _C6                                      0x08007b67   Thumb Code     0  6502.o(cpu_code)
    _C8                                      0x08007b8d   Thumb Code     0  6502.o(cpu_code)
    _C9                                      0x08007ba7   Thumb Code     0  6502.o(cpu_code)
    _CA                                      0x08007bc9   Thumb Code     0  6502.o(cpu_code)
    _CC                                      0x08007be3   Thumb Code     0  6502.o(cpu_code)
    _CD                                      0x08007c1d   Thumb Code     0  6502.o(cpu_code)
    _CE                                      0x08007c57   Thumb Code     0  6502.o(cpu_code)
    _D0                                      0x08007ca1   Thumb Code     0  6502.o(cpu_code)
    _D1                                      0x08007cc3   Thumb Code     0  6502.o(cpu_code)
    _D5                                      0x08007d05   Thumb Code     0  6502.o(cpu_code)
    _D6                                      0x08007d33   Thumb Code     0  6502.o(cpu_code)
    _D8                                      0x08007d65   Thumb Code     0  6502.o(cpu_code)
    _D9                                      0x08007d7b   Thumb Code     0  6502.o(cpu_code)
    _DD                                      0x08007db9   Thumb Code     0  6502.o(cpu_code)
    _DE                                      0x08007df7   Thumb Code     0  6502.o(cpu_code)
    _E0                                      0x08007e45   Thumb Code     0  6502.o(cpu_code)
    _E1                                      0x08007e67   Thumb Code     0  6502.o(cpu_code)
    _E4                                      0x08007ec3   Thumb Code     0  6502.o(cpu_code)
    _E5                                      0x08007ee9   Thumb Code     0  6502.o(cpu_code)
    _E6                                      0x08007f1d   Thumb Code     0  6502.o(cpu_code)
    _E8                                      0x08007f43   Thumb Code     0  6502.o(cpu_code)
    _E9                                      0x08007f5d   Thumb Code     0  6502.o(cpu_code)
    _EA                                      0x08007f8d   Thumb Code     0  6502.o(cpu_code)
    _EC                                      0x08007f9f   Thumb Code     0  6502.o(cpu_code)
    _ED                                      0x08007fd9   Thumb Code     0  6502.o(cpu_code)
    _EE                                      0x08008021   Thumb Code     0  6502.o(cpu_code)
    _F0                                      0x0800806b   Thumb Code     0  6502.o(cpu_code)
    _F1                                      0x0800808d   Thumb Code     0  6502.o(cpu_code)
    _F5                                      0x080080dd   Thumb Code     0  6502.o(cpu_code)
    _F6                                      0x08008119   Thumb Code     0  6502.o(cpu_code)
    _F8                                      0x0800814b   Thumb Code     0  6502.o(cpu_code)
    _F9                                      0x08008161   Thumb Code     0  6502.o(cpu_code)
    _FD                                      0x080081ad   Thumb Code     0  6502.o(cpu_code)
    _FE                                      0x080081f9   Thumb Code     0  6502.o(cpu_code)
    cpu_run                                  0x08008248   Section      360  6502.o(cpu_run)
    exit_run                                 0x08008271   Thumb Code     0  6502.o(cpu_run)
    VecCont                                  0x08008317   Thumb Code     0  6502.o(cpu_run)
    _xx                                      0x0800834f   Thumb Code     0  6502.o(cpu_run)
    i._is_digit                              0x080083b0   Section        0  __printf_wp.o(i._is_digit)
    io_code                                  0x080083c0   Section      336  6502.o(io_code)
    IO_R                                     0x080083c1   Thumb Code     0  6502.o(io_code)
    io_read_tbl                              0x080083dc   Data           0  6502.o(io_code)
    IO_W                                     0x080083e9   Thumb Code     0  6502.o(io_code)
    io_write_tbl                             0x080083f8   Data           0  6502.o(io_code)
    dma_W                                    0x08008459   Thumb Code     0  6502.o(io_code)
    joy0_W                                   0x08008491   Thumb Code     0  6502.o(io_code)
    joy0_R                                   0x080084d7   Thumb Code     0  6502.o(io_code)
    rom_code                                 0x08008510   Section      328  cart.o(rom_code)
    rwram_code                               0x08008658   Section      108  6502.o(rwram_code)
    empty_R                                  0x08008659   Thumb Code     0  6502.o(rwram_code)
    void                                     0x0800865b   Thumb Code     0  6502.o(rwram_code)
    ram_R                                    0x08008661   Thumb Code     0  6502.o(rwram_code)
    ram_W                                    0x0800866f   Thumb Code     0  6502.o(rwram_code)
    rom_R80                                  0x0800868b   Thumb Code     0  6502.o(rwram_code)
    rom_RA0                                  0x08008699   Thumb Code     0  6502.o(rwram_code)
    rom_RC0                                  0x080086a7   Thumb Code     0  6502.o(rwram_code)
    rom_RE0                                  0x080086b5   Thumb Code     0  6502.o(rwram_code)
    x$fpl$dfixu                              0x080086c4   Section       90  dfixu.o(x$fpl$dfixu)
    x$fpl$dfltu                              0x0800871e   Section       38  dflt_clz.o(x$fpl$dfltu)
    x$fpl$dmul                               0x08008744   Section      340  dmul.o(x$fpl$dmul)
    x$fpl$dnaninf                            0x08008898   Section      156  dnaninf.o(x$fpl$dnaninf)
    x$fpl$dretinf                            0x08008934   Section       12  dretinf.o(x$fpl$dretinf)
    .constdata                               0x08008940   Section     6080  lcd.o(.constdata)
    x$fpl$usenofp                            0x08008940   Section        0  usenofp.o(x$fpl$usenofp)
    .constdata                               0x0800a100   Section    40976  nes_main.o(.constdata)
    .constdata                               0x08014110   Section      128  ppu.o(.constdata)
    .constdata                               0x08014190   Section       40  _printf_hex_int.o(.constdata)
    uc_hextab                                0x08014190   Data          20  _printf_hex_int.o(.constdata)
    lc_hextab                                0x080141a4   Data          20  _printf_hex_int.o(.constdata)
    .constdata                               0x080141b8   Section       17  __printf_flags_ss_wp.o(.constdata)
    maptable                                 0x080141b8   Data          17  __printf_flags_ss_wp.o(.constdata)
    .conststring                             0x080141c9   Section       23  usmart.o(.conststring)
    .conststring                             0x080141e0   Section      181  usmart_config.o(.conststring)
    .data                                    0x20000000   Section       20  system_stm32f10x.o(.data)
    .data                                    0x20000014   Section        1  key.o(.data)
    key_up                                   0x20000014   Data           1  key.o(.data)
    .data                                    0x20000016   Section        4  lcd.o(.data)
    .data                                    0x2000001a   Section        4  delay.o(.data)
    fac_us                                   0x2000001a   Data           1  delay.o(.data)
    fac_ms                                   0x2000001c   Data           2  delay.o(.data)
    .data                                    0x20000020   Section        8  usart.o(.data)
    .data                                    0x20000028   Section       20  stm32f10x_rcc.o(.data)
    APBAHBPrescTable                         0x20000028   Data          16  stm32f10x_rcc.o(.data)
    ADCPrescTable                            0x20000038   Data           4  stm32f10x_rcc.o(.data)
    .data                                    0x2000003c   Section       24  usmart.o(.data)
    .data                                    0x20000054   Section      284  usmart_config.o(.data)
    .data                                    0x20000170   Section        8  nes_main.o(.data)
    .data                                    0x20000178   Section       18  ppu.o(.data)
    wram_globals0                            0x2000018c   Section     1176  6502.o(wram_globals0)
    .bss                                     0x20000624   Section       14  lcd.o(.bss)
    .bss                                     0x20000632   Section      200  usart.o(.bss)
    .bss                                     0x200006fc   Section       96  libspace.o(.bss)
    .ARM.__AT_0x20000800                     0x20000800   Section     2048  nes_main.o(.ARM.__AT_0x20000800)
    .bss                                     0x20001000   Section     3452  ppu.o(.bss)
    HEAP                                     0x20001d80   Section      512  startup_stm32f10x_hd.o(HEAP)
    Heap_Mem                                 0x20001d80   Data         512  startup_stm32f10x_hd.o(HEAP)
    STACK                                    0x20001f80   Section     1024  startup_stm32f10x_hd.o(STACK)
    Stack_Mem                                0x20001f80   Data        1024  startup_stm32f10x_hd.o(STACK)
    __initial_sp                             0x20002380   Data           0  startup_stm32f10x_hd.o(STACK)
    .ARM.__AT_0x60000000                     0x60000000   Section    1000000  main.o(.ARM.__AT_0x60000000)

    Global Symbols

    Symbol Name                              Value     Ov Type        Size  Object(Section)

    BuildAttributes$$THM_ISAv4$P$D$K$B$S$PE$A:L22UL41UL21$X:L11$S22US41US21$IEEE1$IW$USESV6$~STKCKD$USESV7$~SHL$OSPACE$ROPI$EBA8$UX$STANDARDLIB$REQ8$EABIv2 0x00000000   Number         0  anon$$obj.o ABSOLUTE
    __ARM_use_no_argv                        0x00000000   Number         0  main.o ABSOLUTE
    _printf_flags                            0x00000000   Number         0  printf_stubs.o ABSOLUTE
    _printf_return_value                     0x00000000   Number         0  printf_stubs.o ABSOLUTE
    _printf_sizespec                         0x00000000   Number         0  printf_stubs.o ABSOLUTE
    _printf_widthprec                        0x00000000   Number         0  printf_stubs.o ABSOLUTE
    __ARM_exceptions_init                     - Undefined Weak Reference
    __alloca_initialize                       - Undefined Weak Reference
    __cpp_initialize__aeabi_                  - Undefined Weak Reference
    __cxa_finalize                            - Undefined Weak Reference
    __rt_locale                               - Undefined Weak Reference
    __sigvec_lookup                           - Undefined Weak Reference
    _atexit_init                              - Undefined Weak Reference
    _call_atexit_fns                          - Undefined Weak Reference
    _clock_init                               - Undefined Weak Reference
    _fp_trap_init                             - Undefined Weak Reference
    _fp_trap_shutdown                         - Undefined Weak Reference
    _get_lc_collate                           - Undefined Weak Reference
    _get_lc_ctype                             - Undefined Weak Reference
    _get_lc_monetary                          - Undefined Weak Reference
    _get_lc_numeric                           - Undefined Weak Reference
    _get_lc_time                              - Undefined Weak Reference
    _getenv_init                              - Undefined Weak Reference
    _handle_redirection                       - Undefined Weak Reference
    _init_alloc                               - Undefined Weak Reference
    _init_user_alloc                          - Undefined Weak Reference
    _initio                                   - Undefined Weak Reference
    _mutex_acquire                            - Undefined Weak Reference
    _mutex_release                            - Undefined Weak Reference
    _printf_mbtowc                            - Undefined Weak Reference
    _printf_truncate_signed                   - Undefined Weak Reference
    _printf_truncate_unsigned                 - Undefined Weak Reference
    _rand_init                                - Undefined Weak Reference
    _signal_finish                            - Undefined Weak Reference
    _signal_init                              - Undefined Weak Reference
    _terminate_alloc                          - Undefined Weak Reference
    _terminate_user_alloc                     - Undefined Weak Reference
    _terminateio                              - Undefined Weak Reference
    __Vectors_Size                           0x00000130   Number         0  startup_stm32f10x_hd.o ABSOLUTE
    __Vectors                                0x08000000   Data           4  startup_stm32f10x_hd.o(RESET)
    __Vectors_End                            0x08000130   Data           0  startup_stm32f10x_hd.o(RESET)
    __main                                   0x08000131   Thumb Code     8  __main.o(!!!main)
    __scatterload                            0x08000139   Thumb Code     0  __scatter.o(!!!scatter)
    __scatterload_rt2                        0x08000139   Thumb Code    44  __scatter.o(!!!scatter)
    __scatterload_rt2_thumb_only             0x08000139   Thumb Code     0  __scatter.o(!!!scatter)
    __scatterload_null                       0x08000147   Thumb Code     0  __scatter.o(!!!scatter)
    __decompress                             0x0800016d   Thumb Code    90  __dczerorl2.o(!!dczerorl2)
    __decompress1                            0x0800016d   Thumb Code     0  __dczerorl2.o(!!dczerorl2)
    __scatterload_zeroinit                   0x080001c9   Thumb Code    28  __scatter_zi.o(!!handler_zi)
    _printf_d                                0x080001e5   Thumb Code     0  _printf_d.o(.ARM.Collect$$_printf_percent$$00000009)
    _printf_percent                          0x080001e5   Thumb Code     0  _printf_percent.o(.ARM.Collect$$_printf_percent$$00000000)
    _printf_u                                0x080001eb   Thumb Code     0  _printf_u.o(.ARM.Collect$$_printf_percent$$0000000A)
    _printf_x                                0x080001f1   Thumb Code     0  _printf_x.o(.ARM.Collect$$_printf_percent$$0000000C)
    _printf_c                                0x080001f7   Thumb Code     0  _printf_c.o(.ARM.Collect$$_printf_percent$$00000013)
    _printf_s                                0x080001fd   Thumb Code     0  _printf_s.o(.ARM.Collect$$_printf_percent$$00000014)
    _printf_percent_end                      0x08000203   Thumb Code     0  _printf_percent_end.o(.ARM.Collect$$_printf_percent$$00000017)
    __rt_lib_init                            0x08000207   Thumb Code     0  libinit.o(.ARM.Collect$$libinit$$00000000)
    __rt_lib_init_alloca_1                   0x08000209   Thumb Code     0  libinit2.o(.ARM.Collect$$libinit$$0000002C)
    __rt_lib_init_argv_1                     0x08000209   Thumb Code     0  libinit2.o(.ARM.Collect$$libinit$$0000002A)
    __rt_lib_init_atexit_1                   0x08000209   Thumb Code     0  libinit2.o(.ARM.Collect$$libinit$$00000019)
    __rt_lib_init_clock_1                    0x08000209   Thumb Code     0  libinit2.o(.ARM.Collect$$libinit$$0000001F)
    __rt_lib_init_cpp_1                      0x08000209   Thumb Code     0  libinit2.o(.ARM.Collect$$libinit$$00000030)
    __rt_lib_init_exceptions_1               0x08000209   Thumb Code     0  libinit2.o(.ARM.Collect$$libinit$$0000002E)
    __rt_lib_init_fp_1                       0x08000209   Thumb Code     0  libinit2.o(.ARM.Collect$$libinit$$00000002)
    __rt_lib_init_fp_trap_1                  0x08000209   Thumb Code     0  libinit2.o(.ARM.Collect$$libinit$$0000001D)
    __rt_lib_init_getenv_1                   0x08000209   Thumb Code     0  libinit2.o(.ARM.Collect$$libinit$$00000021)
    __rt_lib_init_heap_1                     0x08000209   Thumb Code     0  libinit2.o(.ARM.Collect$$libinit$$00000008)
    __rt_lib_init_lc_collate_1               0x08000209   Thumb Code     0  libinit2.o(.ARM.Collect$$libinit$$0000000F)
    __rt_lib_init_lc_ctype_1                 0x08000209   Thumb Code     0  libinit2.o(.ARM.Collect$$libinit$$00000011)
    __rt_lib_init_lc_monetary_1              0x08000209   Thumb Code     0  libinit2.o(.ARM.Collect$$libinit$$00000013)
    __rt_lib_init_lc_numeric_1               0x08000209   Thumb Code     0  libinit2.o(.ARM.Collect$$libinit$$00000015)
    __rt_lib_init_lc_time_1                  0x08000209   Thumb Code     0  libinit2.o(.ARM.Collect$$libinit$$00000017)
    __rt_lib_init_rand_1                     0x08000209   Thumb Code     0  libinit2.o(.ARM.Collect$$libinit$$0000000C)
    __rt_lib_init_return                     0x08000209   Thumb Code     0  libinit2.o(.ARM.Collect$$libinit$$00000031)
    __rt_lib_init_signal_1                   0x08000209   Thumb Code     0  libinit2.o(.ARM.Collect$$libinit$$0000001B)
    __rt_lib_init_stdio_1                    0x08000209   Thumb Code     0  libinit2.o(.ARM.Collect$$libinit$$00000023)
    __rt_lib_init_user_alloc_1               0x08000209   Thumb Code     0  libinit2.o(.ARM.Collect$$libinit$$0000000A)
    __rt_lib_shutdown                        0x0800020b   Thumb Code     0  libshutdown.o(.ARM.Collect$$libshutdown$$00000000)
    __rt_lib_shutdown_fp_trap_1              0x0800020d   Thumb Code     0  libshutdown2.o(.ARM.Collect$$libshutdown$$00000006)
    __rt_lib_shutdown_heap_1                 0x0800020d   Thumb Code     0  libshutdown2.o(.ARM.Collect$$libshutdown$$0000000E)
    __rt_lib_shutdown_return                 0x0800020d   Thumb Code     0  libshutdown2.o(.ARM.Collect$$libshutdown$$0000000F)
    __rt_lib_shutdown_signal_1               0x0800020d   Thumb Code     0  libshutdown2.o(.ARM.Collect$$libshutdown$$00000009)
    __rt_lib_shutdown_stdio_1                0x0800020d   Thumb Code     0  libshutdown2.o(.ARM.Collect$$libshutdown$$00000003)
    __rt_lib_shutdown_user_alloc_1           0x0800020d   Thumb Code     0  libshutdown2.o(.ARM.Collect$$libshutdown$$0000000B)
    __rt_entry                               0x0800020f   Thumb Code     0  rtentry.o(.ARM.Collect$$rtentry$$00000000)
    __rt_entry_presh_1                       0x0800020f   Thumb Code     0  rtentry2.o(.ARM.Collect$$rtentry$$00000002)
    __rt_entry_sh                            0x0800020f   Thumb Code     0  rtentry4.o(.ARM.Collect$$rtentry$$00000004)
    __rt_entry_li                            0x08000215   Thumb Code     0  rtentry2.o(.ARM.Collect$$rtentry$$0000000A)
    __rt_entry_postsh_1                      0x08000215   Thumb Code     0  rtentry2.o(.ARM.Collect$$rtentry$$00000009)
    __rt_entry_main                          0x08000219   Thumb Code     0  rtentry2.o(.ARM.Collect$$rtentry$$0000000D)
    __rt_entry_postli_1                      0x08000219   Thumb Code     0  rtentry2.o(.ARM.Collect$$rtentry$$0000000C)
    __rt_exit                                0x08000221   Thumb Code     0  rtexit.o(.ARM.Collect$$rtexit$$00000000)
    __rt_exit_ls                             0x08000223   Thumb Code     0  rtexit2.o(.ARM.Collect$$rtexit$$00000003)
    __rt_exit_prels_1                        0x08000223   Thumb Code     0  rtexit2.o(.ARM.Collect$$rtexit$$00000002)
    __rt_exit_exit                           0x08000227   Thumb Code     0  rtexit2.o(.ARM.Collect$$rtexit$$00000004)
    fsmc_sram_test                           0x0800022d   Thumb Code   152  main.o(.text)
    main                                     0x080002c5   Thumb Code   136  main.o(.text)
    NMI_Handler                              0x08000371   Thumb Code     2  stm32f10x_it.o(.text)
    HardFault_Handler                        0x08000373   Thumb Code     4  stm32f10x_it.o(.text)
    MemManage_Handler                        0x08000377   Thumb Code     4  stm32f10x_it.o(.text)
    BusFault_Handler                         0x0800037b   Thumb Code     4  stm32f10x_it.o(.text)
    UsageFault_Handler                       0x0800037f   Thumb Code     4  stm32f10x_it.o(.text)
    SVC_Handler                              0x08000383   Thumb Code     2  stm32f10x_it.o(.text)
    DebugMon_Handler                         0x08000385   Thumb Code     2  stm32f10x_it.o(.text)
    PendSV_Handler                           0x08000387   Thumb Code     2  stm32f10x_it.o(.text)
    SysTick_Handler                          0x08000389   Thumb Code     2  stm32f10x_it.o(.text)
    SystemInit                               0x08000469   Thumb Code    78  system_stm32f10x.o(.text)
    SystemCoreClockUpdate                    0x080004b7   Thumb Code   142  system_stm32f10x.o(.text)
    LED_Init                                 0x08000569   Thumb Code    68  led.o(.text)
    KEY_Init                                 0x080005b5   Thumb Code    52  key.o(.text)
    KEY_Scan                                 0x080005e9   Thumb Code   188  key.o(.text)
    LCD_WR_REG                               0x080006b1   Thumb Code     8  lcd.o(.text)
    LCD_WR_DATA                              0x080006b9   Thumb Code     8  lcd.o(.text)
    LCD_RD_DATA                              0x080006c1   Thumb Code    16  lcd.o(.text)
    LCD_WriteReg                             0x080006d1   Thumb Code    10  lcd.o(.text)
    LCD_ReadReg                              0x080006db   Thumb Code    16  lcd.o(.text)
    LCD_WriteRAM_Prepare                     0x080006eb   Thumb Code    12  lcd.o(.text)
    LCD_WriteRAM                             0x080006f7   Thumb Code     8  lcd.o(.text)
    LCD_BGR2RGB                              0x080006ff   Thumb Code    26  lcd.o(.text)
    opt_delay                                0x08000719   Thumb Code    14  lcd.o(.text)
    LCD_SetCursor                            0x08000727   Thumb Code   418  lcd.o(.text)
    LCD_ReadPoint                            0x080008c9   Thumb Code   362  lcd.o(.text)
    LCD_DisplayOn                            0x08000a33   Thumb Code    92  lcd.o(.text)
    LCD_DisplayOff                           0x08000a8f   Thumb Code    94  lcd.o(.text)
    LCD_Scan_Dir                             0x08000aed   Thumb Code   744  lcd.o(.text)
    LCD_DrawPoint                            0x08000dd5   Thumb Code    30  lcd.o(.text)
    LCD_Fast_DrawPoint                       0x08000df3   Thumb Code   382  lcd.o(.text)
    LCD_SSD_BackLightSet                     0x08000f71   Thumb Code    80  lcd.o(.text)
    LCD_Display_Dir                          0x08000fc1   Thumb Code   444  lcd.o(.text)
    LCD_Set_Window                           0x0800117d   Thumb Code   538  lcd.o(.text)
    LCD_Clear                                0x08001397   Thumb Code   102  lcd.o(.text)
    LCD_Init                                 0x080013fd   Thumb Code  1384  lcd.o(.text)
    LCD_Fill                                 0x08001965   Thumb Code   180  lcd.o(.text)
    LCD_Color_Fill                           0x08001a19   Thumb Code    94  lcd.o(.text)
    LCD_DrawLine                             0x08001a77   Thumb Code   186  lcd.o(.text)
    LCD_DrawRectangle                        0x08001b31   Thumb Code    60  lcd.o(.text)
    LCD_Draw_Circle                          0x08001b6d   Thumb Code   152  lcd.o(.text)
    LCD_ShowChar                             0x08001c05   Thumb Code   268  lcd.o(.text)
    LCD_Pow                                  0x08001d11   Thumb Code    22  lcd.o(.text)
    LCD_ShowNum                              0x08001d27   Thumb Code   148  lcd.o(.text)
    LCD_ShowxNum                             0x08001dbb   Thumb Code   190  lcd.o(.text)
    LCD_ShowString                           0x08001e79   Thumb Code   102  lcd.o(.text)
    FSMC_SRAM_Init                           0x08001ef9   Thumb Code   202  sram.o(.text)
    FSMC_SRAM_WriteBuffer                    0x08001fc3   Thumb Code    24  sram.o(.text)
    FSMC_SRAM_ReadBuffer                     0x08001fdb   Thumb Code    22  sram.o(.text)
    fsmc_sram_test_write                     0x08001ff1   Thumb Code    16  sram.o(.text)
    fsmc_sram_test_read                      0x08002001   Thumb Code    20  sram.o(.text)
    delay_init                               0x08002025   Thumb Code    50  delay.o(.text)
    delay_us                                 0x08002057   Thumb Code    70  delay.o(.text)
    delay_ms                                 0x0800209d   Thumb Code    70  delay.o(.text)
    NVIC_Configuration                       0x080020f5   Thumb Code    12  sys.o(.text)
    _sys_exit                                0x08002101   Thumb Code     6  usart.o(.text)
    fputc                                    0x08002107   Thumb Code    22  usart.o(.text)
    uart_init                                0x0800211d   Thumb Code   158  usart.o(.text)
    USART1_IRQHandler                        0x080021bb   Thumb Code   122  usart.o(.text)
    Reset_Handler                            0x08002245   Thumb Code     8  startup_stm32f10x_hd.o(.text)
    ADC1_2_IRQHandler                        0x0800225f   Thumb Code     0  startup_stm32f10x_hd.o(.text)
    ADC3_IRQHandler                          0x0800225f   Thumb Code     0  startup_stm32f10x_hd.o(.text)
    CAN1_RX1_IRQHandler                      0x0800225f   Thumb Code     0  startup_stm32f10x_hd.o(.text)
    CAN1_SCE_IRQHandler                      0x0800225f   Thumb Code     0  startup_stm32f10x_hd.o(.text)
    DMA1_Channel1_IRQHandler                 0x0800225f   Thumb Code     0  startup_stm32f10x_hd.o(.text)
    DMA1_Channel2_IRQHandler                 0x0800225f   Thumb Code     0  startup_stm32f10x_hd.o(.text)
    DMA1_Channel3_IRQHandler                 0x0800225f   Thumb Code     0  startup_stm32f10x_hd.o(.text)
    DMA1_Channel4_IRQHandler                 0x0800225f   Thumb Code     0  startup_stm32f10x_hd.o(.text)
    DMA1_Channel5_IRQHandler                 0x0800225f   Thumb Code     0  startup_stm32f10x_hd.o(.text)
    DMA1_Channel6_IRQHandler                 0x0800225f   Thumb Code     0  startup_stm32f10x_hd.o(.text)
    DMA1_Channel7_IRQHandler                 0x0800225f   Thumb Code     0  startup_stm32f10x_hd.o(.text)
    DMA2_Channel1_IRQHandler                 0x0800225f   Thumb Code     0  startup_stm32f10x_hd.o(.text)
    DMA2_Channel2_IRQHandler                 0x0800225f   Thumb Code     0  startup_stm32f10x_hd.o(.text)
    DMA2_Channel3_IRQHandler                 0x0800225f   Thumb Code     0  startup_stm32f10x_hd.o(.text)
    DMA2_Channel4_5_IRQHandler               0x0800225f   Thumb Code     0  startup_stm32f10x_hd.o(.text)
    EXTI0_IRQHandler                         0x0800225f   Thumb Code     0  startup_stm32f10x_hd.o(.text)
    EXTI15_10_IRQHandler                     0x0800225f   Thumb Code     0  startup_stm32f10x_hd.o(.text)
    EXTI1_IRQHandler                         0x0800225f   Thumb Code     0  startup_stm32f10x_hd.o(.text)
    EXTI2_IRQHandler                         0x0800225f   Thumb Code     0  startup_stm32f10x_hd.o(.text)
    EXTI3_IRQHandler                         0x0800225f   Thumb Code     0  startup_stm32f10x_hd.o(.text)
    EXTI4_IRQHandler                         0x0800225f   Thumb Code     0  startup_stm32f10x_hd.o(.text)
    EXTI9_5_IRQHandler                       0x0800225f   Thumb Code     0  startup_stm32f10x_hd.o(.text)
    FLASH_IRQHandler                         0x0800225f   Thumb Code     0  startup_stm32f10x_hd.o(.text)
    FSMC_IRQHandler                          0x0800225f   Thumb Code     0  startup_stm32f10x_hd.o(.text)
    I2C1_ER_IRQHandler                       0x0800225f   Thumb Code     0  startup_stm32f10x_hd.o(.text)
    I2C1_EV_IRQHandler                       0x0800225f   Thumb Code     0  startup_stm32f10x_hd.o(.text)
    I2C2_ER_IRQHandler                       0x0800225f   Thumb Code     0  startup_stm32f10x_hd.o(.text)
    I2C2_EV_IRQHandler                       0x0800225f   Thumb Code     0  startup_stm32f10x_hd.o(.text)
    PVD_IRQHandler                           0x0800225f   Thumb Code     0  startup_stm32f10x_hd.o(.text)
    RCC_IRQHandler                           0x0800225f   Thumb Code     0  startup_stm32f10x_hd.o(.text)
    RTCAlarm_IRQHandler                      0x0800225f   Thumb Code     0  startup_stm32f10x_hd.o(.text)
    RTC_IRQHandler                           0x0800225f   Thumb Code     0  startup_stm32f10x_hd.o(.text)
    SDIO_IRQHandler                          0x0800225f   Thumb Code     0  startup_stm32f10x_hd.o(.text)
    SPI1_IRQHandler                          0x0800225f   Thumb Code     0  startup_stm32f10x_hd.o(.text)
    SPI2_IRQHandler                          0x0800225f   Thumb Code     0  startup_stm32f10x_hd.o(.text)
    SPI3_IRQHandler                          0x0800225f   Thumb Code     0  startup_stm32f10x_hd.o(.text)
    TAMPER_IRQHandler                        0x0800225f   Thumb Code     0  startup_stm32f10x_hd.o(.text)
    TIM1_BRK_IRQHandler                      0x0800225f   Thumb Code     0  startup_stm32f10x_hd.o(.text)
    TIM1_CC_IRQHandler                       0x0800225f   Thumb Code     0  startup_stm32f10x_hd.o(.text)
    TIM1_TRG_COM_IRQHandler                  0x0800225f   Thumb Code     0  startup_stm32f10x_hd.o(.text)
    TIM1_UP_IRQHandler                       0x0800225f   Thumb Code     0  startup_stm32f10x_hd.o(.text)
    TIM3_IRQHandler                          0x0800225f   Thumb Code     0  startup_stm32f10x_hd.o(.text)
    TIM4_IRQHandler                          0x0800225f   Thumb Code     0  startup_stm32f10x_hd.o(.text)
    TIM5_IRQHandler                          0x0800225f   Thumb Code     0  startup_stm32f10x_hd.o(.text)
    TIM6_IRQHandler                          0x0800225f   Thumb Code     0  startup_stm32f10x_hd.o(.text)
    TIM7_IRQHandler                          0x0800225f   Thumb Code     0  startup_stm32f10x_hd.o(.text)
    TIM8_BRK_IRQHandler                      0x0800225f   Thumb Code     0  startup_stm32f10x_hd.o(.text)
    TIM8_CC_IRQHandler                       0x0800225f   Thumb Code     0  startup_stm32f10x_hd.o(.text)
    TIM8_TRG_COM_IRQHandler                  0x0800225f   Thumb Code     0  startup_stm32f10x_hd.o(.text)
    TIM8_UP_IRQHandler                       0x0800225f   Thumb Code     0  startup_stm32f10x_hd.o(.text)
    UART4_IRQHandler                         0x0800225f   Thumb Code     0  startup_stm32f10x_hd.o(.text)
    UART5_IRQHandler                         0x0800225f   Thumb Code     0  startup_stm32f10x_hd.o(.text)
    USART2_IRQHandler                        0x0800225f   Thumb Code     0  startup_stm32f10x_hd.o(.text)
    USART3_IRQHandler                        0x0800225f   Thumb Code     0  startup_stm32f10x_hd.o(.text)
    USBWakeUp_IRQHandler                     0x0800225f   Thumb Code     0  startup_stm32f10x_hd.o(.text)
    USB_HP_CAN1_TX_IRQHandler                0x0800225f   Thumb Code     0  startup_stm32f10x_hd.o(.text)
    USB_LP_CAN1_RX0_IRQHandler               0x0800225f   Thumb Code     0  startup_stm32f10x_hd.o(.text)
    WWDG_IRQHandler                          0x0800225f   Thumb Code     0  startup_stm32f10x_hd.o(.text)
    __user_initial_stackheap                 0x08002261   Thumb Code     0  startup_stm32f10x_hd.o(.text)
    NVIC_PriorityGroupConfig                 0x08002285   Thumb Code    10  misc.o(.text)
    NVIC_Init                                0x0800228f   Thumb Code   102  misc.o(.text)
    NVIC_SetVectorTable                      0x080022f5   Thumb Code    14  misc.o(.text)
    NVIC_SystemLPConfig                      0x08002303   Thumb Code    34  misc.o(.text)
    SysTick_CLKSourceConfig                  0x08002325   Thumb Code    40  misc.o(.text)
    FSMC_NORSRAMDeInit                       0x08002361   Thumb Code    56  stm32f10x_fsmc.o(.text)
    FSMC_NANDDeInit                          0x08002399   Thumb Code    62  stm32f10x_fsmc.o(.text)
    FSMC_PCCARDDeInit                        0x080023d7   Thumb Code    40  stm32f10x_fsmc.o(.text)
    FSMC_NORSRAMInit                         0x080023ff   Thumb Code   224  stm32f10x_fsmc.o(.text)
    FSMC_NANDInit                            0x080024df   Thumb Code   130  stm32f10x_fsmc.o(.text)
    FSMC_PCCARDInit                          0x08002561   Thumb Code   124  stm32f10x_fsmc.o(.text)
    FSMC_NORSRAMStructInit                   0x080025dd   Thumb Code   114  stm32f10x_fsmc.o(.text)
    FSMC_NANDStructInit                      0x0800264f   Thumb Code    54  stm32f10x_fsmc.o(.text)
    FSMC_PCCARDStructInit                    0x08002685   Thumb Code    60  stm32f10x_fsmc.o(.text)
    FSMC_NORSRAMCmd                          0x080026c1   Thumb Code    46  stm32f10x_fsmc.o(.text)
    FSMC_NANDCmd                             0x080026ef   Thumb Code    86  stm32f10x_fsmc.o(.text)
    FSMC_PCCARDCmd                           0x08002745   Thumb Code    40  stm32f10x_fsmc.o(.text)
    FSMC_NANDECCCmd                          0x0800276d   Thumb Code   118  stm32f10x_fsmc.o(.text)
    FSMC_GetECC                              0x080027e3   Thumb Code    22  stm32f10x_fsmc.o(.text)
    FSMC_ITConfig                            0x080027f9   Thumb Code   128  stm32f10x_fsmc.o(.text)
    FSMC_GetFlagStatus                       0x08002879   Thumb Code    48  stm32f10x_fsmc.o(.text)
    FSMC_ClearFlag                           0x080028a9   Thumb Code    62  stm32f10x_fsmc.o(.text)
    FSMC_GetITStatus                         0x080028e7   Thumb Code    60  stm32f10x_fsmc.o(.text)
    FSMC_ClearITPendingBit                   0x08002923   Thumb Code    64  stm32f10x_fsmc.o(.text)
    GPIO_DeInit                              0x08002979   Thumb Code   172  stm32f10x_gpio.o(.text)
    GPIO_AFIODeInit                          0x08002a25   Thumb Code    20  stm32f10x_gpio.o(.text)
    GPIO_Init                                0x08002a39   Thumb Code   274  stm32f10x_gpio.o(.text)
    GPIO_StructInit                          0x08002b4b   Thumb Code    16  stm32f10x_gpio.o(.text)
    GPIO_ReadInputDataBit                    0x08002b5b   Thumb Code    18  stm32f10x_gpio.o(.text)
    GPIO_ReadInputData                       0x08002b6d   Thumb Code     8  stm32f10x_gpio.o(.text)
    GPIO_ReadOutputDataBit                   0x08002b75   Thumb Code    18  stm32f10x_gpio.o(.text)
    GPIO_ReadOutputData                      0x08002b87   Thumb Code     8  stm32f10x_gpio.o(.text)
    GPIO_SetBits                             0x08002b8f   Thumb Code     4  stm32f10x_gpio.o(.text)
    GPIO_ResetBits                           0x08002b93   Thumb Code     4  stm32f10x_gpio.o(.text)
    GPIO_WriteBit                            0x08002b97   Thumb Code    10  stm32f10x_gpio.o(.text)
    GPIO_Write                               0x08002ba1   Thumb Code     4  stm32f10x_gpio.o(.text)
    GPIO_PinLockConfig                       0x08002ba5   Thumb Code    18  stm32f10x_gpio.o(.text)
    GPIO_EventOutputConfig                   0x08002bb7   Thumb Code    26  stm32f10x_gpio.o(.text)
    GPIO_EventOutputCmd                      0x08002bd1   Thumb Code     6  stm32f10x_gpio.o(.text)
    GPIO_PinRemapConfig                      0x08002bd7   Thumb Code   138  stm32f10x_gpio.o(.text)
    GPIO_EXTILineConfig                      0x08002c61   Thumb Code    66  stm32f10x_gpio.o(.text)
    GPIO_ETH_MediaInterfaceConfig            0x08002ca3   Thumb Code     6  stm32f10x_gpio.o(.text)
    RCC_DeInit                               0x08002cd1   Thumb Code    64  stm32f10x_rcc.o(.text)
    RCC_HSEConfig                            0x08002d11   Thumb Code    70  stm32f10x_rcc.o(.text)
    RCC_GetFlagStatus                        0x08002d57   Thumb Code    56  stm32f10x_rcc.o(.text)
    RCC_WaitForHSEStartUp                    0x08002d8f   Thumb Code    56  stm32f10x_rcc.o(.text)
    RCC_AdjustHSICalibrationValue            0x08002dc7   Thumb Code    20  stm32f10x_rcc.o(.text)
    RCC_HSICmd                               0x08002ddb   Thumb Code     6  stm32f10x_rcc.o(.text)
    RCC_PLLConfig                            0x08002de1   Thumb Code    24  stm32f10x_rcc.o(.text)
    RCC_PLLCmd                               0x08002df9   Thumb Code     6  stm32f10x_rcc.o(.text)
    RCC_SYSCLKConfig                         0x08002dff   Thumb Code    18  stm32f10x_rcc.o(.text)
    RCC_GetSYSCLKSource                      0x08002e11   Thumb Code    10  stm32f10x_rcc.o(.text)
    RCC_HCLKConfig                           0x08002e1b   Thumb Code    18  stm32f10x_rcc.o(.text)
    RCC_PCLK1Config                          0x08002e2d   Thumb Code    18  stm32f10x_rcc.o(.text)
    RCC_PCLK2Config                          0x08002e3f   Thumb Code    20  stm32f10x_rcc.o(.text)
    RCC_ITConfig                             0x08002e53   Thumb Code    26  stm32f10x_rcc.o(.text)
    RCC_USBCLKConfig                         0x08002e6d   Thumb Code     6  stm32f10x_rcc.o(.text)
    RCC_ADCCLKConfig                         0x08002e73   Thumb Code    18  stm32f10x_rcc.o(.text)
    RCC_LSEConfig                            0x08002e85   Thumb Code    44  stm32f10x_rcc.o(.text)
    RCC_LSICmd                               0x08002eb1   Thumb Code     6  stm32f10x_rcc.o(.text)
    RCC_RTCCLKConfig                         0x08002eb7   Thumb Code    12  stm32f10x_rcc.o(.text)
    RCC_RTCCLKCmd                            0x08002ec3   Thumb Code     8  stm32f10x_rcc.o(.text)
    RCC_GetClocksFreq                        0x08002ecb   Thumb Code   192  stm32f10x_rcc.o(.text)
    RCC_AHBPeriphClockCmd                    0x08002f8b   Thumb Code    26  stm32f10x_rcc.o(.text)
    RCC_APB2PeriphClockCmd                   0x08002fa5   Thumb Code    26  stm32f10x_rcc.o(.text)
    RCC_APB1PeriphClockCmd                   0x08002fbf   Thumb Code    26  stm32f10x_rcc.o(.text)
    RCC_APB2PeriphResetCmd                   0x08002fd9   Thumb Code    26  stm32f10x_rcc.o(.text)
    RCC_APB1PeriphResetCmd                   0x08002ff3   Thumb Code    26  stm32f10x_rcc.o(.text)
    RCC_BackupResetCmd                       0x0800300d   Thumb Code     8  stm32f10x_rcc.o(.text)
    RCC_ClockSecuritySystemCmd               0x08003015   Thumb Code     6  stm32f10x_rcc.o(.text)
    RCC_MCOConfig                            0x0800301b   Thumb Code     6  stm32f10x_rcc.o(.text)
    RCC_ClearFlag                            0x08003021   Thumb Code    14  stm32f10x_rcc.o(.text)
    RCC_GetITStatus                          0x0800302f   Thumb Code    20  stm32f10x_rcc.o(.text)
    RCC_ClearITPendingBit                    0x08003043   Thumb Code     6  stm32f10x_rcc.o(.text)
    USART_DeInit                             0x08003075   Thumb Code   134  stm32f10x_usart.o(.text)
    USART_Init                               0x080030fb   Thumb Code   210  stm32f10x_usart.o(.text)
    USART_StructInit                         0x080031cd   Thumb Code    24  stm32f10x_usart.o(.text)
    USART_ClockInit                          0x080031e5   Thumb Code    34  stm32f10x_usart.o(.text)
    USART_ClockStructInit                    0x08003207   Thumb Code    12  stm32f10x_usart.o(.text)
    USART_Cmd                                0x08003213   Thumb Code    24  stm32f10x_usart.o(.text)
    USART_ITConfig                           0x0800322b   Thumb Code    74  stm32f10x_usart.o(.text)
    USART_DMACmd                             0x08003275   Thumb Code    18  stm32f10x_usart.o(.text)
    USART_SetAddress                         0x08003287   Thumb Code    18  stm32f10x_usart.o(.text)
    USART_WakeUpConfig                       0x08003299   Thumb Code    18  stm32f10x_usart.o(.text)
    USART_ReceiverWakeUpCmd                  0x080032ab   Thumb Code    24  stm32f10x_usart.o(.text)
    USART_LINBreakDetectLengthConfig         0x080032c3   Thumb Code    18  stm32f10x_usart.o(.text)
    USART_LINCmd                             0x080032d5   Thumb Code    24  stm32f10x_usart.o(.text)
    USART_SendData                           0x080032ed   Thumb Code     8  stm32f10x_usart.o(.text)
    USART_ReceiveData                        0x080032f5   Thumb Code    10  stm32f10x_usart.o(.text)
    USART_SendBreak                          0x080032ff   Thumb Code    10  stm32f10x_usart.o(.text)
    USART_SetGuardTime                       0x08003309   Thumb Code    16  stm32f10x_usart.o(.text)
    USART_SetPrescaler                       0x08003319   Thumb Code    16  stm32f10x_usart.o(.text)
    USART_SmartCardCmd                       0x08003329   Thumb Code    24  stm32f10x_usart.o(.text)
    USART_SmartCardNACKCmd                   0x08003341   Thumb Code    24  stm32f10x_usart.o(.text)
    USART_HalfDuplexCmd                      0x08003359   Thumb Code    24  stm32f10x_usart.o(.text)
    USART_OverSampling8Cmd                   0x08003371   Thumb Code    22  stm32f10x_usart.o(.text)
    USART_OneBitMethodCmd                    0x08003387   Thumb Code    24  stm32f10x_usart.o(.text)
    USART_IrDAConfig                         0x0800339f   Thumb Code    18  stm32f10x_usart.o(.text)
    USART_IrDACmd                            0x080033b1   Thumb Code    24  stm32f10x_usart.o(.text)
    USART_GetFlagStatus                      0x080033c9   Thumb Code    26  stm32f10x_usart.o(.text)
    USART_ClearFlag                          0x080033e3   Thumb Code    18  stm32f10x_usart.o(.text)
    USART_GetITStatus                        0x080033f5   Thumb Code    84  stm32f10x_usart.o(.text)
    USART_ClearITPendingBit                  0x08003449   Thumb Code    52  stm32f10x_usart.o(.text)
    TIM_DeInit                               0x0800347d   Thumb Code   424  stm32f10x_tim.o(.text)
    TIM_TimeBaseInit                         0x08003625   Thumb Code   122  stm32f10x_tim.o(.text)
    TIM_OC1Init                              0x0800369f   Thumb Code   132  stm32f10x_tim.o(.text)
    TIM_OC2Init                              0x08003723   Thumb Code   154  stm32f10x_tim.o(.text)
    TIM_OC3Init                              0x080037bd   Thumb Code   150  stm32f10x_tim.o(.text)
    TIM_OC4Init                              0x08003853   Thumb Code   182  stm32f10x_tim.o(.text)
    TIM_SetIC4Prescaler                      0x08003909   Thumb Code    26  stm32f10x_tim.o(.text)
    TIM_SetIC3Prescaler                      0x080039a5   Thumb Code    18  stm32f10x_tim.o(.text)
    TIM_SetIC2Prescaler                      0x08003a31   Thumb Code    26  stm32f10x_tim.o(.text)
    TIM_SetIC1Prescaler                      0x08003acd   Thumb Code    18  stm32f10x_tim.o(.text)
    TIM_ICInit                               0x08003b4b   Thumb Code   150  stm32f10x_tim.o(.text)
    TIM_PWMIConfig                           0x08003be1   Thumb Code   124  stm32f10x_tim.o(.text)
    TIM_BDTRConfig                           0x08003c5d   Thumb Code    32  stm32f10x_tim.o(.text)
    TIM_TimeBaseStructInit                   0x08003c7d   Thumb Code    18  stm32f10x_tim.o(.text)
    TIM_OCStructInit                         0x08003c8f   Thumb Code    20  stm32f10x_tim.o(.text)
    TIM_ICStructInit                         0x08003ca3   Thumb Code    18  stm32f10x_tim.o(.text)
    TIM_BDTRStructInit                       0x08003cb5   Thumb Code    40  stm32f10x_tim.o(.text)
    TIM_Cmd                                  0x08003cdd   Thumb Code    24  stm32f10x_tim.o(.text)
    TIM_CtrlPWMOutputs                       0x08003cf5   Thumb Code    30  stm32f10x_tim.o(.text)
    TIM_ITConfig                             0x08003d13   Thumb Code    18  stm32f10x_tim.o(.text)
    TIM_GenerateEvent                        0x08003d25   Thumb Code     4  stm32f10x_tim.o(.text)
    TIM_DMAConfig                            0x08003d29   Thumb Code    10  stm32f10x_tim.o(.text)
    TIM_DMACmd                               0x08003d33   Thumb Code    18  stm32f10x_tim.o(.text)
    TIM_InternalClockConfig                  0x08003d45   Thumb Code    12  stm32f10x_tim.o(.text)
    TIM_SelectInputTrigger                   0x08003d51   Thumb Code    18  stm32f10x_tim.o(.text)
    TIM_ITRxExternalClockConfig              0x08003d63   Thumb Code    24  stm32f10x_tim.o(.text)
    TIM_TIxExternalClockConfig               0x08003d7b   Thumb Code    62  stm32f10x_tim.o(.text)
    TIM_ETRConfig                            0x08003db9   Thumb Code    28  stm32f10x_tim.o(.text)
    TIM_ETRClockMode1Config                  0x08003dd5   Thumb Code    54  stm32f10x_tim.o(.text)
    TIM_ETRClockMode2Config                  0x08003e0b   Thumb Code    32  stm32f10x_tim.o(.text)
    TIM_PrescalerConfig                      0x08003e2b   Thumb Code     6  stm32f10x_tim.o(.text)
    TIM_CounterModeConfig                    0x08003e31   Thumb Code    18  stm32f10x_tim.o(.text)
    TIM_EncoderInterfaceConfig               0x08003e43   Thumb Code    66  stm32f10x_tim.o(.text)
    TIM_ForcedOC1Config                      0x08003e85   Thumb Code    18  stm32f10x_tim.o(.text)
    TIM_ForcedOC2Config                      0x08003e97   Thumb Code    26  stm32f10x_tim.o(.text)
    TIM_ForcedOC3Config                      0x08003eb1   Thumb Code    18  stm32f10x_tim.o(.text)
    TIM_ForcedOC4Config                      0x08003ec3   Thumb Code    26  stm32f10x_tim.o(.text)
    TIM_ARRPreloadConfig                     0x08003edd   Thumb Code    24  stm32f10x_tim.o(.text)
    TIM_SelectCOM                            0x08003ef5   Thumb Code    24  stm32f10x_tim.o(.text)
    TIM_SelectCCDMA                          0x08003f0d   Thumb Code    24  stm32f10x_tim.o(.text)
    TIM_CCPreloadControl                     0x08003f25   Thumb Code    24  stm32f10x_tim.o(.text)
    TIM_OC1PreloadConfig                     0x08003f3d   Thumb Code    18  stm32f10x_tim.o(.text)
    TIM_OC2PreloadConfig                     0x08003f4f   Thumb Code    26  stm32f10x_tim.o(.text)
    TIM_OC3PreloadConfig                     0x08003f69   Thumb Code    18  stm32f10x_tim.o(.text)
    TIM_OC4PreloadConfig                     0x08003f7b   Thumb Code    26  stm32f10x_tim.o(.text)
    TIM_OC1FastConfig                        0x08003f95   Thumb Code    18  stm32f10x_tim.o(.text)
    TIM_OC2FastConfig                        0x08003fa7   Thumb Code    26  stm32f10x_tim.o(.text)
    TIM_OC3FastConfig                        0x08003fc1   Thumb Code    18  stm32f10x_tim.o(.text)
    TIM_OC4FastConfig                        0x08003fd3   Thumb Code    26  stm32f10x_tim.o(.text)
    TIM_ClearOC1Ref                          0x08003fed   Thumb Code    18  stm32f10x_tim.o(.text)
    TIM_ClearOC2Ref                          0x08003fff   Thumb Code    24  stm32f10x_tim.o(.text)
    TIM_ClearOC3Ref                          0x08004017   Thumb Code    18  stm32f10x_tim.o(.text)
    TIM_ClearOC4Ref                          0x08004029   Thumb Code    24  stm32f10x_tim.o(.text)
    TIM_OC1PolarityConfig                    0x08004041   Thumb Code    18  stm32f10x_tim.o(.text)
    TIM_OC1NPolarityConfig                   0x08004053   Thumb Code    18  stm32f10x_tim.o(.text)
    TIM_OC2PolarityConfig                    0x08004065   Thumb Code    26  stm32f10x_tim.o(.text)
    TIM_OC2NPolarityConfig                   0x0800407f   Thumb Code    26  stm32f10x_tim.o(.text)
    TIM_OC3PolarityConfig                    0x08004099   Thumb Code    26  stm32f10x_tim.o(.text)
    TIM_OC3NPolarityConfig                   0x080040b3   Thumb Code    26  stm32f10x_tim.o(.text)
    TIM_OC4PolarityConfig                    0x080040cd   Thumb Code    26  stm32f10x_tim.o(.text)
    TIM_CCxCmd                               0x080040e7   Thumb Code    30  stm32f10x_tim.o(.text)
    TIM_CCxNCmd                              0x08004105   Thumb Code    30  stm32f10x_tim.o(.text)
    TIM_SelectOCxM                           0x08004123   Thumb Code    82  stm32f10x_tim.o(.text)
    TIM_UpdateDisableConfig                  0x08004175   Thumb Code    24  stm32f10x_tim.o(.text)
    TIM_UpdateRequestConfig                  0x0800418d   Thumb Code    24  stm32f10x_tim.o(.text)
    TIM_SelectHallSensor                     0x080041a5   Thumb Code    24  stm32f10x_tim.o(.text)
    TIM_SelectOnePulseMode                   0x080041bd   Thumb Code    18  stm32f10x_tim.o(.text)
    TIM_SelectOutputTrigger                  0x080041cf   Thumb Code    18  stm32f10x_tim.o(.text)
    TIM_SelectSlaveMode                      0x080041e1   Thumb Code    18  stm32f10x_tim.o(.text)
    TIM_SelectMasterSlaveMode                0x080041f3   Thumb Code    18  stm32f10x_tim.o(.text)
    TIM_SetCounter                           0x08004205   Thumb Code     4  stm32f10x_tim.o(.text)
    TIM_SetAutoreload                        0x08004209   Thumb Code     4  stm32f10x_tim.o(.text)
    TIM_SetCompare1                          0x0800420d   Thumb Code     4  stm32f10x_tim.o(.text)
    TIM_SetCompare2                          0x08004211   Thumb Code     4  stm32f10x_tim.o(.text)
    TIM_SetCompare3                          0x08004215   Thumb Code     4  stm32f10x_tim.o(.text)
    TIM_SetCompare4                          0x08004219   Thumb Code     6  stm32f10x_tim.o(.text)
    TIM_SetClockDivision                     0x0800421f   Thumb Code    18  stm32f10x_tim.o(.text)
    TIM_GetCapture1                          0x08004231   Thumb Code     6  stm32f10x_tim.o(.text)
    TIM_GetCapture2                          0x08004237   Thumb Code     6  stm32f10x_tim.o(.text)
    TIM_GetCapture3                          0x0800423d   Thumb Code     6  stm32f10x_tim.o(.text)
    TIM_GetCapture4                          0x08004243   Thumb Code     8  stm32f10x_tim.o(.text)
    TIM_GetCounter                           0x0800424b   Thumb Code     6  stm32f10x_tim.o(.text)
    TIM_GetPrescaler                         0x08004251   Thumb Code     6  stm32f10x_tim.o(.text)
    TIM_GetFlagStatus                        0x08004257   Thumb Code    18  stm32f10x_tim.o(.text)
    TIM_ClearFlag                            0x08004269   Thumb Code     6  stm32f10x_tim.o(.text)
    TIM_GetITStatus                          0x0800426f   Thumb Code    34  stm32f10x_tim.o(.text)
    TIM_ClearITPendingBit                    0x08004291   Thumb Code     6  stm32f10x_tim.o(.text)
    usmart_sys_cmd_exe                       0x08004299   Thumb Code  1570  usmart.o(.text)
    TIM2_IRQHandler                          0x080048bb   Thumb Code    28  usmart.o(.text)
    Timer2_Init                              0x080048d7   Thumb Code    98  usmart.o(.text)
    usmart_init                              0x08004939   Thumb Code    36  usmart.o(.text)
    usmart_cmd_rec                           0x0800495d   Thumb Code   170  usmart.o(.text)
    usmart_exe                               0x08004a07   Thumb Code   708  usmart.o(.text)
    usmart_scan                              0x08004ccb   Thumb Code   118  usmart.o(.text)
    read_addr                                0x08004d41   Thumb Code     6  usmart.o(.text)
    write_addr                               0x08004d47   Thumb Code     4  usmart.o(.text)
    usmart_strcmp                            0x08004da5   Thumb Code    34  usmart_str.o(.text)
    usmart_strcopy                           0x08004dc7   Thumb Code    22  usmart_str.o(.text)
    usmart_strlen                            0x08004ddd   Thumb Code    24  usmart_str.o(.text)
    usmart_pow                               0x08004df5   Thumb Code    22  usmart_str.o(.text)
    usmart_str2num                           0x08004e0b   Thumb Code   202  usmart_str.o(.text)
    usmart_get_cmdname                       0x08004ed5   Thumb Code    54  usmart_str.o(.text)
    usmart_search_nextc                      0x08004f0b   Thumb Code    20  usmart_str.o(.text)
    usmart_get_fname                         0x08004f1f   Thumb Code   430  usmart_str.o(.text)
    usmart_get_aparm                         0x080050cd   Thumb Code   188  usmart_str.o(.text)
    usmart_get_parmpos                       0x08005189   Thumb Code    26  usmart_str.o(.text)
    usmart_get_fparam                        0x080051a3   Thumb Code   262  usmart_str.o(.text)
    NesFrameCycle                            0x080052b5   Thumb Code   250  nes_main.o(.text)
    nes_main                                 0x080053af   Thumb Code    22  nes_main.o(.text)
    PPU_Init                                 0x080053ed   Thumb Code    86  ppu.o(.text)
    PPU_NameTablesRead                       0x08005443   Thumb Code    70  ppu.o(.text)
    PPU_NameTablesWrite                      0x08005489   Thumb Code    74  ppu.o(.text)
    PPU_MemWrite                             0x080054d3   Thumb Code   170  ppu.o(.text)
    PPU_MemRead                              0x0800557d   Thumb Code   178  ppu.o(.text)
    PPU_RegWrite                             0x0800562f   Thumb Code   138  ppu.o(.text)
    PPU_RegRead                              0x080056b9   Thumb Code   130  ppu.o(.text)
    NES_GetSpr0HitFlag                       0x0800573b   Thumb Code   708  ppu.o(.text)
    NES_RenderBGLine                         0x080059ff   Thumb Code   504  ppu.o(.text)
    NES_RenderSprPattern                     0x08005bf7   Thumb Code   280  ppu.o(.text)
    NES_RenderSprite88                       0x08005d0f   Thumb Code    48  ppu.o(.text)
    NES_RenderSprite16                       0x08005d3f   Thumb Code   114  ppu.o(.text)
    NES_LCD_DisplayLine                      0x08005db1   Thumb Code    46  ppu.o(.text)
    NES_RenderLine                           0x08005ddf   Thumb Code   380  ppu.o(.text)
    __use_no_semihosting                     0x08005f7d   Thumb Code     2  use_no_semi_2.o(.text)
    __2printf                                0x08005f81   Thumb Code    20  noretval__2printf.o(.text)
    _printf_pre_padding                      0x08005f99   Thumb Code    46  _printf_pad.o(.text)
    _printf_post_padding                     0x08005fc7   Thumb Code    36  _printf_pad.o(.text)
    _printf_str                              0x08005feb   Thumb Code    82  _printf_str.o(.text)
    _printf_int_dec                          0x0800603d   Thumb Code   102  _printf_dec.o(.text)
    _printf_int_hex                          0x080060b5   Thumb Code    88  _printf_hex_int.o(.text)
    _printf_longlong_hex                     0x080060b5   Thumb Code     0  _printf_hex_int.o(.text)
    __printf                                 0x08006111   Thumb Code   390  __printf_flags_ss_wp.o(.text)
    __use_two_region_memory                  0x0800629d   Thumb Code     2  heapauxi.o(.text)
    __rt_heap_escrow$2region                 0x0800629f   Thumb Code     2  heapauxi.o(.text)
    __rt_heap_expand$2region                 0x080062a1   Thumb Code     2  heapauxi.o(.text)
    __I$use$semihosting                      0x080062a3   Thumb Code     0  use_no_semi.o(.text)
    __use_no_semihosting_swi                 0x080062a3   Thumb Code     2  use_no_semi.o(.text)
    _printf_int_common                       0x080062a5   Thumb Code   184  _printf_intcommon.o(.text)
    _printf_cs_common                        0x0800635d   Thumb Code    20  _printf_char.o(.text)
    _printf_char                             0x08006371   Thumb Code    16  _printf_char.o(.text)
    _printf_string                           0x08006381   Thumb Code     8  _printf_char.o(.text)
    _printf_char_file                        0x08006389   Thumb Code    32  _printf_char_file.o(.text)
    _printf_char_common                      0x080063b7   Thumb Code    32  _printf_char_common.o(.text)
    ferror                                   0x080063dd   Thumb Code     8  ferror.o(.text)
    __user_setup_stackheap                   0x080063e5   Thumb Code    74  sys_stackheap_outer.o(.text)
    exit                                     0x0800642f   Thumb Code    12  exit.o(.text)
    __user_libspace                          0x0800643d   Thumb Code     8  libspace.o(.text)
    __user_perproc_libspace                  0x0800643d   Thumb Code     0  libspace.o(.text)
    __user_perthread_libspace                0x0800643d   Thumb Code     0  libspace.o(.text)
    run                                      0x08008249   Thumb Code    52  6502.o(cpu_run)
    line242NMI                               0x0800827d   Thumb Code    44  6502.o(cpu_run)
    CPU_reset                                0x08008361   Thumb Code    60  6502.o(cpu_run)
    _is_digit                                0x080083b1   Thumb Code    14  __printf_wp.o(i._is_digit)
    loadcart                                 0x08008511   Thumb Code    74  cart.o(rom_code)
    __aeabi_d2uiz                            0x080086c5   Thumb Code     0  dfixu.o(x$fpl$dfixu)
    _dfixu                                   0x080086c5   Thumb Code    90  dfixu.o(x$fpl$dfixu)
    __aeabi_ui2d                             0x0800871f   Thumb Code     0  dflt_clz.o(x$fpl$dfltu)
    _dfltu                                   0x0800871f   Thumb Code    38  dflt_clz.o(x$fpl$dfltu)
    __aeabi_dmul                             0x08008745   Thumb Code     0  dmul.o(x$fpl$dmul)
    _dmul                                    0x08008745   Thumb Code   332  dmul.o(x$fpl$dmul)
    __fpl_dnaninf                            0x08008899   Thumb Code   156  dnaninf.o(x$fpl$dnaninf)
    __fpl_dretinf                            0x08008935   Thumb Code    12  dretinf.o(x$fpl$dretinf)
    __I$use$fp                               0x08008940   Number         0  usenofp.o(x$fpl$usenofp)
    asc2_1206                                0x08008940   Data        1140  lcd.o(.constdata)
    asc2_1608                                0x08008db4   Data        1520  lcd.o(.constdata)
    asc2_2412                                0x080093a4   Data        3420  lcd.o(.constdata)
    nes_rom                                  0x0800a100   Data       40976  nes_main.o(.constdata)
    NES_Color_Palette                        0x08014110   Data         128  ppu.o(.constdata)
    Region$$Table$$Base                      0x08014298   Number         0  anon$$obj.o(Region$$Table)
    Region$$Table$$Limit                     0x080142b8   Number         0  anon$$obj.o(Region$$Table)
    SystemCoreClock                          0x20000000   Data           4  system_stm32f10x.o(.data)
    AHBPrescTable                            0x20000004   Data          16  system_stm32f10x.o(.data)
    POINT_COLOR                              0x20000016   Data           2  lcd.o(.data)
    BACK_COLOR                               0x20000018   Data           2  lcd.o(.data)
    USART_RX_STA                             0x20000020   Data           2  usart.o(.data)
    __stdout                                 0x20000024   Data           4  usart.o(.data)
    sys_cmd_tab                              0x2000003c   Data          24  usmart.o(.data)
    usmart_nametab                           0x20000054   Data          48  usmart_config.o(.data)
    usmart_dev                               0x20000084   Data         236  usmart_config.o(.data)
    FPS                                      0x20000170   Data           1  nes_main.o(.data)
    frame_cnt                                0x20000171   Data           1  nes_main.o(.data)
    romfile                                  0x20000174   Data           4  nes_main.o(.data)
    sprite                                   0x20000178   Data           4  ppu.o(.data)
    PPU_Reg                                  0x2000017c   Data           4  ppu.o(.data)
    spr_addrcnt                              0x20000180   Data           1  ppu.o(.data)
    SpriteHitFlag                            0x20000181   Data           1  ppu.o(.data)
    PPU_Latch_Flag                           0x20000182   Data           1  ppu.o(.data)
    PPU_scanline                             0x20000184   Data           4  ppu.o(.data)
    PPU_BG_VScrlOrg                          0x20000188   Data           1  ppu.o(.data)
    PPU_BG_HScrlOrg                          0x20000189   Data           1  ppu.o(.data)
    op_table                                 0x2000018c   Data           0  6502.o(wram_globals0)
    lcddev                                   0x20000624   Data          14  lcd.o(.bss)
    USART_RX_BUF                             0x20000632   Data         200  usart.o(.bss)
    __libspace_start                         0x200006fc   Data          96  libspace.o(.bss)
    __temporary_stack_top$libspace           0x2000075c   Data           0  libspace.o(.bss)
    NES_RAM                                  0x20000800   Data        2048  nes_main.o(.ARM.__AT_0x20000800)
    NameTable                                0x20001000   Data        2048  ppu.o(.bss)
    PPU_Mem                                  0x20001800   Data          60  ppu.o(.bss)
    spr_ram                                  0x2000183c   Data         256  ppu.o(.bss)
    Buffer_scanline                          0x2000193c   Data        1088  ppu.o(.bss)
    testsram                                 0x60000000   Data       1000000  main.o(.ARM.__AT_0x60000000)



==============================================================================

Memory Map of the image

  Image Entry point : 0x08000131

  Load Region LR_IROM1 (Base: 0x08000000, Size: 0x000148dc, Max: 0x00080000, ABSOLUTE, COMPRESSED[0x00014578])

    Execution Region ER_IROM1 (Base: 0x08000000, Size: 0x000142b8, Max: 0x00080000, ABSOLUTE)

    Base Addr    Size         Type   Attr      Idx    E Section Name        Object

    0x08000000   0x00000130   Data   RO          270    RESET               startup_stm32f10x_hd.o
    0x08000130   0x00000008   Code   RO          577  * !!!main             c_w.l(__main.o)
    0x08000138   0x00000034   Code   RO          763    !!!scatter          c_w.l(__scatter.o)
    0x0800016c   0x0000005a   Code   RO          761    !!dczerorl2         c_w.l(__dczerorl2.o)
    0x080001c6   0x00000002   PAD
    0x080001c8   0x0000001c   Code   RO          765    !!handler_zi        c_w.l(__scatter_zi.o)
    0x080001e4   0x00000000   Code   RO          574    .ARM.Collect$$_printf_percent$$00000000  c_w.l(_printf_percent.o)
    0x080001e4   0x00000006   Code   RO          572    .ARM.Collect$$_printf_percent$$00000009  c_w.l(_printf_d.o)
    0x080001ea   0x00000006   Code   RO          573    .ARM.Collect$$_printf_percent$$0000000A  c_w.l(_printf_u.o)
    0x080001f0   0x00000006   Code   RO          571    .ARM.Collect$$_printf_percent$$0000000C  c_w.l(_printf_x.o)
    0x080001f6   0x00000006   Code   RO          569    .ARM.Collect$$_printf_percent$$00000013  c_w.l(_printf_c.o)
    0x080001fc   0x00000006   Code   RO          570    .ARM.Collect$$_printf_percent$$00000014  c_w.l(_printf_s.o)
    0x08000202   0x00000004   Code   RO          600    .ARM.Collect$$_printf_percent$$00000017  c_w.l(_printf_percent_end.o)
    0x08000206   0x00000002   Code   RO          638    .ARM.Collect$$libinit$$00000000  c_w.l(libinit.o)
    0x08000208   0x00000000   Code   RO          645    .ARM.Collect$$libinit$$00000002  c_w.l(libinit2.o)
    0x08000208   0x00000000   Code   RO          648    .ARM.Collect$$libinit$$00000008  c_w.l(libinit2.o)
    0x08000208   0x00000000   Code   RO          650    .ARM.Collect$$libinit$$0000000A  c_w.l(libinit2.o)
    0x08000208   0x00000000   Code   RO          652    .ARM.Collect$$libinit$$0000000C  c_w.l(libinit2.o)
    0x08000208   0x00000000   Code   RO          655    .ARM.Collect$$libinit$$0000000F  c_w.l(libinit2.o)
    0x08000208   0x00000000   Code   RO          657    .ARM.Collect$$libinit$$00000011  c_w.l(libinit2.o)
    0x08000208   0x00000000   Code   RO          659    .ARM.Collect$$libinit$$00000013  c_w.l(libinit2.o)
    0x08000208   0x00000000   Code   RO          661    .ARM.Collect$$libinit$$00000015  c_w.l(libinit2.o)
    0x08000208   0x00000000   Code   RO          663    .ARM.Collect$$libinit$$00000017  c_w.l(libinit2.o)
    0x08000208   0x00000000   Code   RO          665    .ARM.Collect$$libinit$$00000019  c_w.l(libinit2.o)
    0x08000208   0x00000000   Code   RO          667    .ARM.Collect$$libinit$$0000001B  c_w.l(libinit2.o)
    0x08000208   0x00000000   Code   RO          669    .ARM.Collect$$libinit$$0000001D  c_w.l(libinit2.o)
    0x08000208   0x00000000   Code   RO          671    .ARM.Collect$$libinit$$0000001F  c_w.l(libinit2.o)
    0x08000208   0x00000000   Code   RO          673    .ARM.Collect$$libinit$$00000021  c_w.l(libinit2.o)
    0x08000208   0x00000000   Code   RO          675    .ARM.Collect$$libinit$$00000023  c_w.l(libinit2.o)
    0x08000208   0x00000000   Code   RO          679    .ARM.Collect$$libinit$$0000002A  c_w.l(libinit2.o)
    0x08000208   0x00000000   Code   RO          681    .ARM.Collect$$libinit$$0000002C  c_w.l(libinit2.o)
    0x08000208   0x00000000   Code   RO          683    .ARM.Collect$$libinit$$0000002E  c_w.l(libinit2.o)
    0x08000208   0x00000000   Code   RO          685    .ARM.Collect$$libinit$$00000030  c_w.l(libinit2.o)
    0x08000208   0x00000002   Code   RO          686    .ARM.Collect$$libinit$$00000031  c_w.l(libinit2.o)
    0x0800020a   0x00000002   Code   RO          704    .ARM.Collect$$libshutdown$$00000000  c_w.l(libshutdown.o)
    0x0800020c   0x00000000   Code   RO          715    .ARM.Collect$$libshutdown$$00000003  c_w.l(libshutdown2.o)
    0x0800020c   0x00000000   Code   RO          718    .ARM.Collect$$libshutdown$$00000006  c_w.l(libshutdown2.o)
    0x0800020c   0x00000000   Code   RO          721    .ARM.Collect$$libshutdown$$00000009  c_w.l(libshutdown2.o)
    0x0800020c   0x00000000   Code   RO          723    .ARM.Collect$$libshutdown$$0000000B  c_w.l(libshutdown2.o)
    0x0800020c   0x00000000   Code   RO          726    .ARM.Collect$$libshutdown$$0000000E  c_w.l(libshutdown2.o)
    0x0800020c   0x00000002   Code   RO          727    .ARM.Collect$$libshutdown$$0000000F  c_w.l(libshutdown2.o)
    0x0800020e   0x00000000   Code   RO          593    .ARM.Collect$$rtentry$$00000000  c_w.l(rtentry.o)
    0x0800020e   0x00000000   Code   RO          607    .ARM.Collect$$rtentry$$00000002  c_w.l(rtentry2.o)
    0x0800020e   0x00000006   Code   RO          619    .ARM.Collect$$rtentry$$00000004  c_w.l(rtentry4.o)
    0x08000214   0x00000000   Code   RO          609    .ARM.Collect$$rtentry$$00000009  c_w.l(rtentry2.o)
    0x08000214   0x00000004   Code   RO          610    .ARM.Collect$$rtentry$$0000000A  c_w.l(rtentry2.o)
    0x08000218   0x00000000   Code   RO          612    .ARM.Collect$$rtentry$$0000000C  c_w.l(rtentry2.o)
    0x08000218   0x00000008   Code   RO          613    .ARM.Collect$$rtentry$$0000000D  c_w.l(rtentry2.o)
    0x08000220   0x00000002   Code   RO          642    .ARM.Collect$$rtexit$$00000000  c_w.l(rtexit.o)
    0x08000222   0x00000000   Code   RO          688    .ARM.Collect$$rtexit$$00000002  c_w.l(rtexit2.o)
    0x08000222   0x00000004   Code   RO          689    .ARM.Collect$$rtexit$$00000003  c_w.l(rtexit2.o)
    0x08000226   0x00000006   Code   RO          690    .ARM.Collect$$rtexit$$00000004  c_w.l(rtexit2.o)
    0x0800022c   0x00000144   Code   RO            1    .text               main.o
    0x08000370   0x0000001a   Code   RO           90    .text               stm32f10x_it.o
    0x0800038a   0x00000002   PAD
    0x0800038c   0x000001dc   Code   RO          122    .text               system_stm32f10x.o
    0x08000568   0x0000004c   Code   RO          140    .text               led.o
    0x080005b4   0x000000fc   Code   RO          156    .text               key.o
    0x080006b0   0x00001848   Code   RO          169    .text               lcd.o
    0x08001ef8   0x0000012c   Code   RO          192    .text               sram.o
    0x08002024   0x000000d0   Code   RO          208    .text               delay.o
    0x080020f4   0x0000000c   Code   RO          222    .text               sys.o
    0x08002100   0x00000144   Code   RO          234    .text               usart.o
    0x08002244   0x00000040   Code   RO          271    .text               startup_stm32f10x_hd.o
    0x08002284   0x000000dc   Code   RO          275    .text               misc.o
    0x08002360   0x00000618   Code   RO          287    .text               stm32f10x_fsmc.o
    0x08002978   0x00000358   Code   RO          299    .text               stm32f10x_gpio.o
    0x08002cd0   0x000003a4   Code   RO          311    .text               stm32f10x_rcc.o
    0x08003074   0x00000408   Code   RO          325    .text               stm32f10x_usart.o
    0x0800347c   0x00000e1a   Code   RO          337    .text               stm32f10x_tim.o
    0x08004296   0x00000002   PAD
    0x08004298   0x00000b0c   Code   RO          349    .text               usmart.o
    0x08004da4   0x00000510   Code   RO          388    .text               usmart_str.o
    0x080052b4   0x00000138   Code   RO          426    .text               nes_main.o
    0x080053ec   0x00000b90   Code   RO          456    .text               ppu.o
    0x08005f7c   0x00000002   Code   RO          514    .text               c_w.l(use_no_semi_2.o)
    0x08005f7e   0x00000002   PAD
    0x08005f80   0x00000018   Code   RO          518    .text               c_w.l(noretval__2printf.o)
    0x08005f98   0x00000052   Code   RO          522    .text               c_w.l(_printf_pad.o)
    0x08005fea   0x00000052   Code   RO          524    .text               c_w.l(_printf_str.o)
    0x0800603c   0x00000078   Code   RO          526    .text               c_w.l(_printf_dec.o)
    0x080060b4   0x0000005c   Code   RO          531    .text               c_w.l(_printf_hex_int.o)
    0x08006110   0x0000018c   Code   RO          566    .text               c_w.l(__printf_flags_ss_wp.o)
    0x0800629c   0x00000006   Code   RO          575    .text               c_w.l(heapauxi.o)
    0x080062a2   0x00000002   Code   RO          591    .text               c_w.l(use_no_semi.o)
    0x080062a4   0x000000b8   Code   RO          594    .text               c_w.l(_printf_intcommon.o)
    0x0800635c   0x0000002c   Code   RO          596    .text               c_w.l(_printf_char.o)
    0x08006388   0x00000024   Code   RO          598    .text               c_w.l(_printf_char_file.o)
    0x080063ac   0x00000030   Code   RO          621    .text               c_w.l(_printf_char_common.o)
    0x080063dc   0x00000008   Code   RO          623    .text               c_w.l(ferror.o)
    0x080063e4   0x0000004a   Code   RO          627    .text               c_w.l(sys_stackheap_outer.o)
    0x0800642e   0x0000000c   Code   RO          631    .text               c_w.l(exit.o)
    0x0800643a   0x00000002   PAD
    0x0800643c   0x00000008   Code   RO          639    .text               c_w.l(libspace.o)
    0x08006444   0x00000028   Code   RO          494    CPU_GPU             6502.o
    0x0800646c   0x00001dda   Code   RO          490    cpu_code            6502.o
    0x08008246   0x00000002   PAD
    0x08008248   0x00000168   Code   RO          491    cpu_run             6502.o
    0x080083b0   0x0000000e   Code   RO          559    i._is_digit         c_w.l(__printf_wp.o)
    0x080083be   0x00000002   PAD
    0x080083c0   0x00000150   Code   RO          493    io_code             6502.o
    0x08008510   0x00000148   Code   RO          507    rom_code            cart.o
    0x08008658   0x0000006c   Code   RO          492    rwram_code          6502.o
    0x080086c4   0x0000005a   Code   RO          579    x$fpl$dfixu         fz_ws.l(dfixu.o)
    0x0800871e   0x00000026   Code   RO          583    x$fpl$dfltu         fz_ws.l(dflt_clz.o)
    0x08008744   0x00000154   Code   RO          589    x$fpl$dmul          fz_ws.l(dmul.o)
    0x08008898   0x0000009c   Code   RO          601    x$fpl$dnaninf       fz_ws.l(dnaninf.o)
    0x08008934   0x0000000c   Code   RO          603    x$fpl$dretinf       fz_ws.l(dretinf.o)
    0x08008940   0x00000000   Code   RO          605    x$fpl$usenofp       fz_ws.l(usenofp.o)
    0x08008940   0x000017c0   Data   RO          171    .constdata          lcd.o
    0x0800a100   0x0000a010   Data   RO          428    .constdata          nes_main.o
    0x08014110   0x00000080   Data   RO          458    .constdata          ppu.o
    0x08014190   0x00000028   Data   RO          532    .constdata          c_w.l(_printf_hex_int.o)
    0x080141b8   0x00000011   Data   RO          567    .constdata          c_w.l(__printf_flags_ss_wp.o)
    0x080141c9   0x00000017   Data   RO          350    .conststring        usmart.o
    0x080141e0   0x000000b5   Data   RO          372    .conststring        usmart_config.o
    0x08014295   0x00000003   PAD
    0x08014298   0x00000020   Data   RO          759    Region$$Table       anon$$obj.o


    Execution Region RW_IRAM1 (Base: 0x20000000, Size: 0x00002380, Max: 0x00010000, ABSOLUTE, COMPRESSED[0x000002c0])

    Base Addr    Size         Type   Attr      Idx    E Section Name        Object

    0x20000000   0x00000014   Data   RW          123    .data               system_stm32f10x.o
    0x20000014   0x00000001   Data   RW          157    .data               key.o
    0x20000015   0x00000001   PAD
    0x20000016   0x00000004   Data   RW          172    .data               lcd.o
    0x2000001a   0x00000004   Data   RW          209    .data               delay.o
    0x2000001e   0x00000002   PAD
    0x20000020   0x00000008   Data   RW          236    .data               usart.o
    0x20000028   0x00000014   Data   RW          312    .data               stm32f10x_rcc.o
    0x2000003c   0x00000018   Data   RW          351    .data               usmart.o
    0x20000054   0x0000011c   Data   RW          373    .data               usmart_config.o
    0x20000170   0x00000008   Data   RW          429    .data               nes_main.o
    0x20000178   0x00000012   Data   RW          459    .data               ppu.o
    0x2000018a   0x00000002   PAD
    0x2000018c   0x00000498   Data   RW          495    wram_globals0       6502.o
    0x20000624   0x0000000e   Zero   RW          170    .bss                lcd.o
    0x20000632   0x000000c8   Zero   RW          235    .bss                usart.o
    0x200006fa   0x00000002   PAD
    0x200006fc   0x00000060   Zero   RW          640    .bss                c_w.l(libspace.o)
    0x2000075c   0x000000a4   PAD
    0x20000800   0x00000800   Zero   RW          427    .ARM.__AT_0x20000800  nes_main.o
    0x20001000   0x00000d7c   Zero   RW          457    .bss                ppu.o
    0x20001d7c   0x00000004   PAD
    0x20001d80   0x00000200   Zero   RW          269    HEAP                startup_stm32f10x_hd.o
    0x20001f80   0x00000400   Zero   RW          268    STACK               startup_stm32f10x_hd.o



  Load Region LR$$.ARM.__AT_0x60000000 (Base: 0x60000000, Size: 0x00000000, Max: 0x000f4240, ABSOLUTE)

    Execution Region ER$$.ARM.__AT_0x60000000 (Base: 0x60000000, Size: 0x000f4240, Max: 0x000f4240, ABSOLUTE, UNINIT)

    Base Addr    Size         Type   Attr      Idx    E Section Name        Object

    0x60000000   0x000f4240   Zero   RW            2    .ARM.__AT_0x60000000  main.o


==============================================================================

Image component sizes


      Code (inc. data)   RO Data    RW Data    ZI Data      Debug   Object Name

      8486        144          0       1176          0       1872   6502.o
       328         12          0          0          0        380   cart.o
         0          0          0          0          0         32   core_cm3.o
       208         18          0          4          0        935   delay.o
       252         12          0          1          0        788   key.o
      6216        110       6080          4         14      14658   lcd.o
        76          8          0          0          0        455   led.o
       324         36          0          0    1000000     276788   main.o
       220         20          0          0          0       1717   misc.o
       312         40      40976          8       2048       1645   nes_main.o
      2960         94        128         18       3452     211317   ppu.o
       300         16          0          0          0       1877   sram.o
        64         26        304          0       1536        752   startup_stm32f10x_hd.o
      1560         54          0          0          0       5259   stm32f10x_fsmc.o
       856         40          0          0          0       5561   stm32f10x_gpio.o
        26          0          0          0          0       1138   stm32f10x_it.o
       932         44          0         20          0       8692   stm32f10x_rcc.o
      3610         88          0          0          0      22048   stm32f10x_tim.o
      1032         22          0          0          0       8288   stm32f10x_usart.o
        12          0          0          0          0        409   sys.o
       476         36          0         20          0       1611   system_stm32f10x.o
       324         16          0          8        200       2930   usart.o
      2828       1158         23         24          0       3790   usmart.o
         0          0        181        284          0       1472   usmart_config.o
      1296         12          0          0          0       4925   usmart_str.o

    ----------------------------------------------------------------------
     32704       2006      47727       1572    1007256     579339   Object Totals
         0          0         32          0          0          0   (incl. Generated)
         6          0          3          5          6          0   (incl. Padding)

    ----------------------------------------------------------------------

      Code (inc. data)   RO Data    RW Data    ZI Data      Debug   Library Member Name

        90          0          0          0          0          0   __dczerorl2.o
         8          0          0          0          0         68   __main.o
       396          6         17          0          0         92   __printf_flags_ss_wp.o
        14          0          0          0          0         68   __printf_wp.o
        52          8          0          0          0          0   __scatter.o
        28          0          0          0          0          0   __scatter_zi.o
         6          0          0          0          0          0   _printf_c.o
        44          0          0          0          0        108   _printf_char.o
        48          6          0          0          0         96   _printf_char_common.o
        36          4          0          0          0         80   _printf_char_file.o
         6          0          0          0          0          0   _printf_d.o
       120         18          0          0          0         92   _printf_dec.o
        92          4         40          0          0         88   _printf_hex_int.o
       184          0          0          0          0         88   _printf_intcommon.o
        82          0          0          0          0        108   _printf_pad.o
         0          0          0          0          0          0   _printf_percent.o
         4          0          0          0          0          0   _printf_percent_end.o
         6          0          0          0          0          0   _printf_s.o
        82          0          0          0          0         80   _printf_str.o
         6          0          0          0          0          0   _printf_u.o
         6          0          0          0          0          0   _printf_x.o
        12          0          0          0          0         72   exit.o
         8          0          0          0          0         68   ferror.o
         6          0          0          0          0        152   heapauxi.o
         2          0          0          0          0          0   libinit.o
         2          0          0          0          0          0   libinit2.o
         2          0          0          0          0          0   libshutdown.o
         2          0          0          0          0          0   libshutdown2.o
         8          4          0          0         96         68   libspace.o
        24          4          0          0          0         84   noretval__2printf.o
         0          0          0          0          0          0   rtentry.o
        12          0          0          0          0          0   rtentry2.o
         6          0          0          0          0          0   rtentry4.o
         2          0          0          0          0          0   rtexit.o
        10          0          0          0          0          0   rtexit2.o
        74          0          0          0          0         80   sys_stackheap_outer.o
         2          0          0          0          0         68   use_no_semi.o
         2          0          0          0          0         68   use_no_semi_2.o
        90          4          0          0          0         92   dfixu.o
        38          0          0          0          0         68   dflt_clz.o
       340         12          0          0          0        104   dmul.o
       156          4          0          0          0         92   dnaninf.o
        12          0          0          0          0         68   dretinf.o
         0          0          0          0          0          0   usenofp.o

    ----------------------------------------------------------------------
      2128         74         57          0        260       2052   Library Totals
         8          0          0          0        164          0   (incl. Padding)

    ----------------------------------------------------------------------

      Code (inc. data)   RO Data    RW Data    ZI Data      Debug   Library Name

      1484         54         57          0         96       1628   c_w.l
       636         20          0          0          0        424   fz_ws.l

    ----------------------------------------------------------------------
      2128         74         57          0        260       2052   Library Totals

    ----------------------------------------------------------------------

==============================================================================


      Code (inc. data)   RO Data    RW Data    ZI Data      Debug   

     34832       2080      47784       1572    1007516     578271   Grand Totals
     34832       2080      47784        704    1007516     578271   ELF Image Totals (compressed)
     34832       2080      47784        704          0          0   ROM Totals

==============================================================================

    Total RO  Size (Code + RO Data)                82616 (  80.68kB)
    Total RW  Size (RW Data + ZI Data)           1009088 ( 985.44kB)
    Total ROM Size (Code + RO Data + RW Data)      83320 (  81.37kB)

==============================================================================

