Component: ARM Compiler 5.06 update 6 (build 750) Tool: armlink [4d35ed]

==============================================================================

Section Cross References

    system_mini58series.o(.text) refers to aeabi_sdiv.o(.text) for __aeabi_uidivmod
    system_mini58series.o(.text) refers to system_mini58series.o(.data) for .data
    startup_mini58series.o(STACK) refers (Special) to heapauxi.o(.text) for __use_two_region_memory
    startup_mini58series.o(HEAP) refers (Special) to heapauxi.o(.text) for __use_two_region_memory
    startup_mini58series.o(RESET) refers (Special) to heapauxi.o(.text) for __use_two_region_memory
    startup_mini58series.o(RESET) refers to startup_mini58series.o(STACK) for __initial_sp
    startup_mini58series.o(RESET) refers to startup_mini58series.o(.text) for Reset_Handler
    startup_mini58series.o(RESET) refers to retarget.o(.emb_text) for HardFault_Handler
    startup_mini58series.o(RESET) refers to main.o(.text) for GPIO01_IRQHandler
    startup_mini58series.o(.text) refers (Special) to heapauxi.o(.text) for __use_two_region_memory
    startup_mini58series.o(.text) refers to __main.o(!!!main) for __main
    startup_mini58series.o(.text) refers to startup_mini58series.o(HEAP) for Heap_Mem
    startup_mini58series.o(.text) refers to startup_mini58series.o(STACK) for Stack_Mem
    main.o(.text) refers to _printf_pad.o(.text) for _printf_pre_padding
    main.o(.text) refers to _printf_percent.o(.ARM.Collect$$_printf_percent$$00000000) for _printf_percent
    main.o(.text) refers to _printf_d.o(.ARM.Collect$$_printf_percent$$00000009) for _printf_d
    main.o(.text) refers to _printf_dec.o(.text) for _printf_int_dec
    main.o(.text) refers to clk.o(.text) for CLK_SysTickDelay
    main.o(.text) refers to clk.o(.text) for CLK_EnableXtalRC
    main.o(.text) refers to system_mini58series.o(.text) for SystemCoreClockUpdate
    main.o(.text) refers to spi.o(.text) for SPI_Open
    main.o(.text) refers to i2c.o(.text) for I2C_Open
    main.o(.text) refers to clk.o(.text) for CLK_PowerDown
    main.o(.text) refers to main.o(.constdata) for .constdata
    main.o(.text) refers to gpio.o(.text) for GPIO_SetMode
    main.o(.text) refers to gpio.o(.text) for GPIO_EnableInt
    main.o(.text) refers to fflti.o(.text) for __aeabi_ui2f
    main.o(.text) refers to fdiv.o(.text) for __aeabi_fdiv
    main.o(.text) refers to ffixui.o(.text) for __aeabi_f2uiz
    main.o(.text) refers to noretval__2sprintf.o(.text) for __2sprintf
    main.o(.text) refers to main.o(.data) for .data
    main.o(.text) refers to main.o(.bss) for .bss
    clk.o(.text) refers to system_mini58series.o(.text) for SystemCoreClockUpdate
    clk.o(.text) refers to system_mini58series.o(.data) for SystemCoreClock
    clk.o(.text) refers to system_mini58series.o(.text) for SystemCoreClockUpdate
    clk.o(.text) refers to system_mini58series.o(.data) for SystemCoreClock
    clk.o(.text) refers to system_mini58series.o(.text) for SystemCoreClockUpdate
    clk.o(.text) refers to system_mini58series.o(.data) for CyclesPerUs
    clk.o(.text) refers to clk.o(.text) for CLK_DisablePLL
    clk.o(.text) refers to clk.o(.text) for CLK_WaitClockReady
    clk.o(.text) refers to aeabi_sdiv.o(.text) for __aeabi_uidivmod
    clk.o(.text) refers to clk.o(.text) for CLK_WaitClockReady
    clk.o(.text) refers to clk.o(.text) for CLK_EnablePLL
    i2c.o(.text) refers to aeabi_sdiv.o(.text) for __aeabi_uidivmod
    i2c.o(.text) refers to system_mini58series.o(.data) for SystemCoreClock
    i2c.o(.text) refers to aeabi_sdiv.o(.text) for __aeabi_uidivmod
    i2c.o(.text) refers to system_mini58series.o(.data) for SystemCoreClock
    i2c.o(.text) refers to aeabi_sdiv.o(.text) for __aeabi_uidivmod
    i2c.o(.text) refers to system_mini58series.o(.data) for SystemCoreClock
    retarget.o(.emb_text) refers to retarget.o(.text) for Hard_Fault_Handler
    retarget.o(.text) refers to _printf_percent.o(.ARM.Collect$$_printf_percent$$00000000) for _printf_percent
    retarget.o(.text) refers to _printf_x.o(.ARM.Collect$$_printf_percent$$0000000C) for _printf_x
    retarget.o(.text) refers to _printf_hex_int.o(.text) for _printf_longlong_hex
    retarget.o(.text) refers to noretval__2printf.o(.text) for __2printf
    retarget.o(.text) refers to retarget.o(.text) for SendChar_ToUART
    retarget.o(.text) refers to retarget.o(.text) for SendChar_ToUART
    retarget.o(.text) refers to retarget.o(.text) for GetChar
    spi.o(.text) refers to aeabi_sdiv.o(.text) for __aeabi_uidivmod
    spi.o(.text) refers to clk.o(.text) for CLK_GetHCLKFreq
    spi.o(.text) refers to clk.o(.text) for CLK_GetHXTFreq
    spi.o(.text) refers to clk.o(.text) for CLK_GetLXTFreq
    __2printf.o(.text) refers to _printf_char_file.o(.text) for _printf_char_file
    __2printf.o(.text) refers to retarget.o(.data) for __stdout
    __2sprintf.o(.text) refers to _printf_char_common.o(.text) for _printf_char_common
    __2sprintf.o(.text) refers to _sputc.o(.text) for _sputc
    noretval__2printf.o(.text) refers to _printf_char_file.o(.text) for _printf_char_file
    noretval__2printf.o(.text) refers to retarget.o(.data) for __stdout
    noretval__2sprintf.o(.text) refers to _printf_char_common.o(.text) for _printf_char_common
    noretval__2sprintf.o(.text) refers to _sputc.o(.text) for _sputc
    __printf.o(.text) refers to _printf_percent.o(.ARM.Collect$$_printf_percent$$00000000) for _printf_percent
    _printf_dec.o(.text) refers to rtudiv10.o(.text) for __rt_udiv10
    _printf_dec.o(.text) refers to _printf_intcommon.o(.text) for _printf_int_common
    _printf_hex_ll.o(.text) refers to _printf_intcommon.o(.text) for _printf_int_common
    _printf_hex_ll.o(.text) refers to _printf_hex_ll.o(.constdata) for .constdata
    _printf_hex_int.o(.text) refers to _printf_intcommon.o(.text) for _printf_int_common
    _printf_hex_int.o(.text) refers to _printf_hex_int.o(.constdata) for .constdata
    _printf_hex_int_ll.o(.text) refers to _printf_intcommon.o(.text) for _printf_int_common
    _printf_hex_int_ll.o(.text) refers to _printf_hex_int_ll.o(.constdata) for .constdata
    _printf_hex_ptr.o(.text) refers to _printf_intcommon.o(.text) for _printf_int_common
    _printf_hex_ptr.o(.text) refers to _printf_hex_ptr.o(.constdata) for .constdata
    _printf_hex_int_ptr.o(.text) refers to _printf_intcommon.o(.text) for _printf_int_common
    _printf_hex_int_ptr.o(.text) refers to _printf_hex_int_ptr.o(.constdata) for .constdata
    _printf_hex_ll_ptr.o(.text) refers to _printf_intcommon.o(.text) for _printf_int_common
    _printf_hex_ll_ptr.o(.text) refers to _printf_hex_ll_ptr.o(.constdata) for .constdata
    _printf_hex_int_ll_ptr.o(.text) refers to _printf_intcommon.o(.text) for _printf_int_common
    _printf_hex_int_ll_ptr.o(.text) refers to _printf_hex_int_ll_ptr.o(.constdata) for .constdata
    __printf_flags.o(.text) refers to _printf_percent.o(.ARM.Collect$$_printf_percent$$00000000) for _printf_percent
    __printf_flags.o(.text) refers to __printf_flags.o(.constdata) for .constdata
    __printf_ss.o(.text) refers to _printf_percent.o(.ARM.Collect$$_printf_percent$$00000000) for _printf_percent
    __printf_flags_ss.o(.text) refers to _printf_percent.o(.ARM.Collect$$_printf_percent$$00000000) for _printf_percent
    __printf_flags_ss.o(.text) refers to __printf_flags_ss.o(.constdata) for .constdata
    __printf_wp.o(.text) refers to __printf_wp.o(i._is_digit) for _is_digit
    __printf_wp.o(.text) refers to _printf_percent.o(.ARM.Collect$$_printf_percent$$00000000) for _printf_percent
    __printf_flags_wp.o(.text) refers to __printf_wp.o(i._is_digit) for _is_digit
    __printf_flags_wp.o(.text) refers to _printf_percent.o(.ARM.Collect$$_printf_percent$$00000000) for _printf_percent
    __printf_flags_wp.o(.text) refers to __printf_flags_wp.o(.constdata) for .constdata
    __printf_ss_wp.o(.text) refers to __printf_wp.o(i._is_digit) for _is_digit
    __printf_ss_wp.o(.text) refers to _printf_percent.o(.ARM.Collect$$_printf_percent$$00000000) for _printf_percent
    __printf_flags_ss_wp.o(.text) refers to __printf_wp.o(i._is_digit) for _is_digit
    __printf_flags_ss_wp.o(.text) refers to _printf_percent.o(.ARM.Collect$$_printf_percent$$00000000) for _printf_percent
    __printf_flags_ss_wp.o(.text) refers to __printf_flags_ss_wp.o(.constdata) for .constdata
    _printf_x.o(.ARM.Collect$$_printf_percent$$0000000C) refers (Weak) to _printf_hex_int.o(.text) for _printf_int_hex
    _printf_d.o(.ARM.Collect$$_printf_percent$$00000009) refers (Weak) to _printf_dec.o(.text) for _printf_int_dec
    _printf_percent.o(.ARM.Collect$$_printf_percent$$00000000) refers (Special) to _printf_percent_end.o(.ARM.Collect$$_printf_percent$$00000017) for _printf_percent_end
    __main.o(!!!main) refers to __rtentry.o(.ARM.Collect$$rtentry$$00000000) for __rt_entry
    fdiv.o(.text) refers (Special) to usenofp.o(x$fpl$usenofp) for __I$use$fp
    fdiv.o(.text) refers to fdiv.o(.constdata) for .constdata
    fdiv.o(.constdata) refers (Special) to usenofp.o(x$fpl$usenofp) for __I$use$fp
    ffixui.o(.text) refers (Special) to usenofp.o(x$fpl$usenofp) for __I$use$fp
    fflti.o(.text) refers (Special) to usenofp.o(x$fpl$usenofp) for __I$use$fp
    __rtentry.o(.ARM.Collect$$rtentry$$00000000) refers (Special) to __rtentry2.o(.ARM.Collect$$rtentry$$0000000A) for __rt_entry_li
    __rtentry.o(.ARM.Collect$$rtentry$$00000000) refers (Special) to __rtentry2.o(.ARM.Collect$$rtentry$$0000000D) for __rt_entry_main
    __rtentry.o(.ARM.Collect$$rtentry$$00000000) refers (Special) to __rtentry2.o(.ARM.Collect$$rtentry$$0000000C) for __rt_entry_postli_1
    __rtentry.o(.ARM.Collect$$rtentry$$00000000) refers (Special) to __rtentry2.o(.ARM.Collect$$rtentry$$00000009) for __rt_entry_postsh_1
    __rtentry.o(.ARM.Collect$$rtentry$$00000000) refers (Special) to __rtentry2.o(.ARM.Collect$$rtentry$$00000002) for __rt_entry_presh_1
    __rtentry.o(.ARM.Collect$$rtentry$$00000000) refers (Special) to __rtentry4.o(.ARM.Collect$$rtentry$$00000004) for __rt_entry_sh
    aeabi_idiv0_sigfpe.o(.text) refers to rt_div0.o(.text) for __rt_div0
    _printf_intcommon.o(.text) refers (Weak) to _printf_pad.o(.text) for _printf_pre_padding
    _printf_intcommon.o(.text) refers (Weak) to _printf_pad.o(.text) for _printf_pre_padding
    _printf_intcommon.o(.text) refers (Weak) to _printf_pad.o(.text) for _printf_post_padding
    _printf_char_common.o(.text) refers to __printf_wp.o(.text) for __printf
    _printf_char_file.o(.text) refers to _printf_char_common.o(.text) for _printf_char_common
    _printf_char_file.o(.text) refers to retarget.o(.text) for ferror
    __rtentry2.o(.ARM.Collect$$rtentry$$00000008) refers to boardinit2.o(.text) for _platform_post_stackheap_init
    __rtentry2.o(.ARM.Collect$$rtentry$$0000000A) refers to libinit.o(.ARM.Collect$$libinit$$00000000) for __rt_lib_init
    __rtentry2.o(.ARM.Collect$$rtentry$$0000000B) refers to boardinit3.o(.text) for _platform_post_lib_init
    __rtentry2.o(.ARM.Collect$$rtentry$$0000000D) refers to main.o(.text) for main
    __rtentry2.o(.ARM.Collect$$rtentry$$0000000D) refers to exit.o(.text) for exit
    __rtentry2.o(.ARM.exidx) refers to __rtentry2.o(.ARM.Collect$$rtentry$$00000001) for .ARM.Collect$$rtentry$$00000001
    __rtentry2.o(.ARM.exidx) refers to __rtentry2.o(.ARM.Collect$$rtentry$$00000008) for .ARM.Collect$$rtentry$$00000008
    __rtentry2.o(.ARM.exidx) refers to __rtentry2.o(.ARM.Collect$$rtentry$$0000000A) for .ARM.Collect$$rtentry$$0000000A
    __rtentry2.o(.ARM.exidx) refers to __rtentry2.o(.ARM.Collect$$rtentry$$0000000B) for .ARM.Collect$$rtentry$$0000000B
    __rtentry2.o(.ARM.exidx) refers to __rtentry2.o(.ARM.Collect$$rtentry$$0000000D) for .ARM.Collect$$rtentry$$0000000D
    __rtentry4.o(.ARM.Collect$$rtentry$$00000004) refers to sys_stackheap_outer.o(.text) for __user_setup_stackheap
    __rtentry4.o(.ARM.exidx) refers to __rtentry4.o(.ARM.Collect$$rtentry$$00000004) for .ARM.Collect$$rtentry$$00000004
    rt_div0.o(.text) refers to defsig_fpe_outer.o(.text) for __rt_SIGFPE
    sys_stackheap_outer.o(.text) refers to libspace.o(.text) for __user_perproc_libspace
    sys_stackheap_outer.o(.text) refers to startup_mini58series.o(.text) for __user_initial_stackheap
    sys_stackheap_outer.o(__vectab_stack_and_reset_area) refers to tempstk.o(.text) for __temporary_stack_top
    sys_stackheap_outer.o(__vectab_stack_and_reset_area) refers to __main.o(!!!main) for __main
    exit.o(.text) refers to rtexit.o(.ARM.Collect$$rtexit$$00000000) for __rt_exit
    defsig_fpe_outer.o(.text) refers to defsig_fpe_inner.o(.text) for __rt_SIGFPE_inner
    defsig_fpe_outer.o(.text) refers to defsig_exit.o(.text) for __sig_exit
    defsig_fpe_formal.o(.text) refers to rt_raise.o(.text) for __rt_raise
    libinit.o(.ARM.Collect$$libinit$$00000000) refers (Special) to libinit2.o(.ARM.Collect$$libinit$$0000002E) for __rt_lib_init_alloca_1
    libinit.o(.ARM.Collect$$libinit$$00000000) refers (Special) to libinit2.o(.ARM.Collect$$libinit$$0000002C) for __rt_lib_init_argv_1
    libinit.o(.ARM.Collect$$libinit$$00000000) refers (Special) to libinit2.o(.ARM.Collect$$libinit$$0000001B) for __rt_lib_init_atexit_1
    libinit.o(.ARM.Collect$$libinit$$00000000) refers (Special) to libinit2.o(.ARM.Collect$$libinit$$00000021) for __rt_lib_init_clock_1
    libinit.o(.ARM.Collect$$libinit$$00000000) refers (Special) to libinit2.o(.ARM.Collect$$libinit$$00000032) for __rt_lib_init_cpp_1
    libinit.o(.ARM.Collect$$libinit$$00000000) refers (Special) to libinit2.o(.ARM.Collect$$libinit$$00000030) for __rt_lib_init_exceptions_1
    libinit.o(.ARM.Collect$$libinit$$00000000) refers (Special) to libinit2.o(.ARM.Collect$$libinit$$00000002) for __rt_lib_init_fp_1
    libinit.o(.ARM.Collect$$libinit$$00000000) refers (Special) to libinit2.o(.ARM.Collect$$libinit$$0000001F) for __rt_lib_init_fp_trap_1
    libinit.o(.ARM.Collect$$libinit$$00000000) refers (Special) to libinit2.o(.ARM.Collect$$libinit$$00000023) for __rt_lib_init_getenv_1
    libinit.o(.ARM.Collect$$libinit$$00000000) refers (Special) to libinit2.o(.ARM.Collect$$libinit$$0000000A) for __rt_lib_init_heap_1
    libinit.o(.ARM.Collect$$libinit$$00000000) refers (Special) to libinit2.o(.ARM.Collect$$libinit$$00000011) for __rt_lib_init_lc_collate_1
    libinit.o(.ARM.Collect$$libinit$$00000000) refers (Special) to libinit2.o(.ARM.Collect$$libinit$$00000013) for __rt_lib_init_lc_ctype_1
    libinit.o(.ARM.Collect$$libinit$$00000000) refers (Special) to libinit2.o(.ARM.Collect$$libinit$$00000015) for __rt_lib_init_lc_monetary_1
    libinit.o(.ARM.Collect$$libinit$$00000000) refers (Special) to libinit2.o(.ARM.Collect$$libinit$$00000017) for __rt_lib_init_lc_numeric_1
    libinit.o(.ARM.Collect$$libinit$$00000000) refers (Special) to libinit2.o(.ARM.Collect$$libinit$$00000019) for __rt_lib_init_lc_time_1
    libinit.o(.ARM.Collect$$libinit$$00000000) refers (Special) to libinit2.o(.ARM.Collect$$libinit$$00000004) for __rt_lib_init_preinit_1
    libinit.o(.ARM.Collect$$libinit$$00000000) refers (Special) to libinit2.o(.ARM.Collect$$libinit$$0000000E) for __rt_lib_init_rand_1
    libinit.o(.ARM.Collect$$libinit$$00000000) refers (Special) to libinit2.o(.ARM.Collect$$libinit$$00000033) for __rt_lib_init_return
    libinit.o(.ARM.Collect$$libinit$$00000000) refers (Special) to libinit2.o(.ARM.Collect$$libinit$$0000001D) for __rt_lib_init_signal_1
    libinit.o(.ARM.Collect$$libinit$$00000000) refers (Special) to libinit2.o(.ARM.Collect$$libinit$$00000025) for __rt_lib_init_stdio_1
    libinit.o(.ARM.Collect$$libinit$$00000000) refers (Special) to libinit2.o(.ARM.Collect$$libinit$$0000000C) for __rt_lib_init_user_alloc_1
    libspace.o(.text) refers to libspace.o(.bss) for __libspace_start
    rtexit.o(.ARM.Collect$$rtexit$$00000000) refers (Special) to rtexit2.o(.ARM.Collect$$rtexit$$00000004) for __rt_exit_exit
    rtexit.o(.ARM.Collect$$rtexit$$00000000) refers (Special) to rtexit2.o(.ARM.Collect$$rtexit$$00000003) for __rt_exit_ls
    rtexit.o(.ARM.Collect$$rtexit$$00000000) refers (Special) to rtexit2.o(.ARM.Collect$$rtexit$$00000002) for __rt_exit_prels_1
    rtexit.o(.ARM.exidx) refers (Special) to rtexit2.o(.ARM.Collect$$rtexit$$00000004) for __rt_exit_exit
    rtexit.o(.ARM.exidx) refers (Special) to rtexit2.o(.ARM.Collect$$rtexit$$00000003) for __rt_exit_ls
    rtexit.o(.ARM.exidx) refers (Special) to rtexit2.o(.ARM.Collect$$rtexit$$00000002) for __rt_exit_prels_1
    rtexit.o(.ARM.exidx) refers to rtexit.o(.ARM.Collect$$rtexit$$00000000) for .ARM.Collect$$rtexit$$00000000
    rt_raise.o(.text) refers to __raise.o(.text) for __raise
    rt_raise.o(.text) refers to sys_exit.o(.text) for _sys_exit
    defsig_exit.o(.text) refers to sys_exit.o(.text) for _sys_exit
    defsig_fpe_inner.o(.text) refers to defsig_general.o(.text) for __default_signal_display
    libinit2.o(.ARM.Collect$$libinit$$00000010) refers to libinit2.o(.ARM.Collect$$libinit$$0000000F) for .ARM.Collect$$libinit$$0000000F
    libinit2.o(.ARM.Collect$$libinit$$00000012) refers to libinit2.o(.ARM.Collect$$libinit$$0000000F) for .ARM.Collect$$libinit$$0000000F
    libinit2.o(.ARM.Collect$$libinit$$00000014) refers to libinit2.o(.ARM.Collect$$libinit$$0000000F) for .ARM.Collect$$libinit$$0000000F
    libinit2.o(.ARM.Collect$$libinit$$00000016) refers to libinit2.o(.ARM.Collect$$libinit$$0000000F) for .ARM.Collect$$libinit$$0000000F
    libinit2.o(.ARM.Collect$$libinit$$00000018) refers to libinit2.o(.ARM.Collect$$libinit$$0000000F) for .ARM.Collect$$libinit$$0000000F
    libinit2.o(.ARM.Collect$$libinit$$00000026) refers to argv_veneer.o(.text) for __ARM_argv_veneer
    libinit2.o(.ARM.Collect$$libinit$$00000027) refers to argv_veneer.o(.text) for __ARM_argv_veneer
    sys_exit.o(.text) refers (Special) to use_no_semi.o(.text) for __I$use$semihosting
    sys_exit.o(.text) refers (Special) to indicate_semi.o(.text) for __semihosting_library_function
    rtexit2.o(.ARM.Collect$$rtexit$$00000003) refers to libshutdown.o(.ARM.Collect$$libshutdown$$00000000) for __rt_lib_shutdown
    rtexit2.o(.ARM.Collect$$rtexit$$00000004) refers to sys_exit.o(.text) for _sys_exit
    rtexit2.o(.ARM.exidx) refers to rtexit2.o(.ARM.Collect$$rtexit$$00000001) for .ARM.Collect$$rtexit$$00000001
    rtexit2.o(.ARM.exidx) refers to rtexit2.o(.ARM.Collect$$rtexit$$00000003) for .ARM.Collect$$rtexit$$00000003
    rtexit2.o(.ARM.exidx) refers to rtexit2.o(.ARM.Collect$$rtexit$$00000004) for .ARM.Collect$$rtexit$$00000004
    __raise.o(.text) refers to defsig.o(CL$$defsig) for __default_signal_handler
    defsig_general.o(.text) refers to retarget.o(.text) for _ttywrch
    defsig.o(CL$$defsig) refers to defsig_fpe_inner.o(.text) for __rt_SIGFPE_inner
    defsig.o(CL$$defsig) refers to defsig_rtmem_inner.o(.text) for __rt_SIGRTMEM_inner
    _get_argv_nomalloc.o(.text) refers (Special) to hrguard.o(.text) for __heap_region$guard
    _get_argv_nomalloc.o(.text) refers to defsig_rtmem_outer.o(.text) for __rt_SIGRTMEM
    _get_argv_nomalloc.o(.text) refers to sys_command.o(.text) for _sys_command_string
    libshutdown.o(.ARM.Collect$$libshutdown$$00000000) refers (Special) to libshutdown2.o(.ARM.Collect$$libshutdown$$00000002) for __rt_lib_shutdown_cpp_1
    libshutdown.o(.ARM.Collect$$libshutdown$$00000000) refers (Special) to libshutdown2.o(.ARM.Collect$$libshutdown$$00000007) for __rt_lib_shutdown_fp_trap_1
    libshutdown.o(.ARM.Collect$$libshutdown$$00000000) refers (Special) to libshutdown2.o(.ARM.Collect$$libshutdown$$0000000F) for __rt_lib_shutdown_heap_1
    libshutdown.o(.ARM.Collect$$libshutdown$$00000000) refers (Special) to libshutdown2.o(.ARM.Collect$$libshutdown$$00000010) for __rt_lib_shutdown_return
    libshutdown.o(.ARM.Collect$$libshutdown$$00000000) refers (Special) to libshutdown2.o(.ARM.Collect$$libshutdown$$0000000A) for __rt_lib_shutdown_signal_1
    libshutdown.o(.ARM.Collect$$libshutdown$$00000000) refers (Special) to libshutdown2.o(.ARM.Collect$$libshutdown$$00000004) for __rt_lib_shutdown_stdio_1
    libshutdown.o(.ARM.Collect$$libshutdown$$00000000) refers (Special) to libshutdown2.o(.ARM.Collect$$libshutdown$$0000000C) for __rt_lib_shutdown_user_alloc_1
    sys_command.o(.text) refers (Special) to use_no_semi.o(.text) for __I$use$semihosting
    sys_command.o(.text) refers (Special) to indicate_semi.o(.text) for __semihosting_library_function
    defsig_abrt_inner.o(.text) refers to defsig_general.o(.text) for __default_signal_display
    defsig_rtred_inner.o(.text) refers to defsig_general.o(.text) for __default_signal_display
    defsig_rtmem_inner.o(.text) refers to defsig_general.o(.text) for __default_signal_display
    defsig_rtmem_outer.o(.text) refers to defsig_rtmem_inner.o(.text) for __rt_SIGRTMEM_inner
    defsig_rtmem_outer.o(.text) refers to defsig_exit.o(.text) for __sig_exit
    defsig_rtmem_formal.o(.text) refers to rt_raise.o(.text) for __rt_raise
    defsig_stak_inner.o(.text) refers to defsig_general.o(.text) for __default_signal_display
    defsig_pvfn_inner.o(.text) refers to defsig_general.o(.text) for __default_signal_display
    defsig_cppl_inner.o(.text) refers to defsig_general.o(.text) for __default_signal_display
    defsig_segv_inner.o(.text) refers to defsig_general.o(.text) for __default_signal_display
    defsig_other.o(.text) refers to defsig_general.o(.text) for __default_signal_display


==============================================================================

Removing Unused input sections from the image.

    Removing system_mini58series.o(.rev16_text), (4 bytes).
    Removing system_mini58series.o(.revsh_text), (4 bytes).
    Removing system_mini58series.o(.text), (2 bytes).
    Removing system_mini58series.o(.data), (4 bytes).
    Removing main.o(.rev16_text), (4 bytes).
    Removing main.o(.revsh_text), (4 bytes).
    Removing main.o(.constdata), (18 bytes).
    Removing clk.o(.rev16_text), (4 bytes).
    Removing clk.o(.revsh_text), (4 bytes).
    Removing clk.o(.text), (16 bytes).
    Removing clk.o(.text), (36 bytes).
    Removing clk.o(.text), (20 bytes).
    Removing clk.o(.text), (16 bytes).
    Removing clk.o(.text), (16 bytes).
    Removing clk.o(.text), (520 bytes).
    Removing clk.o(.text), (128 bytes).
    Removing clk.o(.text), (64 bytes).
    Removing clk.o(.text), (12 bytes).
    Removing clk.o(.text), (16 bytes).
    Removing clk.o(.text), (28 bytes).
    Removing i2c.o(.rev16_text), (4 bytes).
    Removing i2c.o(.revsh_text), (4 bytes).
    Removing i2c.o(.text), (44 bytes).
    Removing i2c.o(.text), (48 bytes).
    Removing i2c.o(.text), (10 bytes).
    Removing i2c.o(.text), (24 bytes).
    Removing i2c.o(.text), (48 bytes).
    Removing i2c.o(.text), (8 bytes).
    Removing i2c.o(.text), (4 bytes).
    Removing i2c.o(.text), (4 bytes).
    Removing i2c.o(.text), (4 bytes).
    Removing i2c.o(.text), (34 bytes).
    Removing i2c.o(.text), (26 bytes).
    Removing i2c.o(.text), (10 bytes).
    Removing i2c.o(.text), (20 bytes).
    Removing i2c.o(.text), (20 bytes).
    Removing sys.o(.rev16_text), (4 bytes).
    Removing sys.o(.revsh_text), (4 bytes).
    Removing sys.o(.text), (12 bytes).
    Removing sys.o(.text), (12 bytes).
    Removing sys.o(.text), (8 bytes).
    Removing sys.o(.text), (24 bytes).
    Removing sys.o(.text), (8 bytes).
    Removing sys.o(.text), (14 bytes).
    Removing sys.o(.text), (14 bytes).
    Removing sys.o(.text), (28 bytes).
    Removing sys.o(.text), (36 bytes).
    Removing sys.o(.text), (22 bytes).
    Removing retarget.o(.rev16_text), (4 bytes).
    Removing retarget.o(.revsh_text), (4 bytes).
    Removing retarget.o(.text), (8 bytes).
    Removing retarget.o(.text), (20 bytes).
    Removing retarget.o(.text), (16 bytes).
    Removing retarget.o(.text), (16 bytes).
    Removing retarget.o(.text), (8 bytes).
    Removing retarget.o(.text), (8 bytes).
    Removing retarget.o(.data), (4 bytes).
    Removing gpio.o(.rev16_text), (4 bytes).
    Removing gpio.o(.revsh_text), (4 bytes).
    Removing gpio.o(.text), (28 bytes).
    Removing spi.o(.rev16_text), (4 bytes).
    Removing spi.o(.revsh_text), (4 bytes).

62 unused section(s) (total 1550 bytes) removed from the image.

==============================================================================

Image Symbol Table

    Local Symbols

    Symbol Name                              Value     Ov Type        Size  Object(Section)

    RESET                                    0x00000000   Section      192  startup_mini58series.o(RESET)
    ../clib/angel/boardlib.s                 0x00000000   Number         0  boardinit1.o ABSOLUTE
    ../clib/angel/boardlib.s                 0x00000000   Number         0  boardinit3.o ABSOLUTE
    ../clib/angel/boardlib.s                 0x00000000   Number         0  boardinit2.o ABSOLUTE
    ../clib/angel/boardlib.s                 0x00000000   Number         0  boardshut.o ABSOLUTE
    ../clib/angel/handlers.s                 0x00000000   Number         0  __scatter_zi.o ABSOLUTE
    ../clib/angel/handlers.s                 0x00000000   Number         0  __scatter_copy.o ABSOLUTE
    ../clib/angel/kernel.s                   0x00000000   Number         0  __rtentry2.o ABSOLUTE
    ../clib/angel/kernel.s                   0x00000000   Number         0  __rtentry4.o ABSOLUTE
    ../clib/angel/kernel.s                   0x00000000   Number         0  __rtentry.o ABSOLUTE
    ../clib/angel/kernel.s                   0x00000000   Number         0  rtexit.o ABSOLUTE
    ../clib/angel/kernel.s                   0x00000000   Number         0  rtexit2.o ABSOLUTE
    ../clib/angel/rt.s                       0x00000000   Number         0  rt_div0.o ABSOLUTE
    ../clib/angel/rt.s                       0x00000000   Number         0  rt_raise.o ABSOLUTE
    ../clib/angel/rt.s                       0x00000000   Number         0  aeabi_idiv0.o ABSOLUTE
    ../clib/angel/rt.s                       0x00000000   Number         0  aeabi_idiv0_sigfpe.o ABSOLUTE
    ../clib/angel/scatterp.s                 0x00000000   Number         0  __scatter.o ABSOLUTE
    ../clib/angel/startup.s                  0x00000000   Number         0  __main.o ABSOLUTE
    ../clib/angel/sys.s                      0x00000000   Number         0  use_no_semi.o ABSOLUTE
    ../clib/angel/sys.s                      0x00000000   Number         0  tempstk.o ABSOLUTE
    ../clib/angel/sys.s                      0x00000000   Number         0  sys_stackheap_outer.o ABSOLUTE
    ../clib/angel/sys.s                      0x00000000   Number         0  libspace.o ABSOLUTE
    ../clib/angel/sys.s                      0x00000000   Number         0  indicate_semi.o ABSOLUTE
    ../clib/angel/sysapp.c                   0x00000000   Number         0  sys_exit.o ABSOLUTE
    ../clib/angel/sysapp.c                   0x00000000   Number         0  sys_command.o ABSOLUTE
    ../clib/armsys.c                         0x00000000   Number         0  no_argv.o ABSOLUTE
    ../clib/armsys.c                         0x00000000   Number         0  _get_argv_nomalloc.o ABSOLUTE
    ../clib/armsys.c                         0x00000000   Number         0  argv_veneer.o ABSOLUTE
    ../clib/division.c                       0x00000000   Number         0  rtudiv10.o ABSOLUTE
    ../clib/division.s                       0x00000000   Number         0  aeabi_sdiv.o ABSOLUTE
    ../clib/division.s                       0x00000000   Number         0  aeabi_sdiv_div0.o ABSOLUTE
    ../clib/heapalloc.c                      0x00000000   Number         0  hrguard.o ABSOLUTE
    ../clib/heapaux.c                        0x00000000   Number         0  heapauxi.o ABSOLUTE
    ../clib/libinit.s                        0x00000000   Number         0  libshutdown.o ABSOLUTE
    ../clib/libinit.s                        0x00000000   Number         0  libinit2.o ABSOLUTE
    ../clib/libinit.s                        0x00000000   Number         0  libshutdown2.o ABSOLUTE
    ../clib/libinit.s                        0x00000000   Number         0  libinit.o ABSOLUTE
    ../clib/misc.s                           0x00000000   Number         0  printf_stubs.o ABSOLUTE
    ../clib/printf.c                         0x00000000   Number         0  __printf_ss.o ABSOLUTE
    ../clib/printf.c                         0x00000000   Number         0  _printf_hex_int_ll.o ABSOLUTE
    ../clib/printf.c                         0x00000000   Number         0  __printf_flags_ss.o ABSOLUTE
    ../clib/printf.c                         0x00000000   Number         0  _printf_hex_int_ll_ptr.o ABSOLUTE
    ../clib/printf.c                         0x00000000   Number         0  __printf_wp.o ABSOLUTE
    ../clib/printf.c                         0x00000000   Number         0  __printf_flags_wp.o ABSOLUTE
    ../clib/printf.c                         0x00000000   Number         0  __printf_ss_wp.o ABSOLUTE
    ../clib/printf.c                         0x00000000   Number         0  _printf_hex_int.o ABSOLUTE
    ../clib/printf.c                         0x00000000   Number         0  __printf_flags_ss_wp.o ABSOLUTE
    ../clib/printf.c                         0x00000000   Number         0  _printf_hex_ll_ptr.o ABSOLUTE
    ../clib/printf.c                         0x00000000   Number         0  __printf.o ABSOLUTE
    ../clib/printf.c                         0x00000000   Number         0  __2printf.o ABSOLUTE
    ../clib/printf.c                         0x00000000   Number         0  __2sprintf.o ABSOLUTE
    ../clib/printf.c                         0x00000000   Number         0  noretval__2printf.o ABSOLUTE
    ../clib/printf.c                         0x00000000   Number         0  __printf_flags.o ABSOLUTE
    ../clib/printf.c                         0x00000000   Number         0  noretval__2sprintf.o ABSOLUTE
    ../clib/printf.c                         0x00000000   Number         0  __printf_nopercent.o ABSOLUTE
    ../clib/printf.c                         0x00000000   Number         0  _printf_dec.o ABSOLUTE
    ../clib/printf.c                         0x00000000   Number         0  _printf_hex_ll.o ABSOLUTE
    ../clib/printf.c                         0x00000000   Number         0  _printf_hex_int_ptr.o ABSOLUTE
    ../clib/printf.c                         0x00000000   Number         0  _printf_hex_ptr.o ABSOLUTE
    ../clib/printf.c                         0x00000000   Number         0  _printf_intcommon.o ABSOLUTE
    ../clib/printf.c                         0x00000000   Number         0  _printf_char_file.o ABSOLUTE
    ../clib/printf.c                         0x00000000   Number         0  _printf_char_common.o ABSOLUTE
    ../clib/printf.c                         0x00000000   Number         0  _sputc.o ABSOLUTE
    ../clib/printf.c                         0x00000000   Number         0  _printf_pad.o ABSOLUTE
    ../clib/printf_percent.s                 0x00000000   Number         0  _printf_percent_end.o ABSOLUTE
    ../clib/printf_percent.s                 0x00000000   Number         0  _printf_x.o ABSOLUTE
    ../clib/printf_percent.s                 0x00000000   Number         0  _printf_d.o ABSOLUTE
    ../clib/printf_percent.s                 0x00000000   Number         0  _printf_percent.o ABSOLUTE
    ../clib/signal.c                         0x00000000   Number         0  defsig_abrt_inner.o ABSOLUTE
    ../clib/signal.c                         0x00000000   Number         0  defsig_cppl_inner.o ABSOLUTE
    ../clib/signal.c                         0x00000000   Number         0  defsig_fpe_formal.o ABSOLUTE
    ../clib/signal.c                         0x00000000   Number         0  defsig_other.o ABSOLUTE
    ../clib/signal.c                         0x00000000   Number         0  defsig_exit.o ABSOLUTE
    ../clib/signal.c                         0x00000000   Number         0  defsig_fpe_outer.o ABSOLUTE
    ../clib/signal.c                         0x00000000   Number         0  defsig_fpe_inner.o ABSOLUTE
    ../clib/signal.c                         0x00000000   Number         0  defsig_rtred_inner.o ABSOLUTE
    ../clib/signal.c                         0x00000000   Number         0  defsig_rtmem_inner.o ABSOLUTE
    ../clib/signal.c                         0x00000000   Number         0  defsig_rtmem_outer.o ABSOLUTE
    ../clib/signal.c                         0x00000000   Number         0  defsig_segv_inner.o ABSOLUTE
    ../clib/signal.c                         0x00000000   Number         0  defsig_rtmem_formal.o ABSOLUTE
    ../clib/signal.c                         0x00000000   Number         0  defsig_stak_inner.o ABSOLUTE
    ../clib/signal.c                         0x00000000   Number         0  defsig_pvfn_inner.o ABSOLUTE
    ../clib/signal.c                         0x00000000   Number         0  __raise.o ABSOLUTE
    ../clib/signal.c                         0x00000000   Number         0  defsig_general.o ABSOLUTE
    ../clib/signal.s                         0x00000000   Number         0  defsig.o ABSOLUTE
    ../clib/stdlib.c                         0x00000000   Number         0  exit.o ABSOLUTE
    ../fplib/cfplib/fdiv.c                   0x00000000   Number         0  fdiv.o ABSOLUTE
    ../fplib/cfplib/ffix.c                   0x00000000   Number         0  ffixui.o ABSOLUTE
    ../fplib/cfplib/fflt.c                   0x00000000   Number         0  fflti.o ABSOLUTE
    ../fplib/cfplib/fpinit.c                 0x00000000   Number         0  fpinit.o ABSOLUTE
    ../fplib/usenofp.s                       0x00000000   Number         0  usenofp.o ABSOLUTE
    ..\..\..\..\Library\Device\Nuvoton\Mini58Series\Source\ARM\startup_Mini58Series.s 0x00000000   Number         0  startup_mini58series.o ABSOLUTE
    ..\..\..\..\Library\Device\Nuvoton\Mini58Series\Source\system_Mini58Series.c 0x00000000   Number         0  system_mini58series.o ABSOLUTE
    ..\..\..\..\Library\StdDriver\src\clk.c  0x00000000   Number         0  clk.o ABSOLUTE
    ..\..\..\..\Library\StdDriver\src\gpio.c 0x00000000   Number         0  gpio.o ABSOLUTE
    ..\..\..\..\Library\StdDriver\src\i2c.c  0x00000000   Number         0  i2c.o ABSOLUTE
    ..\..\..\..\Library\StdDriver\src\retarget.c 0x00000000   Number         0  retarget.o ABSOLUTE
    ..\..\..\..\Library\StdDriver\src\spi.c  0x00000000   Number         0  spi.o ABSOLUTE
    ..\..\..\..\Library\StdDriver\src\sys.c  0x00000000   Number         0  sys.o ABSOLUTE
    ..\\..\\..\\..\\Library\\Device\\Nuvoton\\Mini58Series\\Source\\system_Mini58Series.c 0x00000000   Number         0  system_mini58series.o ABSOLUTE
    ..\\..\\..\\..\\Library\\StdDriver\\src\\clk.c 0x00000000   Number         0  clk.o ABSOLUTE
    ..\\..\\..\\..\\Library\\StdDriver\\src\\gpio.c 0x00000000   Number         0  gpio.o ABSOLUTE
    ..\\..\\..\\..\\Library\\StdDriver\\src\\i2c.c 0x00000000   Number         0  i2c.o ABSOLUTE
    ..\\..\\..\\..\\Library\\StdDriver\\src\\retarget.c 0x00000000   Number         0  retarget.o ABSOLUTE
    ..\\..\\..\\..\\Library\\StdDriver\\src\\spi.c 0x00000000   Number         0  spi.o ABSOLUTE
    ..\\..\\..\\..\\Library\\StdDriver\\src\\sys.c 0x00000000   Number         0  sys.o ABSOLUTE
    ..\\main.c                               0x00000000   Number         0  main.o ABSOLUTE
    ..\main.c                                0x00000000   Number         0  main.o ABSOLUTE
    dc.s                                     0x00000000   Number         0  dc.o ABSOLUTE
    !!!main                                  0x000000c0   Section        8  __main.o(!!!main)
    !!!scatter                               0x000000c8   Section       60  __scatter.o(!!!scatter)
    !!handler_copy                           0x00000104   Section       26  __scatter_copy.o(!!handler_copy)
    !!handler_zi                             0x00000120   Section       28  __scatter_zi.o(!!handler_zi)
    .ARM.Collect$$_printf_percent$$00000000  0x0000013c   Section        2  _printf_percent.o(.ARM.Collect$$_printf_percent$$00000000)
    .ARM.Collect$$_printf_percent$$00000009  0x0000013e   Section       10  _printf_d.o(.ARM.Collect$$_printf_percent$$00000009)
    .ARM.Collect$$_printf_percent$$0000000C  0x00000148   Section       10  _printf_x.o(.ARM.Collect$$_printf_percent$$0000000C)
    .ARM.Collect$$_printf_percent$$00000017  0x00000152   Section        4  _printf_percent_end.o(.ARM.Collect$$_printf_percent$$00000017)
    .ARM.Collect$$libinit$$00000000          0x00000156   Section        2  libinit.o(.ARM.Collect$$libinit$$00000000)
    .ARM.Collect$$libinit$$00000002          0x00000158   Section        0  libinit2.o(.ARM.Collect$$libinit$$00000002)
    .ARM.Collect$$libinit$$00000004          0x00000158   Section        0  libinit2.o(.ARM.Collect$$libinit$$00000004)
    .ARM.Collect$$libinit$$0000000A          0x00000158   Section        0  libinit2.o(.ARM.Collect$$libinit$$0000000A)
    .ARM.Collect$$libinit$$0000000C          0x00000158   Section        0  libinit2.o(.ARM.Collect$$libinit$$0000000C)
    .ARM.Collect$$libinit$$0000000E          0x00000158   Section        0  libinit2.o(.ARM.Collect$$libinit$$0000000E)
    .ARM.Collect$$libinit$$00000011          0x00000158   Section        0  libinit2.o(.ARM.Collect$$libinit$$00000011)
    .ARM.Collect$$libinit$$00000013          0x00000158   Section        0  libinit2.o(.ARM.Collect$$libinit$$00000013)
    .ARM.Collect$$libinit$$00000015          0x00000158   Section        0  libinit2.o(.ARM.Collect$$libinit$$00000015)
    .ARM.Collect$$libinit$$00000017          0x00000158   Section        0  libinit2.o(.ARM.Collect$$libinit$$00000017)
    .ARM.Collect$$libinit$$00000019          0x00000158   Section        0  libinit2.o(.ARM.Collect$$libinit$$00000019)
    .ARM.Collect$$libinit$$0000001B          0x00000158   Section        0  libinit2.o(.ARM.Collect$$libinit$$0000001B)
    .ARM.Collect$$libinit$$0000001D          0x00000158   Section        0  libinit2.o(.ARM.Collect$$libinit$$0000001D)
    .ARM.Collect$$libinit$$0000001F          0x00000158   Section        0  libinit2.o(.ARM.Collect$$libinit$$0000001F)
    .ARM.Collect$$libinit$$00000021          0x00000158   Section        0  libinit2.o(.ARM.Collect$$libinit$$00000021)
    .ARM.Collect$$libinit$$00000023          0x00000158   Section        0  libinit2.o(.ARM.Collect$$libinit$$00000023)
    .ARM.Collect$$libinit$$00000025          0x00000158   Section        0  libinit2.o(.ARM.Collect$$libinit$$00000025)
    .ARM.Collect$$libinit$$0000002C          0x00000158   Section        0  libinit2.o(.ARM.Collect$$libinit$$0000002C)
    .ARM.Collect$$libinit$$0000002E          0x00000158   Section        0  libinit2.o(.ARM.Collect$$libinit$$0000002E)
    .ARM.Collect$$libinit$$00000030          0x00000158   Section        0  libinit2.o(.ARM.Collect$$libinit$$00000030)
    .ARM.Collect$$libinit$$00000032          0x00000158   Section        0  libinit2.o(.ARM.Collect$$libinit$$00000032)
    .ARM.Collect$$libinit$$00000033          0x00000158   Section        2  libinit2.o(.ARM.Collect$$libinit$$00000033)
    .ARM.Collect$$libshutdown$$00000000      0x0000015a   Section        2  libshutdown.o(.ARM.Collect$$libshutdown$$00000000)
    .ARM.Collect$$libshutdown$$00000002      0x0000015c   Section        0  libshutdown2.o(.ARM.Collect$$libshutdown$$00000002)
    .ARM.Collect$$libshutdown$$00000004      0x0000015c   Section        0  libshutdown2.o(.ARM.Collect$$libshutdown$$00000004)
    .ARM.Collect$$libshutdown$$00000007      0x0000015c   Section        0  libshutdown2.o(.ARM.Collect$$libshutdown$$00000007)
    .ARM.Collect$$libshutdown$$0000000A      0x0000015c   Section        0  libshutdown2.o(.ARM.Collect$$libshutdown$$0000000A)
    .ARM.Collect$$libshutdown$$0000000C      0x0000015c   Section        0  libshutdown2.o(.ARM.Collect$$libshutdown$$0000000C)
    .ARM.Collect$$libshutdown$$0000000F      0x0000015c   Section        0  libshutdown2.o(.ARM.Collect$$libshutdown$$0000000F)
    .ARM.Collect$$libshutdown$$00000010      0x0000015c   Section        2  libshutdown2.o(.ARM.Collect$$libshutdown$$00000010)
    .ARM.Collect$$rtentry$$00000000          0x0000015e   Section        0  __rtentry.o(.ARM.Collect$$rtentry$$00000000)
    .ARM.Collect$$rtentry$$00000002          0x0000015e   Section        0  __rtentry2.o(.ARM.Collect$$rtentry$$00000002)
    .ARM.Collect$$rtentry$$00000004          0x0000015e   Section        6  __rtentry4.o(.ARM.Collect$$rtentry$$00000004)
    .ARM.Collect$$rtentry$$00000009          0x00000164   Section        0  __rtentry2.o(.ARM.Collect$$rtentry$$00000009)
    .ARM.Collect$$rtentry$$0000000A          0x00000164   Section        4  __rtentry2.o(.ARM.Collect$$rtentry$$0000000A)
    .ARM.Collect$$rtentry$$0000000C          0x00000168   Section        0  __rtentry2.o(.ARM.Collect$$rtentry$$0000000C)
    .ARM.Collect$$rtentry$$0000000D          0x00000168   Section        8  __rtentry2.o(.ARM.Collect$$rtentry$$0000000D)
    .ARM.Collect$$rtexit$$00000000           0x00000170   Section        2  rtexit.o(.ARM.Collect$$rtexit$$00000000)
    .ARM.Collect$$rtexit$$00000002           0x00000172   Section        0  rtexit2.o(.ARM.Collect$$rtexit$$00000002)
    .ARM.Collect$$rtexit$$00000003           0x00000172   Section        4  rtexit2.o(.ARM.Collect$$rtexit$$00000003)
    .ARM.Collect$$rtexit$$00000004           0x00000176   Section        6  rtexit2.o(.ARM.Collect$$rtexit$$00000004)
    .emb_text                                0x0000017c   Section       28  retarget.o(.emb_text)
    .text                                    0x00000198   Section        0  system_mini58series.o(.text)
    .text                                    0x00000240   Section       44  startup_mini58series.o(.text)
    Default_Handler                          0x0000024f   Thumb Code     2  startup_mini58series.o(.text)
    .text                                    0x0000026c   Section        0  main.o(.text)
    SYS_UnlockReg                            0x00000719   Thumb Code    24  main.o(.text)
    .text                                    0x00000750   Section        0  clk.o(.text)
    .text                                    0x0000076c   Section        0  clk.o(.text)
    .text                                    0x00000788   Section        0  clk.o(.text)
    .text                                    0x000007a4   Section        0  clk.o(.text)
    .text                                    0x000007b4   Section        0  clk.o(.text)
    .text                                    0x00000894   Section        0  clk.o(.text)
    .text                                    0x000008ac   Section        0  i2c.o(.text)
    .text                                    0x0000091c   Section        0  retarget.o(.text)
    __tagsym$$used                           0x00000963   Number         0  retarget.o(.text)
    .text                                    0x00000a1c   Section        0  gpio.o(.text)
    .text                                    0x00000a44   Section        0  gpio.o(.text)
    .text                                    0x00000a60   Section        0  spi.o(.text)
    CLK_GetPLLClockFreq                      0x00000a61   Thumb Code    70  spi.o(.text)
    .text                                    0x00000c98   Section        0  noretval__2printf.o(.text)
    .text                                    0x00000cb4   Section        0  noretval__2sprintf.o(.text)
    .text                                    0x00000cdc   Section        0  _printf_pad.o(.text)
    .text                                    0x00000d2c   Section        0  _printf_dec.o(.text)
    .text                                    0x00000d98   Section        0  _printf_hex_int.o(.text)
    .text                                    0x00000df0   Section        0  __printf_wp.o(.text)
    .text                                    0x00000efe   Section      346  aeabi_sdiv.o(.text)
    .text                                    0x00001058   Section        0  heapauxi.o(.text)
    .text                                    0x00001060   Section        0  fdiv.o(.text)
    .text                                    0x000011c0   Section        0  ffixui.o(.text)
    .text                                    0x000011f0   Section        0  fflti.o(.text)
    .text                                    0x0000124e   Section        0  _printf_intcommon.o(.text)
    .text                                    0x00001300   Section        0  _printf_char_common.o(.text)
    _printf_input_char                       0x00001301   Thumb Code    10  _printf_char_common.o(.text)
    .text                                    0x00001330   Section        0  _sputc.o(.text)
    .text                                    0x0000133c   Section        0  _printf_char_file.o(.text)
    .text                                    0x00001364   Section        0  rtudiv10.o(.text)
    .text                                    0x0000138c   Section       62  sys_stackheap_outer.o(.text)
    .text                                    0x000013ca   Section        0  exit.o(.text)
    .text                                    0x000013dc   Section        8  libspace.o(.text)
    .text                                    0x000013e4   Section        0  sys_exit.o(.text)
    .text                                    0x000013f0   Section        2  use_no_semi.o(.text)
    .text                                    0x000013f2   Section        0  indicate_semi.o(.text)
    i._is_digit                              0x000013f2   Section        0  __printf_wp.o(i._is_digit)
    .constdata                               0x00001400   Section     2608  main.o(.constdata)
    x$fpl$usenofp                            0x00001400   Section        0  usenofp.o(x$fpl$usenofp)
    .constdata                               0x00001e30   Section       40  _printf_hex_int.o(.constdata)
    uc_hextab                                0x00001e30   Data          20  _printf_hex_int.o(.constdata)
    lc_hextab                                0x00001e44   Data          20  _printf_hex_int.o(.constdata)
    .constdata                               0x00001e58   Section       64  fdiv.o(.constdata)
    fdiv_tab                                 0x00001e58   Data          64  fdiv.o(.constdata)
    .data                                    0x20000000   Section       12  system_mini58series.o(.data)
    .data                                    0x2000000c   Section        4  main.o(.data)
    .data                                    0x20000010   Section        4  retarget.o(.data)
    .bss                                     0x20000014   Section       20  main.o(.bss)
    .bss                                     0x20000028   Section       96  libspace.o(.bss)
    HEAP                                     0x20000088   Section        0  startup_mini58series.o(HEAP)
    STACK                                    0x20000088   Section      512  startup_mini58series.o(STACK)
    Heap_Mem                                 0x20000088   Data           0  startup_mini58series.o(HEAP)
    Stack_Mem                                0x20000088   Data         512  startup_mini58series.o(STACK)
    __initial_sp                             0x20000288   Data           0  startup_mini58series.o(STACK)

    Global Symbols

    Symbol Name                              Value     Ov Type        Size  Object(Section)

    BuildAttributes$$THM_ISAv3M$S$PE$A:L22$X:L11$S22$IEEE1$IW$USESV6$~STKCKD$USESV7$~SHL$OSPACE$ROPI$EBA8$UX$STANDARDLIB$REQ8$PRES8$EABIv2 0x00000000   Number         0  anon$$obj.o ABSOLUTE
    __ARM_use_no_argv                        0x00000000   Number         0  main.o ABSOLUTE
    __Vectors                                0x00000000   Data           4  startup_mini58series.o(RESET)
    _printf_flags                            0x00000000   Number         0  printf_stubs.o ABSOLUTE
    _printf_return_value                     0x00000000   Number         0  printf_stubs.o ABSOLUTE
    _printf_sizespec                         0x00000000   Number         0  printf_stubs.o ABSOLUTE
    _printf_widthprec                        0x00000000   Number         0  printf_stubs.o ABSOLUTE
    __ARM_exceptions_init                     - Undefined Weak Reference
    __alloca_initialize                       - Undefined Weak Reference
    __arm_preinit_                            - Undefined Weak Reference
    __cpp_initialize__aeabi_                  - Undefined Weak Reference
    __cxa_finalize                            - Undefined Weak Reference
    __rt_locale                               - Undefined Weak Reference
    __sigvec_lookup                           - Undefined Weak Reference
    _atexit_init                              - Undefined Weak Reference
    _call_atexit_fns                          - Undefined Weak Reference
    _clock_init                               - Undefined Weak Reference
    _fp_trap_init                             - Undefined Weak Reference
    _fp_trap_shutdown                         - Undefined Weak Reference
    _get_lc_collate                           - Undefined Weak Reference
    _get_lc_ctype                             - Undefined Weak Reference
    _get_lc_monetary                          - Undefined Weak Reference
    _get_lc_numeric                           - Undefined Weak Reference
    _get_lc_time                              - Undefined Weak Reference
    _getenv_init                              - Undefined Weak Reference
    _handle_redirection                       - Undefined Weak Reference
    _init_alloc                               - Undefined Weak Reference
    _init_user_alloc                          - Undefined Weak Reference
    _initio                                   - Undefined Weak Reference
    _printf_truncate_signed                   - Undefined Weak Reference
    _printf_truncate_unsigned                 - Undefined Weak Reference
    _rand_init                                - Undefined Weak Reference
    _signal_finish                            - Undefined Weak Reference
    _signal_init                              - Undefined Weak Reference
    _terminate_alloc                          - Undefined Weak Reference
    _terminate_user_alloc                     - Undefined Weak Reference
    _terminateio                              - Undefined Weak Reference
    __main                                   0x000000c1   Thumb Code     8  __main.o(!!!main)
    __scatterload                            0x000000c9   Thumb Code     0  __scatter.o(!!!scatter)
    __scatterload_rt2                        0x000000c9   Thumb Code    52  __scatter.o(!!!scatter)
    __scatterload_rt2_thumb_only             0x000000c9   Thumb Code     0  __scatter.o(!!!scatter)
    __scatterload_null                       0x000000d9   Thumb Code     0  __scatter.o(!!!scatter)
    __scatterload_copy                       0x00000105   Thumb Code    26  __scatter_copy.o(!!handler_copy)
    __scatterload_zeroinit                   0x00000121   Thumb Code    28  __scatter_zi.o(!!handler_zi)
    _printf_percent                          0x0000013d   Thumb Code     0  _printf_percent.o(.ARM.Collect$$_printf_percent$$00000000)
    _printf_d                                0x0000013f   Thumb Code     0  _printf_d.o(.ARM.Collect$$_printf_percent$$00000009)
    _printf_x                                0x00000149   Thumb Code     0  _printf_x.o(.ARM.Collect$$_printf_percent$$0000000C)
    _printf_percent_end                      0x00000153   Thumb Code     0  _printf_percent_end.o(.ARM.Collect$$_printf_percent$$00000017)
    __rt_lib_init                            0x00000157   Thumb Code     0  libinit.o(.ARM.Collect$$libinit$$00000000)
    __rt_lib_init_alloca_1                   0x00000159   Thumb Code     0  libinit2.o(.ARM.Collect$$libinit$$0000002E)
    __rt_lib_init_argv_1                     0x00000159   Thumb Code     0  libinit2.o(.ARM.Collect$$libinit$$0000002C)
    __rt_lib_init_atexit_1                   0x00000159   Thumb Code     0  libinit2.o(.ARM.Collect$$libinit$$0000001B)
    __rt_lib_init_clock_1                    0x00000159   Thumb Code     0  libinit2.o(.ARM.Collect$$libinit$$00000021)
    __rt_lib_init_cpp_1                      0x00000159   Thumb Code     0  libinit2.o(.ARM.Collect$$libinit$$00000032)
    __rt_lib_init_exceptions_1               0x00000159   Thumb Code     0  libinit2.o(.ARM.Collect$$libinit$$00000030)
    __rt_lib_init_fp_1                       0x00000159   Thumb Code     0  libinit2.o(.ARM.Collect$$libinit$$00000002)
    __rt_lib_init_fp_trap_1                  0x00000159   Thumb Code     0  libinit2.o(.ARM.Collect$$libinit$$0000001F)
    __rt_lib_init_getenv_1                   0x00000159   Thumb Code     0  libinit2.o(.ARM.Collect$$libinit$$00000023)
    __rt_lib_init_heap_1                     0x00000159   Thumb Code     0  libinit2.o(.ARM.Collect$$libinit$$0000000A)
    __rt_lib_init_lc_collate_1               0x00000159   Thumb Code     0  libinit2.o(.ARM.Collect$$libinit$$00000011)
    __rt_lib_init_lc_ctype_1                 0x00000159   Thumb Code     0  libinit2.o(.ARM.Collect$$libinit$$00000013)
    __rt_lib_init_lc_monetary_1              0x00000159   Thumb Code     0  libinit2.o(.ARM.Collect$$libinit$$00000015)
    __rt_lib_init_lc_numeric_1               0x00000159   Thumb Code     0  libinit2.o(.ARM.Collect$$libinit$$00000017)
    __rt_lib_init_lc_time_1                  0x00000159   Thumb Code     0  libinit2.o(.ARM.Collect$$libinit$$00000019)
    __rt_lib_init_preinit_1                  0x00000159   Thumb Code     0  libinit2.o(.ARM.Collect$$libinit$$00000004)
    __rt_lib_init_rand_1                     0x00000159   Thumb Code     0  libinit2.o(.ARM.Collect$$libinit$$0000000E)
    __rt_lib_init_return                     0x00000159   Thumb Code     0  libinit2.o(.ARM.Collect$$libinit$$00000033)
    __rt_lib_init_signal_1                   0x00000159   Thumb Code     0  libinit2.o(.ARM.Collect$$libinit$$0000001D)
    __rt_lib_init_stdio_1                    0x00000159   Thumb Code     0  libinit2.o(.ARM.Collect$$libinit$$00000025)
    __rt_lib_init_user_alloc_1               0x00000159   Thumb Code     0  libinit2.o(.ARM.Collect$$libinit$$0000000C)
    __rt_lib_shutdown                        0x0000015b   Thumb Code     0  libshutdown.o(.ARM.Collect$$libshutdown$$00000000)
    __rt_lib_shutdown_cpp_1                  0x0000015d   Thumb Code     0  libshutdown2.o(.ARM.Collect$$libshutdown$$00000002)
    __rt_lib_shutdown_fp_trap_1              0x0000015d   Thumb Code     0  libshutdown2.o(.ARM.Collect$$libshutdown$$00000007)
    __rt_lib_shutdown_heap_1                 0x0000015d   Thumb Code     0  libshutdown2.o(.ARM.Collect$$libshutdown$$0000000F)
    __rt_lib_shutdown_return                 0x0000015d   Thumb Code     0  libshutdown2.o(.ARM.Collect$$libshutdown$$00000010)
    __rt_lib_shutdown_signal_1               0x0000015d   Thumb Code     0  libshutdown2.o(.ARM.Collect$$libshutdown$$0000000A)
    __rt_lib_shutdown_stdio_1                0x0000015d   Thumb Code     0  libshutdown2.o(.ARM.Collect$$libshutdown$$00000004)
    __rt_lib_shutdown_user_alloc_1           0x0000015d   Thumb Code     0  libshutdown2.o(.ARM.Collect$$libshutdown$$0000000C)
    __rt_entry                               0x0000015f   Thumb Code     0  __rtentry.o(.ARM.Collect$$rtentry$$00000000)
    __rt_entry_presh_1                       0x0000015f   Thumb Code     0  __rtentry2.o(.ARM.Collect$$rtentry$$00000002)
    __rt_entry_sh                            0x0000015f   Thumb Code     0  __rtentry4.o(.ARM.Collect$$rtentry$$00000004)
    __rt_entry_li                            0x00000165   Thumb Code     0  __rtentry2.o(.ARM.Collect$$rtentry$$0000000A)
    __rt_entry_postsh_1                      0x00000165   Thumb Code     0  __rtentry2.o(.ARM.Collect$$rtentry$$00000009)
    __rt_entry_main                          0x00000169   Thumb Code     0  __rtentry2.o(.ARM.Collect$$rtentry$$0000000D)
    __rt_entry_postli_1                      0x00000169   Thumb Code     0  __rtentry2.o(.ARM.Collect$$rtentry$$0000000C)
    __rt_exit                                0x00000171   Thumb Code     0  rtexit.o(.ARM.Collect$$rtexit$$00000000)
    __rt_exit_ls                             0x00000173   Thumb Code     0  rtexit2.o(.ARM.Collect$$rtexit$$00000003)
    __rt_exit_prels_1                        0x00000173   Thumb Code     0  rtexit2.o(.ARM.Collect$$rtexit$$00000002)
    __rt_exit_exit                           0x00000177   Thumb Code     0  rtexit2.o(.ARM.Collect$$rtexit$$00000004)
    HardFault_Handler                        0x0000017d   Thumb Code    24  retarget.o(.emb_text)
    SystemCoreClockUpdate                    0x00000199   Thumb Code   138  system_mini58series.o(.text)
    Reset_Handler                            0x00000241   Thumb Code     4  startup_mini58series.o(.text)
    NMI_Handler                              0x00000245   Thumb Code     2  startup_mini58series.o(.text)
    SVC_Handler                              0x00000249   Thumb Code     2  startup_mini58series.o(.text)
    PendSV_Handler                           0x0000024b   Thumb Code     2  startup_mini58series.o(.text)
    SysTick_Handler                          0x0000024d   Thumb Code     2  startup_mini58series.o(.text)
    ACMP_IRQHandler                          0x0000024f   Thumb Code     0  startup_mini58series.o(.text)
    ADC_IRQHandler                           0x0000024f   Thumb Code     0  startup_mini58series.o(.text)
    BOD_IRQHandler                           0x0000024f   Thumb Code     0  startup_mini58series.o(.text)
    EINT0_IRQHandler                         0x0000024f   Thumb Code     0  startup_mini58series.o(.text)
    EINT1_IRQHandler                         0x0000024f   Thumb Code     0  startup_mini58series.o(.text)
    FB_IRQHandler                            0x0000024f   Thumb Code     0  startup_mini58series.o(.text)
    GPIO234_IRQHandler                       0x0000024f   Thumb Code     0  startup_mini58series.o(.text)
    GPIO5_IRQHandler                         0x0000024f   Thumb Code     0  startup_mini58series.o(.text)
    HIRC_IRQHandler                          0x0000024f   Thumb Code     0  startup_mini58series.o(.text)
    I2C0_IRQHandler                          0x0000024f   Thumb Code     0  startup_mini58series.o(.text)
    I2C1_IRQHandler                          0x0000024f   Thumb Code     0  startup_mini58series.o(.text)
    PWM_IRQHandler                           0x0000024f   Thumb Code     0  startup_mini58series.o(.text)
    SPI_IRQHandler                           0x0000024f   Thumb Code     0  startup_mini58series.o(.text)
    TMR0_IRQHandler                          0x0000024f   Thumb Code     0  startup_mini58series.o(.text)
    TMR1_IRQHandler                          0x0000024f   Thumb Code     0  startup_mini58series.o(.text)
    UART0_IRQHandler                         0x0000024f   Thumb Code     0  startup_mini58series.o(.text)
    UART1_IRQHandler                         0x0000024f   Thumb Code     0  startup_mini58series.o(.text)
    WDT_IRQHandler                           0x0000024f   Thumb Code     0  startup_mini58series.o(.text)
    __user_initial_stackheap                 0x00000251   Thumb Code     0  startup_mini58series.o(.text)
    OLED_WrCmd                               0x0000026d   Thumb Code    28  main.o(.text)
    OLED_WrDat                               0x00000289   Thumb Code    26  main.o(.text)
    OLED_Set_Pos                             0x000002a3   Thumb Code    30  main.o(.text)
    OLED_CLS                                 0x000002c1   Thumb Code    52  main.o(.text)
    OLED_Init                                0x000002f5   Thumb Code    84  main.o(.text)
    OLED_P8x16Str                            0x00000349   Thumb Code    94  main.o(.text)
    OLED_P16x32Temp                          0x000003a7   Thumb Code   216  main.o(.text)
    SYS_Init                                 0x0000047f   Thumb Code    80  main.o(.text)
    SPI_Init                                 0x000004cf   Thumb Code    32  main.o(.text)
    I2C0_Init                                0x000004ef   Thumb Code    12  main.o(.text)
    PowerDownFunction                        0x000004fb   Thumb Code    18  main.o(.text)
    PDWU_IRQHandler                          0x0000050d   Thumb Code    12  main.o(.text)
    GPIO01_IRQHandler                        0x00000519   Thumb Code    26  main.o(.text)
    OPT3001_WR_Reg                           0x00000533   Thumb Code   106  main.o(.text)
    OPT3001_READ                             0x0000059d   Thumb Code   154  main.o(.text)
    OPT3001Config                            0x00000637   Thumb Code    82  main.o(.text)
    GetLuxValue                              0x00000689   Thumb Code    22  main.o(.text)
    main                                     0x0000069f   Thumb Code   122  main.o(.text)
    CLK_PowerDown                            0x00000751   Thumb Code    20  clk.o(.text)
    CLK_GetHXTFreq                           0x0000076d   Thumb Code    20  clk.o(.text)
    CLK_GetLXTFreq                           0x00000789   Thumb Code    20  clk.o(.text)
    CLK_GetHCLKFreq                          0x000007a5   Thumb Code    12  clk.o(.text)
    CLK_SetHCLK                              0x000007b5   Thumb Code    30  clk.o(.text)
    CLK_WaitClockReady                       0x000007d3   Thumb Code    34  clk.o(.text)
    CLK_SetModuleClock                       0x000007f5   Thumb Code    76  clk.o(.text)
    CLK_SetSysTickClockSrc                   0x00000841   Thumb Code    14  clk.o(.text)
    CLK_EnableModuleClock                    0x0000084f   Thumb Code    24  clk.o(.text)
    CLK_SysTickDelay                         0x00000867   Thumb Code    28  clk.o(.text)
    CLK_EnableXtalRC                         0x00000895   Thumb Code    18  clk.o(.text)
    I2C_Open                                 0x000008ad   Thumb Code    50  i2c.o(.text)
    I2C_ClearTimeoutFlag                     0x000008df   Thumb Code    10  i2c.o(.text)
    I2C_EnableInt                            0x000008e9   Thumb Code    10  i2c.o(.text)
    I2C_SetSlaveAddr                         0x000008f3   Thumb Code    36  i2c.o(.text)
    stackDump                                0x0000091d   Thumb Code    70  retarget.o(.text)
    Hard_Fault_Handler                       0x00000963   Thumb Code    16  retarget.o(.text)
    SendChar_ToUART                          0x00000973   Thumb Code    26  retarget.o(.text)
    fputc                                    0x0000098d   Thumb Code    12  retarget.o(.text)
    ferror                                   0x00000999   Thumb Code     6  retarget.o(.text)
    GPIO_SetMode                             0x00000a1d   Thumb Code    40  gpio.o(.text)
    GPIO_EnableInt                           0x00000a45   Thumb Code    26  gpio.o(.text)
    SPI_SetBusClock                          0x00000aa7   Thumb Code   108  spi.o(.text)
    SPI_Open                                 0x00000b13   Thumb Code    36  spi.o(.text)
    SPI_Close                                0x00000b37   Thumb Code    22  spi.o(.text)
    SPI_ClearRxFIFO                          0x00000b4d   Thumb Code    10  spi.o(.text)
    SPI_ClearTxFIFO                          0x00000b57   Thumb Code    10  spi.o(.text)
    SPI_DisableAutoSS                        0x00000b61   Thumb Code    10  spi.o(.text)
    SPI_EnableAutoSS                         0x00000b6b   Thumb Code    20  spi.o(.text)
    SPI_EnableFIFO                           0x00000b7f   Thumb Code    32  spi.o(.text)
    SPI_DisableFIFO                          0x00000b9f   Thumb Code    12  spi.o(.text)
    SPI_GetBusClock                          0x00000bab   Thumb Code    62  spi.o(.text)
    SPI_EnableInt                            0x00000be9   Thumb Code    80  spi.o(.text)
    SPI_DisableInt                           0x00000c39   Thumb Code    80  spi.o(.text)
    __2printf                                0x00000c99   Thumb Code    22  noretval__2printf.o(.text)
    __2sprintf                               0x00000cb5   Thumb Code    36  noretval__2sprintf.o(.text)
    _printf_pre_padding                      0x00000cdd   Thumb Code    44  _printf_pad.o(.text)
    _printf_post_padding                     0x00000d09   Thumb Code    34  _printf_pad.o(.text)
    _printf_int_dec                          0x00000d2d   Thumb Code    90  _printf_dec.o(.text)
    _printf_int_hex                          0x00000d99   Thumb Code    84  _printf_hex_int.o(.text)
    _printf_longlong_hex                     0x00000d99   Thumb Code     0  _printf_hex_int.o(.text)
    __printf                                 0x00000df1   Thumb Code   270  __printf_wp.o(.text)
    __aeabi_uidiv                            0x00000eff   Thumb Code     0  aeabi_sdiv.o(.text)
    __aeabi_uidivmod                         0x00000eff   Thumb Code    20  aeabi_sdiv.o(.text)
    __aeabi_idiv                             0x00000f13   Thumb Code     0  aeabi_sdiv.o(.text)
    __aeabi_idivmod                          0x00000f13   Thumb Code   326  aeabi_sdiv.o(.text)
    __use_two_region_memory                  0x00001059   Thumb Code     2  heapauxi.o(.text)
    __rt_heap_escrow$2region                 0x0000105b   Thumb Code     2  heapauxi.o(.text)
    __rt_heap_expand$2region                 0x0000105d   Thumb Code     2  heapauxi.o(.text)
    __aeabi_fdiv                             0x00001061   Thumb Code     0  fdiv.o(.text)
    _fdiv                                    0x00001061   Thumb Code   334  fdiv.o(.text)
    _frdiv                                   0x000011af   Thumb Code     8  fdiv.o(.text)
    __aeabi_f2uiz                            0x000011c1   Thumb Code     0  ffixui.o(.text)
    _ffixu                                   0x000011c1   Thumb Code    48  ffixui.o(.text)
    __aeabi_i2f_normalise                    0x000011f1   Thumb Code    72  fflti.o(.text)
    __aeabi_i2f                              0x00001239   Thumb Code    16  fflti.o(.text)
    _fflt                                    0x00001239   Thumb Code     0  fflti.o(.text)
    __aeabi_ui2f                             0x00001249   Thumb Code     6  fflti.o(.text)
    _ffltu                                   0x00001249   Thumb Code     0  fflti.o(.text)
    _printf_int_common                       0x0000124f   Thumb Code   176  _printf_intcommon.o(.text)
    _printf_char_common                      0x0000130b   Thumb Code    32  _printf_char_common.o(.text)
    _sputc                                   0x00001331   Thumb Code    10  _sputc.o(.text)
    _printf_char_file                        0x0000133d   Thumb Code    34  _printf_char_file.o(.text)
    __rt_udiv10                              0x00001365   Thumb Code    40  rtudiv10.o(.text)
    __user_setup_stackheap                   0x0000138d   Thumb Code    62  sys_stackheap_outer.o(.text)
    exit                                     0x000013cb   Thumb Code    16  exit.o(.text)
    __user_libspace                          0x000013dd   Thumb Code     8  libspace.o(.text)
    __user_perproc_libspace                  0x000013dd   Thumb Code     0  libspace.o(.text)
    __user_perthread_libspace                0x000013dd   Thumb Code     0  libspace.o(.text)
    _sys_exit                                0x000013e5   Thumb Code     8  sys_exit.o(.text)
    __I$use$semihosting                      0x000013f1   Thumb Code     0  use_no_semi.o(.text)
    __use_no_semihosting_swi                 0x000013f1   Thumb Code     2  use_no_semi.o(.text)
    __semihosting_library_function           0x000013f3   Thumb Code     0  indicate_semi.o(.text)
    _is_digit                                0x000013f3   Thumb Code    14  __printf_wp.o(i._is_digit)
    F8X16                                    0x00001400   Data        1520  main.o(.constdata)
    __I$use$fp                               0x00001400   Number         0  usenofp.o(x$fpl$usenofp)
    F16X32                                   0x000019f0   Data        1088  main.o(.constdata)
    Region$$Table$$Base                      0x00001e98   Number         0  anon$$obj.o(Region$$Table)
    Region$$Table$$Limit                     0x00001eb8   Number         0  anon$$obj.o(Region$$Table)
    PllClock                                 0x20000000   Data           4  system_mini58series.o(.data)
    SystemCoreClock                          0x20000004   Data           4  system_mini58series.o(.data)
    CyclesPerUs                              0x20000008   Data           4  system_mini58series.o(.data)
    Lux                                      0x2000000c   Data           4  main.o(.data)
    __stdout                                 0x20000010   Data           4  retarget.o(.data)
    str_buff                                 0x20000014   Data          20  main.o(.bss)
    __libspace_start                         0x20000028   Data          96  libspace.o(.bss)
    __temporary_stack_top$libspace           0x20000088   Data           0  libspace.o(.bss)



==============================================================================

Memory Map of the image

  Image Entry point : 0x00000241

  Load Region LR_1 (Base: 0x00000000, Size: 0x00001ecc, Max: 0xffffffff, ABSOLUTE)

    Execution Region ER_RO (Exec base: 0x00000000, Load base: 0x00000000, Size: 0x00001eb8, Max: 0xffffffff, ABSOLUTE)

    Exec Addr    Load Addr    Size         Type   Attr      Idx    E Section Name        Object

    0x00000000   0x00000000   0x000000c0   Data   RO           97    RESET               startup_mini58series.o
    0x000000c0   0x000000c0   0x00000008   Code   RO          704  * !!!main             c_p.l(__main.o)
    0x000000c8   0x000000c8   0x0000003c   Code   RO          892    !!!scatter          c_p.l(__scatter.o)
    0x00000104   0x00000104   0x0000001a   Code   RO          894    !!handler_copy      c_p.l(__scatter_copy.o)
    0x0000011e   0x0000011e   0x00000002   PAD
    0x00000120   0x00000120   0x0000001c   Code   RO          896    !!handler_zi        c_p.l(__scatter_zi.o)
    0x0000013c   0x0000013c   0x00000002   Code   RO          697    .ARM.Collect$$_printf_percent$$00000000  c_p.l(_printf_percent.o)
    0x0000013e   0x0000013e   0x0000000a   Code   RO          696    .ARM.Collect$$_printf_percent$$00000009  c_p.l(_printf_d.o)
    0x00000148   0x00000148   0x0000000a   Code   RO          695    .ARM.Collect$$_printf_percent$$0000000C  c_p.l(_printf_x.o)
    0x00000152   0x00000152   0x00000004   Code   RO          726    .ARM.Collect$$_printf_percent$$00000017  c_p.l(_printf_percent_end.o)
    0x00000156   0x00000156   0x00000002   Code   RO          763    .ARM.Collect$$libinit$$00000000  c_p.l(libinit.o)
    0x00000158   0x00000158   0x00000000   Code   RO          777    .ARM.Collect$$libinit$$00000002  c_p.l(libinit2.o)
    0x00000158   0x00000158   0x00000000   Code   RO          779    .ARM.Collect$$libinit$$00000004  c_p.l(libinit2.o)
    0x00000158   0x00000158   0x00000000   Code   RO          782    .ARM.Collect$$libinit$$0000000A  c_p.l(libinit2.o)
    0x00000158   0x00000158   0x00000000   Code   RO          784    .ARM.Collect$$libinit$$0000000C  c_p.l(libinit2.o)
    0x00000158   0x00000158   0x00000000   Code   RO          786    .ARM.Collect$$libinit$$0000000E  c_p.l(libinit2.o)
    0x00000158   0x00000158   0x00000000   Code   RO          789    .ARM.Collect$$libinit$$00000011  c_p.l(libinit2.o)
    0x00000158   0x00000158   0x00000000   Code   RO          791    .ARM.Collect$$libinit$$00000013  c_p.l(libinit2.o)
    0x00000158   0x00000158   0x00000000   Code   RO          793    .ARM.Collect$$libinit$$00000015  c_p.l(libinit2.o)
    0x00000158   0x00000158   0x00000000   Code   RO          795    .ARM.Collect$$libinit$$00000017  c_p.l(libinit2.o)
    0x00000158   0x00000158   0x00000000   Code   RO          797    .ARM.Collect$$libinit$$00000019  c_p.l(libinit2.o)
    0x00000158   0x00000158   0x00000000   Code   RO          799    .ARM.Collect$$libinit$$0000001B  c_p.l(libinit2.o)
    0x00000158   0x00000158   0x00000000   Code   RO          801    .ARM.Collect$$libinit$$0000001D  c_p.l(libinit2.o)
    0x00000158   0x00000158   0x00000000   Code   RO          803    .ARM.Collect$$libinit$$0000001F  c_p.l(libinit2.o)
    0x00000158   0x00000158   0x00000000   Code   RO          805    .ARM.Collect$$libinit$$00000021  c_p.l(libinit2.o)
    0x00000158   0x00000158   0x00000000   Code   RO          807    .ARM.Collect$$libinit$$00000023  c_p.l(libinit2.o)
    0x00000158   0x00000158   0x00000000   Code   RO          809    .ARM.Collect$$libinit$$00000025  c_p.l(libinit2.o)
    0x00000158   0x00000158   0x00000000   Code   RO          813    .ARM.Collect$$libinit$$0000002C  c_p.l(libinit2.o)
    0x00000158   0x00000158   0x00000000   Code   RO          815    .ARM.Collect$$libinit$$0000002E  c_p.l(libinit2.o)
    0x00000158   0x00000158   0x00000000   Code   RO          817    .ARM.Collect$$libinit$$00000030  c_p.l(libinit2.o)
    0x00000158   0x00000158   0x00000000   Code   RO          819    .ARM.Collect$$libinit$$00000032  c_p.l(libinit2.o)
    0x00000158   0x00000158   0x00000002   Code   RO          820    .ARM.Collect$$libinit$$00000033  c_p.l(libinit2.o)
    0x0000015a   0x0000015a   0x00000002   Code   RO          849    .ARM.Collect$$libshutdown$$00000000  c_p.l(libshutdown.o)
    0x0000015c   0x0000015c   0x00000000   Code   RO          875    .ARM.Collect$$libshutdown$$00000002  c_p.l(libshutdown2.o)
    0x0000015c   0x0000015c   0x00000000   Code   RO          877    .ARM.Collect$$libshutdown$$00000004  c_p.l(libshutdown2.o)
    0x0000015c   0x0000015c   0x00000000   Code   RO          880    .ARM.Collect$$libshutdown$$00000007  c_p.l(libshutdown2.o)
    0x0000015c   0x0000015c   0x00000000   Code   RO          883    .ARM.Collect$$libshutdown$$0000000A  c_p.l(libshutdown2.o)
    0x0000015c   0x0000015c   0x00000000   Code   RO          885    .ARM.Collect$$libshutdown$$0000000C  c_p.l(libshutdown2.o)
    0x0000015c   0x0000015c   0x00000000   Code   RO          888    .ARM.Collect$$libshutdown$$0000000F  c_p.l(libshutdown2.o)
    0x0000015c   0x0000015c   0x00000002   Code   RO          889    .ARM.Collect$$libshutdown$$00000010  c_p.l(libshutdown2.o)
    0x0000015e   0x0000015e   0x00000000   Code   RO          713    .ARM.Collect$$rtentry$$00000000  c_p.l(__rtentry.o)
    0x0000015e   0x0000015e   0x00000000   Code   RO          731    .ARM.Collect$$rtentry$$00000002  c_p.l(__rtentry2.o)
    0x0000015e   0x0000015e   0x00000006   Code   RO          743    .ARM.Collect$$rtentry$$00000004  c_p.l(__rtentry4.o)
    0x00000164   0x00000164   0x00000000   Code   RO          733    .ARM.Collect$$rtentry$$00000009  c_p.l(__rtentry2.o)
    0x00000164   0x00000164   0x00000004   Code   RO          734    .ARM.Collect$$rtentry$$0000000A  c_p.l(__rtentry2.o)
    0x00000168   0x00000168   0x00000000   Code   RO          736    .ARM.Collect$$rtentry$$0000000C  c_p.l(__rtentry2.o)
    0x00000168   0x00000168   0x00000008   Code   RO          737    .ARM.Collect$$rtentry$$0000000D  c_p.l(__rtentry2.o)
    0x00000170   0x00000170   0x00000002   Code   RO          768    .ARM.Collect$$rtexit$$00000000  c_p.l(rtexit.o)
    0x00000172   0x00000172   0x00000000   Code   RO          824    .ARM.Collect$$rtexit$$00000002  c_p.l(rtexit2.o)
    0x00000172   0x00000172   0x00000004   Code   RO          825    .ARM.Collect$$rtexit$$00000003  c_p.l(rtexit2.o)
    0x00000176   0x00000176   0x00000006   Code   RO          826    .ARM.Collect$$rtexit$$00000004  c_p.l(rtexit2.o)
    0x0000017c   0x0000017c   0x0000001c   Code   RO          502    .emb_text           retarget.o
    0x00000198   0x00000198   0x000000a8   Code   RO            4    .text               system_mini58series.o
    0x00000240   0x00000240   0x0000002c   Code   RO           98  * .text               startup_mini58series.o
    0x0000026c   0x0000026c   0x000004e4   Code   RO          104    .text               main.o
    0x00000750   0x00000750   0x0000001c   Code   RO          203    .text               clk.o
    0x0000076c   0x0000076c   0x0000001c   Code   RO          205    .text               clk.o
    0x00000788   0x00000788   0x0000001c   Code   RO          206    .text               clk.o
    0x000007a4   0x000007a4   0x00000010   Code   RO          207    .text               clk.o
    0x000007b4   0x000007b4   0x000000e0   Code   RO          209    .text               clk.o
    0x00000894   0x00000894   0x00000018   Code   RO          215    .text               clk.o
    0x000008ac   0x000008ac   0x00000070   Code   RO          321    .text               i2c.o
    0x0000091c   0x0000091c   0x00000100   Code   RO          503    .text               retarget.o
    0x00000a1c   0x00000a1c   0x00000028   Code   RO          585    .text               gpio.o
    0x00000a44   0x00000a44   0x0000001a   Code   RO          586    .text               gpio.o
    0x00000a5e   0x00000a5e   0x00000002   PAD
    0x00000a60   0x00000a60   0x00000238   Code   RO          617    .text               spi.o
    0x00000c98   0x00000c98   0x0000001c   Code   RO          644    .text               c_p.l(noretval__2printf.o)
    0x00000cb4   0x00000cb4   0x00000028   Code   RO          646    .text               c_p.l(noretval__2sprintf.o)
    0x00000cdc   0x00000cdc   0x0000004e   Code   RO          650    .text               c_p.l(_printf_pad.o)
    0x00000d2a   0x00000d2a   0x00000002   PAD
    0x00000d2c   0x00000d2c   0x0000006c   Code   RO          652    .text               c_p.l(_printf_dec.o)
    0x00000d98   0x00000d98   0x00000058   Code   RO          657    .text               c_p.l(_printf_hex_int.o)
    0x00000df0   0x00000df0   0x0000010e   Code   RO          683    .text               c_p.l(__printf_wp.o)
    0x00000efe   0x00000efe   0x0000015a   Code   RO          698    .text               c_p.l(aeabi_sdiv.o)
    0x00001058   0x00001058   0x00000006   Code   RO          702    .text               c_p.l(heapauxi.o)
    0x0000105e   0x0000105e   0x00000002   PAD
    0x00001060   0x00001060   0x00000160   Code   RO          706    .text               fz_ps.l(fdiv.o)
    0x000011c0   0x000011c0   0x00000030   Code   RO          709    .text               fz_ps.l(ffixui.o)
    0x000011f0   0x000011f0   0x0000005e   Code   RO          711    .text               fz_ps.l(fflti.o)
    0x0000124e   0x0000124e   0x000000b0   Code   RO          718    .text               c_p.l(_printf_intcommon.o)
    0x000012fe   0x000012fe   0x00000002   PAD
    0x00001300   0x00001300   0x00000030   Code   RO          720    .text               c_p.l(_printf_char_common.o)
    0x00001330   0x00001330   0x0000000a   Code   RO          722    .text               c_p.l(_sputc.o)
    0x0000133a   0x0000133a   0x00000002   PAD
    0x0000133c   0x0000133c   0x00000028   Code   RO          724    .text               c_p.l(_printf_char_file.o)
    0x00001364   0x00001364   0x00000028   Code   RO          727    .text               c_p.l(rtudiv10.o)
    0x0000138c   0x0000138c   0x0000003e   Code   RO          749    .text               c_p.l(sys_stackheap_outer.o)
    0x000013ca   0x000013ca   0x00000010   Code   RO          752    .text               c_p.l(exit.o)
    0x000013da   0x000013da   0x00000002   PAD
    0x000013dc   0x000013dc   0x00000008   Code   RO          764    .text               c_p.l(libspace.o)
    0x000013e4   0x000013e4   0x0000000c   Code   RO          821    .text               c_p.l(sys_exit.o)
    0x000013f0   0x000013f0   0x00000002   Code   RO          838    .text               c_p.l(use_no_semi.o)
    0x000013f2   0x000013f2   0x00000000   Code   RO          840    .text               c_p.l(indicate_semi.o)
    0x000013f2   0x000013f2   0x0000000e   Code   RO          685    i._is_digit         c_p.l(__printf_wp.o)
    0x00001400   0x00001400   0x00000000   Code   RO          729    x$fpl$usenofp       fz_ps.l(usenofp.o)
    0x00001400   0x00001400   0x00000a30   Data   RO          106    .constdata          main.o
    0x00001e30   0x00001e30   0x00000028   Data   RO          658    .constdata          c_p.l(_printf_hex_int.o)
    0x00001e58   0x00001e58   0x00000040   Data   RO          707    .constdata          fz_ps.l(fdiv.o)
    0x00001e98   0x00001e98   0x00000020   Data   RO          890    Region$$Table       anon$$obj.o


    Execution Region ER_RW (Exec base: 0x20000000, Load base: 0x00001eb8, Size: 0x00000014, Max: 0xffffffff, ABSOLUTE)

    Exec Addr    Load Addr    Size         Type   Attr      Idx    E Section Name        Object

    0x20000000   0x00001eb8   0x0000000c   Data   RW            6    .data               system_mini58series.o
    0x2000000c   0x00001ec4   0x00000004   Data   RW          108    .data               main.o
    0x20000010   0x00001ec8   0x00000004   Data   RW          510    .data               retarget.o


    Execution Region ER_ZI (Exec base: 0x20000014, Load base: 0x00001ecc, Size: 0x00000274, Max: 0xffffffff, ABSOLUTE)

    Exec Addr    Load Addr    Size         Type   Attr      Idx    E Section Name        Object

    0x20000014        -       0x00000014   Zero   RW          105    .bss                main.o
    0x20000028        -       0x00000060   Zero   RW          765    .bss                c_p.l(libspace.o)
    0x20000088        -       0x00000000   Zero   RW           96    HEAP                startup_mini58series.o
    0x20000088        -       0x00000200   Zero   RW           95    STACK               startup_mini58series.o


==============================================================================

Image component sizes


      Code (inc. data)   RO Data    RW Data    ZI Data      Debug   Object Name

       348         52          0          0          0       4814   clk.o
        66          0          0          0          0       1604   gpio.o
       112          6          0          0          0       1631   i2c.o
      1252         94       2608          4         20     142234   main.o
       284        130          0          4          0       3881   retarget.o
       568         16          0          0          0       4136   spi.o
        44         18        192          0        512        720   startup_mini58series.o
       168         30          0         12          0     135153   system_mini58series.o

    ----------------------------------------------------------------------
      2844        346       2832         20        532     294173   Object Totals
         0          0         32          0          0          0   (incl. Generated)
         2          0          0          0          0          0   (incl. Padding)

    ----------------------------------------------------------------------

      Code (inc. data)   RO Data    RW Data    ZI Data      Debug   Library Member Name

         8          0          0          0          0         68   __main.o
       284          0          0          0          0        136   __printf_wp.o
         0          0          0          0          0          0   __rtentry.o
        12          0          0          0          0          0   __rtentry2.o
         6          0          0          0          0          0   __rtentry4.o
        60          8          0          0          0          0   __scatter.o
        26          0          0          0          0          0   __scatter_copy.o
        28          0          0          0          0          0   __scatter_zi.o
        48          6          0          0          0         88   _printf_char_common.o
        40          6          0          0          0         72   _printf_char_file.o
        10          0          0          0          0          0   _printf_d.o
       108         18          0          0          0         76   _printf_dec.o
        88          4         40          0          0         72   _printf_hex_int.o
       176          0          0          0          0         84   _printf_intcommon.o
        78          0          0          0          0        100   _printf_pad.o
         2          0          0          0          0          0   _printf_percent.o
         4          0          0          0          0          0   _printf_percent_end.o
        10          0          0          0          0          0   _printf_x.o
        10          0          0          0          0         60   _sputc.o
       346          0          0          0          0         92   aeabi_sdiv.o
        16          0          0          0          0         68   exit.o
         6          0          0          0          0        136   heapauxi.o
         0          0          0          0          0          0   indicate_semi.o
         2          0          0          0          0          0   libinit.o
         2          0          0          0          0          0   libinit2.o
         2          0          0          0          0          0   libshutdown.o
         2          0          0          0          0          0   libshutdown2.o
         8          4          0          0         96         68   libspace.o
        28          6          0          0          0         84   noretval__2printf.o
        40          4          0          0          0         84   noretval__2sprintf.o
         2          0          0          0          0          0   rtexit.o
        10          0          0          0          0          0   rtexit2.o
        40          0          0          0          0         60   rtudiv10.o
        12          4          0          0          0         60   sys_exit.o
        62          0          0          0          0         80   sys_stackheap_outer.o
         2          0          0          0          0         68   use_no_semi.o
       352         10         64          0          0         92   fdiv.o
        48          0          0          0          0         60   ffixui.o
        94          0          0          0          0         92   fflti.o
         0          0          0          0          0          0   usenofp.o

    ----------------------------------------------------------------------
      2084         70        104          0         96       1800   Library Totals
        12          0          0          0          0          0   (incl. Padding)

    ----------------------------------------------------------------------

      Code (inc. data)   RO Data    RW Data    ZI Data      Debug   Library Name

      1578         60         40          0         96       1556   c_p.l
       494         10         64          0          0        244   fz_ps.l

    ----------------------------------------------------------------------
      2084         70        104          0         96       1800   Library Totals

    ----------------------------------------------------------------------

==============================================================================


      Code (inc. data)   RO Data    RW Data    ZI Data      Debug   

      4928        416       2936         20        628     294193   Grand Totals
      4928        416       2936         20        628     294193   ELF Image Totals
      4928        416       2936         20          0          0   ROM Totals

==============================================================================

    Total RO  Size (Code + RO Data)                 7864 (   7.68kB)
    Total RW  Size (RW Data + ZI Data)               648 (   0.63kB)
    Total ROM Size (Code + RO Data + RW Data)       7884 (   7.70kB)

==============================================================================

