<html>
<body>
<pre>
<h1>µVision Build Log</h1>
<h2>Tool Versions:</h2>
IDE-Version: ¶ÃVision V5.27.0.0
Copyright (C) 2018 ARM Ltd and ARM Germany GmbH. All rights reserved.
License Information: a a, a, LIC=IK1BF-6EZL9-UHU8H-WDKNA-7CGLN-9FJAZ
 
Tool Versions:
Toolchain:       MDK-ARM Plus  Version: 5.27.0.0
Toolchain Path:  C:\Keil_v5\ARM\ARMCC\Bin
C Compiler:      Armcc.exe V5.06 update 6 (build 750)
Assembler:       Armasm.exe V5.06 update 6 (build 750)
Linker/Locator:  ArmLink.exe V5.06 update 6 (build 750)
Library Manager: ArmAr.exe
Hex Converter:   FromElf.exe V5.06 update 6 (build 750)
CPU DLL:         SARMCM3.DLL V5.27.0.0
Dialog DLL:      DARMCM1.DLL V1.19.2.0
Target DLL:      NULink\Nu_Link.dll V3.02
Dialog DLL:      TARMCM1.DLL V1.14.1.0
 
<h2>Project:</h2>
C:\Users\Administrator\Desktop\M051BSPv3.01.003\SampleCode\StdDriver\»»√Ù¥Ú”°ª˙\KEIL\UART_TxRx_Function.uvproj
Project File Date:  05/26/2020

<h2>Output:</h2>
*** Using Compiler 'V5.06 update 6 (build 750)', folder: 'C:\Keil_v5\ARM\ARMCC\Bin'
Build target 'UART_TxRx_Function'
creating preprocessor file for system_M051Series.c...
creating preprocessor file for main.c...
compiling main.c...
creating preprocessor file for clk.c...
creating preprocessor file for retarget.c...
creating preprocessor file for sys.c...
creating preprocessor file for uart.c...
linking...
Program Size: Code=3372 RO-data=344 RW-data=36 ZI-data=724  
FromELF: creating hex file...
After Build - User command #1: fromelf --bin ".\obj\UART_TxRx_Function.axf" --output ".\obj\UART_TxRx_Function.bin"
After Build - User command #2: fromelf --text -c ".\obj\UART_TxRx_Function.axf" --output ".\obj\UART_TxRx_Function.txt"
".\obj\UART_TxRx_Function.axf" - 0 Error(s), 0 Warning(s).
Build Time Elapsed:  00:00:03
</pre>
</body>
</html>
