<html>
<body>
<pre>
<h1>µVision Build Log</h1>
<h2>Project:</h2>
E:\DUAN\EPD≤‚ ‘∞Ê&DEMO∞Â\GDE029A1\GDE029A1≥Ã–Ú æ¿˝\Project\mdk.uvproj
Project File Date:  06/30/2017

<h2>Output:</h2>
Build target 'mdk'
compiling main.c...
linking...
Program Size: Code=5702 RO-data=19342 RW-data=52 ZI-data=1636  
FromELF: creating hex file...
".\Debug\obj\mdk.axf" - 0 Error(s), 0 Warning(s).
Load "E:\\DUAN\\EPD≤‚ ‘∞Ê&DEMO∞Â\\GDE029A1\\GDE029A1≥Ã–Ú æ¿˝\\Project\\Debug\\obj\\mdk.axf" 
Set JLink Project File to "E:\DUAN\EPD≤‚ ‘∞Ê&DEMO∞Â\GDE029A1\GDE029A1≥Ã–Ú æ¿˝\Project\JLinkSettings.ini"
* JLink Info: Device "STM32F103C8" selected (64 KB flash, 20 KB RAM).
 
JLink info:
------------
DLL: V4.76d, compiled Sep 13 2013 16:35:06
Firmware: J-Link V9 compiled Jan 21 2016 18:49:33
Hardware: V9.20
Feature(s) : GDB, RDI, FlashBP, FlashDL, JFlash 
 
* JLink Info: TotalIRLen = 9, IRPrint = 0x0011
* JLink Info: TotalIRLen = 9, IRPrint = 0x0011
* JLink Info: Found Cortex-M3 r1p1, Little endian.
* JLink Info: FPUnit: 6 code (BP) slots and 2 literal slots
* JLink Info: TPIU fitted.
ROMTableAddr = 0xE00FF003
* JLink Info: Found Cortex-M3 r1p1, Little endian.
 
Target info:
------------
Device: STM32F103C8
VTarget = 3.233V
State of Pins: 
TCK: 1, TDI: 0, TDO: 0, TMS: 0, TRES: 1, TRST: 1
Hardware-Breakpoints: 0
Software-Breakpoints: 8192
Watchpoints:          0
JTAG speed: 2000 kHz
 
Erase Done.
Programming Done.
Verify OK.
</pre>
</body>
</html>
