Component: ARM Compiler 5.06 update 4 (build 422) Tool: armlink [4d35d2]

==============================================================================

Section Cross References

    main.o(.text) refers to _printf_pad.o(.text) for _printf_pre_padding
    main.o(.text) refers to _printf_percent.o(.ARM.Collect$$_printf_percent$$00000000) for _printf_percent
    main.o(.text) refers to _printf_f.o(.ARM.Collect$$_printf_percent$$00000003) for _printf_f
    main.o(.text) refers to printf1.o(x$fpl$printf1) for _printf_fp_dec
    main.o(.text) refers to _printf_d.o(.ARM.Collect$$_printf_percent$$00000009) for _printf_d
    main.o(.text) refers to _printf_dec.o(.text) for _printf_int_dec
    main.o(.text) refers to ip5328p.o(.text) for IP5328P_BatOCV
    main.o(.text) refers to f2d.o(x$fpl$f2d) for __aeabi_f2d
    main.o(.text) refers to dleqf.o(x$fpl$dleqf) for __aeabi_cdcmple
    main.o(.text) refers to delay.o(.text) for delay_ms
    main.o(.text) refers to powercontrol.o(.text) for power_off
    main.o(.text) refers to stm32f10x_gpio.o(.text) for GPIO_ReadInputDataBit
    main.o(.text) refers to noretval__2sprintf.o(.text) for __2sprintf
    main.o(.text) refers to gui.o(.text) for Show_Str
    main.o(.text) refers to main.o(.bss) for buf
    main.o(.text) refers to ip5328p.o(.data) for mos_state
    main.o(.text) refers to ip5328p.o(.bss) for current
    main.o(.text) refers to os_core.o(.text) for OSStatInit
    main.o(.text) refers to os_cpu_a.o(.text) for OS_CPU_SR_Save
    main.o(.text) refers to os_task.o(.text) for OSTaskCreate
    main.o(.text) refers to sys.o(.text) for NVIC_Configuration
    main.o(.text) refers to stm32f10x_rcc.o(.text) for RCC_APB2PeriphClockCmd
    main.o(.text) refers to usart.o(.text) for uart_init
    main.o(.text) refers to usart2.o(.text) for uart2_init
    main.o(.text) refers to lcd.o(.text) for LCD_Init
    main.o(.text) refers to i2c.o(.text) for i2c_init
    system_stm32f10x.o(.text) refers to system_stm32f10x.o(.data) for SystemCoreClock
    usart2.o(.text) refers to stm32f10x_rcc.o(.text) for RCC_APB2PeriphClockCmd
    usart2.o(.text) refers to stm32f10x_usart.o(.text) for USART_DeInit
    usart2.o(.text) refers to stm32f10x_gpio.o(.text) for GPIO_Init
    usart2.o(.text) refers to misc.o(.text) for NVIC_Init
    usart2.o(.text) refers to os_core.o(.text) for OSIntEnter
    usart2.o(.text) refers to usart2.o(.data) for USART2_RX_STA
    usart2.o(.text) refers to usart2.o(.bss) for USART2_RX_BUF
    lcd.o(.text) refers to spi.o(.text) for SPIv_WriteData
    lcd.o(.text) refers to stm32f10x_rcc.o(.text) for RCC_APB2PeriphClockCmd
    lcd.o(.text) refers to stm32f10x_gpio.o(.text) for GPIO_Init
    lcd.o(.text) refers to delay.o(.text) for delay_ms
    lcd.o(.text) refers to lcd.o(.bss) for lcddev
    lcd.o(.text) refers to lcd.o(.data) for POINT_COLOR
    test.o(.text) refers to lcd.o(.text) for LCD_Clear
    test.o(.text) refers to gui.o(.text) for LCD_Fill
    test.o(.text) refers to delay.o(.text) for delay_ms
    test.o(.text) refers to lcd.o(.bss) for lcddev
    test.o(.text) refers to lcd.o(.data) for POINT_COLOR
    test.o(.text) refers to test.o(.data) for ColorTab
    gui.o(.text) refers to lcd.o(.text) for LCD_SetCursor
    gui.o(.text) refers to lcd.o(.bss) for lcddev
    gui.o(.text) refers to lcd.o(.data) for POINT_COLOR
    gui.o(.text) refers to gui.o(.constdata) for asc2_1206
    gui.o(.text) refers to strlen.o(.text) for strlen
    i2c.o(.text) refers to stm32f10x_gpio.o(.text) for GPIO_Init
    i2c.o(.text) refers to stm32f10x_rcc.o(.text) for RCC_APB2PeriphClockCmd
    ip5328p.o(.text) refers to i2c.o(.text) for I2CStart
    ip5328p.o(.text) refers to fflt_clz.o(x$fpl$fflt) for __aeabi_i2f
    ip5328p.o(.text) refers to faddsub_clz.o(x$fpl$fadd) for __aeabi_fadd
    ip5328p.o(.text) refers to feqf.o(x$fpl$feqf) for __aeabi_cfcmpeq
    ip5328p.o(.text) refers to f2d.o(x$fpl$f2d) for __aeabi_f2d
    ip5328p.o(.text) refers to dmul.o(x$fpl$dmul) for __aeabi_dmul
    ip5328p.o(.text) refers to daddsub_clz.o(x$fpl$dadd) for __aeabi_dadd
    ip5328p.o(.text) refers to d2f.o(x$fpl$d2f) for __aeabi_d2f
    ip5328p.o(.text) refers to frleqf.o(x$fpl$frleqf) for __aeabi_cfrcmple
    ip5328p.o(.text) refers to faddsub_clz.o(x$fpl$fsub) for __aeabi_fsub
    ip5328p.o(.text) refers to dleqf.o(x$fpl$dleqf) for __aeabi_cdcmple
    ip5328p.o(.text) refers to fflt_clz.o(x$fpl$ffltu) for __aeabi_ui2f
    ip5328p.o(.text) refers to fdiv.o(x$fpl$fdiv) for __aeabi_fdiv
    ip5328p.o(.text) refers to ip5328p.o(.data) for power
    ip5328p.o(.text) refers to ip5328p.o(.bss) for current
    powercontrol.o(.text) refers to stm32f10x_rcc.o(.text) for RCC_APB2PeriphClockCmd
    powercontrol.o(.text) refers to stm32f10x_gpio.o(.text) for GPIO_Init
    powercontrol.o(.text) refers to ip5328p.o(.text) for IP5328P_BatOCV
    powercontrol.o(.text) refers to f2d.o(x$fpl$f2d) for __aeabi_f2d
    powercontrol.o(.text) refers to dleqf.o(x$fpl$dleqf) for __aeabi_cdcmple
[...]
    .text                                    0x0800078c   Section        0  system_stm32f10x.o(.text)
    SetSysClockTo72                          0x0800078d   Thumb Code   214  system_stm32f10x.o(.text)
    SetSysClock                              0x08000863   Thumb Code     8  system_stm32f10x.o(.text)
    .text                                    0x0800096c   Section        0  usart2.o(.text)
    .text                                    0x08000aa0   Section        0  lcd.o(.text)
    .text                                    0x08000ef0   Section        0  spi.o(.text)
    .text                                    0x08000f30   Section        0  gui.o(.text)
    _swap                                    0x0800121b   Thumb Code    10  gui.o(.text)
    .text                                    0x08001b38   Section        0  i2c.o(.text)
    .text                                    0x08001de8   Section        0  ip5328p.o(.text)
    .text                                    0x080025f4   Section        0  powercontrol.o(.text)
    .text                                    0x080026e8   Section        0  delay.o(.text)
    .text                                    0x080027dc   Section        0  sys.o(.text)
    .text                                    0x080027e8   Section        0  usart.o(.text)
    .text                                    0x08002930   Section       64  startup_stm32f10x_md.o(.text)
    .text                                    0x08002970   Section        0  misc.o(.text)
    .text                                    0x08002a4c   Section        0  stm32f10x_gpio.o(.text)
    .text                                    0x08002da8   Section        0  stm32f10x_rcc.o(.text)
    .text                                    0x0800314c   Section        0  stm32f10x_usart.o(.text)
    .text                                    0x08003554   Section        0  os_core.o(.text)
    OS_InitTaskStat                          0x080035ff   Thumb Code    52  os_core.o(.text)
    OS_InitTaskIdle                          0x08003655   Thumb Code    52  os_core.o(.text)
    OS_InitEventList                         0x0800369b   Thumb Code    74  os_core.o(.text)
    OS_InitTCBList                           0x080036e5   Thumb Code   106  os_core.o(.text)
    OS_InitRdyList                           0x0800374f   Thumb Code    44  os_core.o(.text)
    OS_InitMisc                              0x0800377b   Thumb Code    44  os_core.o(.text)
    OS_SchedNew                              0x080037f7   Thumb Code    26  os_core.o(.text)
    .text                                    0x08003dec   Section        0  os_flag.o(.text)
    OS_FlagTaskRdy                           0x08003f63   Thumb Code    82  os_flag.o(.text)
    OS_FlagBlock                             0x0800411d   Thumb Code   152  os_flag.o(.text)
    .text                                    0x080045f8   Section        0  os_mem.o(.text)
    .text                                    0x080047ac   Section        0  os_q.o(.text)
    .text                                    0x08004d94   Section        0  os_sem.o(.text)
    .text                                    0x08005120   Section        0  os_task.o(.text)
    .text                                    0x080058e4   Section        0  os_time.o(.text)
    .text                                    0x08005a94   Section        0  os_tmr.o(.text)
    OSTmr_Alloc                              0x08005a95   Thumb Code    50  os_tmr.o(.text)
    OSTmr_Free                               0x08005b27   Thumb Code    58  os_tmr.o(.text)
    OSTmr_Unlink                             0x08005b61   Thumb Code    62  os_tmr.o(.text)
    OSTmr_Link                               0x08005d87   Thumb Code   100  os_tmr.o(.text)
    OSTmr_Task                               0x08005f4d   Thumb Code   114  os_tmr.o(.text)
    OSTmr_InitTask                           0x08005fbf   Thumb Code    50  os_tmr.o(.text)
    .text                                    0x080060c8   Section      180  os_cpu_a.o(.text)
    .text                                    0x0800617c   Section        0  os_cpu_c.o(.text)
    .text                                    0x08006250   Section        2  use_no_semi_2.o(.text)
    .text                                    0x08006254   Section        0  noretval__2sprintf.o(.text)
    .text                                    0x0800627c   Section        0  _printf_pad.o(.text)
    .text                                    0x080062cc   Section        0  _printf_dec.o(.text)
    .text                                    0x08006344   Section        0  __printf_wp.o(.text)
    .text                                    0x08006452   Section        0  strlen.o(.text)
    .text                                    0x08006490   Section        0  heapauxi.o(.text)
    .text                                    0x08006496   Section        2  use_no_semi.o(.text)
    .text                                    0x08006498   Section        0  _printf_intcommon.o(.text)
    .text                                    0x0800654a   Section        0  _printf_fp_dec.o(.text)
    _fp_digits                               0x0800654d   Thumb Code   428  _printf_fp_dec.o(.text)
    .text                                    0x08006964   Section        0  _printf_char_common.o(.text)
    _printf_input_char                       0x08006965   Thumb Code    10  _printf_char_common.o(.text)
    .text                                    0x08006994   Section        0  _sputc.o(.text)
    .text                                    0x080069a0   Section        8  rt_locale_intlibspace.o(.text)
    .text                                    0x080069a8   Section      138  lludiv10.o(.text)
    .text                                    0x08006a34   Section        0  _printf_fp_infnan.o(.text)
    .text                                    0x08006ab4   Section        0  bigflt0.o(.text)
    .text                                    0x08006b90   Section        8  libspace.o(.text)
    .text                                    0x08006b98   Section       74  sys_stackheap_outer.o(.text)
    .text                                    0x08006be2   Section        0  exit.o(.text)
    .text                                    0x08006bf4   Section      128  strcmpv7m.o(.text)
    CL$$btod_d2e                             0x08006c74   Section       62  btod.o(CL$$btod_d2e)
    CL$$btod_d2e_denorm_low                  0x08006cb2   Section       70  btod.o(CL$$btod_d2e_denorm_low)
    CL$$btod_d2e_norm_op1                    0x08006cf8   Section       96  btod.o(CL$$btod_d2e_norm_op1)
    CL$$btod_div_common                      0x08006d58   Section      824  btod.o(CL$$btod_div_common)
    CL$$btod_e2e                             0x08007090   Section      198  btod.o(CL$$btod_e2e)
    CL$$btod_ediv                            0x08007156   Section       40  btod.o(CL$$btod_ediv)
    CL$$btod_emul                            0x0800717e   Section       40  btod.o(CL$$btod_emul)
    CL$$btod_mult_common                     0x080071a6   Section      580  btod.o(CL$$btod_mult_common)
    i.__ARM_fpclassify                       0x080073ea   Section        0  fpclassify.o(i.__ARM_fpclassify)
    i._is_digit                              0x08007412   Section        0  __printf_wp.o(i._is_digit)
    locale$$code                             0x08007420   Section       44  lc_numeric_c.o(locale$$code)
    x$fpl$d2f                                0x0800744c   Section       98  d2f.o(x$fpl$d2f)
    x$fpl$dadd                               0x080074b0   Section      336  daddsub_clz.o(x$fpl$dadd)
    _dadd1                                   0x080074c1   Thumb Code     0  daddsub_clz.o(x$fpl$dadd)
    x$fpl$dcmpinf                            0x08007600   Section       24  dcmpi.o(x$fpl$dcmpinf)
    x$fpl$dleqf                              0x08007618   Section      120  dleqf.o(x$fpl$dleqf)
    x$fpl$dmul                               0x08007690   Section      340  dmul.o(x$fpl$dmul)
    x$fpl$dnaninf                            0x080077e4   Section      156  dnaninf.o(x$fpl$dnaninf)
    x$fpl$dretinf                            0x08007880   Section       12  dretinf.o(x$fpl$dretinf)
    x$fpl$dsub                               0x0800788c   Section      468  daddsub_clz.o(x$fpl$dsub)
    _dsub1                                   0x0800789d   Thumb Code     0  daddsub_clz.o(x$fpl$dsub)
    x$fpl$f2d                                0x08007a60   Section       86  f2d.o(x$fpl$f2d)
    x$fpl$fadd                               0x08007ab8   Section      196  faddsub_clz.o(x$fpl$fadd)
    _fadd1                                   0x08007ac7   Thumb Code     0  faddsub_clz.o(x$fpl$fadd)
    x$fpl$fcmpinf                            0x08007b7c   Section       24  fcmpi.o(x$fpl$fcmpinf)
    x$fpl$fdiv                               0x08007b94   Section      388  fdiv.o(x$fpl$fdiv)
    _fdiv1                                   0x08007b95   Thumb Code     0  fdiv.o(x$fpl$fdiv)
    x$fpl$feqf                               0x08007d18   Section      104  feqf.o(x$fpl$feqf)
    x$fpl$fflt                               0x08007d80   Section       48  fflt_clz.o(x$fpl$fflt)
    x$fpl$ffltu                              0x08007db0   Section       38  fflt_clz.o(x$fpl$ffltu)
    x$fpl$fleqf                              0x08007dd8   Section      104  fleqf.o(x$fpl$fleqf)
    x$fpl$fnaninf                            0x08007e40   Section      140  fnaninf.o(x$fpl$fnaninf)
    x$fpl$fretinf                            0x08007ecc   Section       10  fretinf.o(x$fpl$fretinf)
    x$fpl$frleqf                             0x08007ed6   Section       98  frleqf.o(x$fpl$frleqf)
    x$fpl$fsub                               0x08007f38   Section      234  faddsub_clz.o(x$fpl$fsub)
    _fsub1                                   0x08007f47   Thumb Code     0  faddsub_clz.o(x$fpl$fsub)
    x$fpl$printf1                            0x08008022   Section        4  printf1.o(x$fpl$printf1)
    .constdata                               0x08008026   Section     5806  gui.o(.constdata)
    x$fpl$usenofp                            0x08008026   Section        0  usenofp.o(x$fpl$usenofp)
    .constdata                               0x080096d4   Section      256  os_core.o(.constdata)
    .constdata                               0x080097d4   Section      148  bigflt0.o(.constdata)
    tenpwrs_x                                0x080097d4   Data          60  bigflt0.o(.constdata)
    tenpwrs_i                                0x08009810   Data          64  bigflt0.o(.constdata)
    locale$$data                             0x08009888   Section       28  lc_numeric_c.o(locale$$data)
    __lcnum_c_name                           0x0800988c   Data           2  lc_numeric_c.o(locale$$data)
    __lcnum_c_start                          0x08009894   Data           0  lc_numeric_c.o(locale$$data)
    __lcnum_c_point                          0x080098a0   Data           0  lc_numeric_c.o(locale$$data)
    __lcnum_c_thousands                      0x080098a2   Data           0  lc_numeric_c.o(locale$$data)
    __lcnum_c_grouping                       0x080098a3   Data           0  lc_numeric_c.o(locale$$data)
    __lcnum_c_end                            0x080098a4   Data           0  lc_numeric_c.o(locale$$data)
    .data                                    0x20000000   Section       20  system_stm32f10x.o(.data)
    .data                                    0x20000014   Section        2  usart2.o(.data)
    .data                                    0x20000016   Section        6  lcd.o(.data)
    .data                                    0x2000001c   Section       12  ip5328p.o(.data)
    .data                                    0x20000028   Section        4  delay.o(.data)
    fac_us                                   0x20000028   Data           1  delay.o(.data)
    fac_ms                                   0x2000002a   Data           2  delay.o(.data)
    .data                                    0x2000002c   Section        6  usart.o(.data)
    .data                                    0x20000032   Section       20  stm32f10x_rcc.o(.data)
    APBAHBPrescTable                         0x20000032   Data          16  stm32f10x_rcc.o(.data)
    ADCPrescTable                            0x20000042   Data           4  stm32f10x_rcc.o(.data)
    .data                                    0x20000048   Section       96  os_core.o(.data)
    .data                                    0x200000a8   Section        6  os_cpu_c.o(.data)
    OSTmrCtr                                 0x200000ac   Data           2  os_cpu_c.o(.data)
    .bss                                     0x200000b0   Section     2836  main.o(.bss)
    .bss                                     0x20000bc4   Section      200  usart2.o(.bss)
    .bss                                     0x20000c8c   Section       16  lcd.o(.bss)
    .bss                                     0x20000c9c   Section       16  ip5328p.o(.bss)
    .bss                                     0x20000cac   Section      200  usart.o(.bss)
    .bss                                     0x20000d74   Section     3928  os_core.o(.bss)
    .bss                                     0x20001ccc   Section       96  libspace.o(.bss)
    HEAP                                     0x20001d30   Section      512  startup_stm32f10x_md.o(HEAP)
    Heap_Mem                                 0x20001d30   Data         512  startup_stm32f10x_md.o(HEAP)
    STACK                                    0x20001f30   Section     1024  startup_stm32f10x_md.o(STACK)
    Stack_Mem                                0x20001f30   Data        1024  startup_stm32f10x_md.o(STACK)
    __initial_sp                             0x20002330   Data           0  startup_stm32f10x_md.o(STACK)

    Global Symbols

    Symbol Name                              Value     Ov Type        Size  Object(Section)

    BuildAttributes$$THM_ISAv4$P$D$K$B$S$PE$A:L22UL41UL21$X:L11$S22US41US21$IEEE1$IW$USESV6$~STKCKD$USESV7$~SHL$OTIME$ROPI$IEEEJ$EBA8$UX$STANDARDLIB$REQ8$PRES8$EABIv2 0x00000000   Number         0  anon$$obj.o ABSOLUTE
    __ARM_use_no_argv                        0x00000000   Number         0  main.o ABSOLUTE
    _printf_flags                            0x00000000   Number         0  printf_stubs.o ABSOLUTE
    _printf_return_value                     0x00000000   Number         0  printf_stubs.o ABSOLUTE
    _printf_sizespec                         0x00000000   Number         0  printf_stubs.o ABSOLUTE
    _printf_widthprec                        0x00000000   Number         0  printf_stubs.o ABSOLUTE
    __ARM_exceptions_init                     - Undefined Weak Reference
    __alloca_initialize                       - Undefined Weak Reference
    __arm_preinit_                            - Undefined Weak Reference
    __cpp_initialize__aeabi_                  - Undefined Weak Reference
    __cxa_finalize                            - Undefined Weak Reference
    __sigvec_lookup                           - Undefined Weak Reference
    _atexit_init                              - Undefined Weak Reference
    _call_atexit_fns                          - Undefined Weak Reference
    _clock_init                               - Undefined Weak Reference
    _fp_trap_init                             - Undefined Weak Reference
    _fp_trap_shutdown                         - Undefined Weak Reference
    _get_lc_collate                           - Undefined Weak Reference
    _get_lc_ctype                             - Undefined Weak Reference
    _get_lc_monetary                          - Undefined Weak Reference
    _get_lc_time                              - Undefined Weak Reference
    _getenv_init                              - Undefined Weak Reference
    _handle_redirection                       - Undefined Weak Reference
    _init_alloc                               - Undefined Weak Reference
    _init_user_alloc                          - Undefined Weak Reference
    _initio                                   - Undefined Weak Reference
    _printf_truncate_signed                   - Undefined Weak Reference
    _printf_truncate_unsigned                 - Undefined Weak Reference
    _rand_init                                - Undefined Weak Reference
    _signal_finish                            - Undefined Weak Reference
    _signal_init                              - Undefined Weak Reference
    _terminate_alloc                          - Undefined Weak Reference
    _terminate_user_alloc                     - Undefined Weak Reference
    _terminateio                              - Undefined Weak Reference
    __Vectors_Size                           0x000000ec   Number         0  startup_stm32f10x_md.o ABSOLUTE
    __Vectors                                0x08000000   Data           4  startup_stm32f10x_md.o(RESET)
    __Vectors_End                            0x080000ec   Data           0  startup_stm32f10x_md.o(RESET)
    __main                                   0x080000ed   Thumb Code     8  __main.o(!!!main)
    __scatterload                            0x080000f5   Thumb Code     0  __scatter.o(!!!scatter)
    __scatterload_rt2                        0x080000f5   Thumb Code    44  __scatter.o(!!!scatter)
    __scatterload_rt2_thumb_only             0x080000f5   Thumb Code     0  __scatter.o(!!!scatter)
    __scatterload_null                       0x08000103   Thumb Code     0  __scatter.o(!!!scatter)
    __scatterload_copy                       0x08000129   Thumb Code    26  __scatter_copy.o(!!handler_copy)
    __scatterload_zeroinit                   0x08000145   Thumb Code    28  __scatter_zi.o(!!handler_zi)
    _printf_f                                0x08000161   Thumb Code     0  _printf_f.o(.ARM.Collect$$_printf_percent$$00000003)
    _printf_percent                          0x08000161   Thumb Code     0  _printf_percent.o(.ARM.Collect$$_printf_percent$$00000000)
    _printf_d                                0x08000167   Thumb Code     0  _printf_d.o(.ARM.Collect$$_printf_percent$$00000009)
    _printf_percent_end                      0x0800016d   Thumb Code     0  _printf_percent_end.o(.ARM.Collect$$_printf_percent$$00000017)
    __rt_lib_init                            0x08000171   Thumb Code     0  libinit.o(.ARM.Collect$$libinit$$00000000)
    __rt_lib_init_fp_1                       0x08000173   Thumb Code     0  libinit2.o(.ARM.Collect$$libinit$$00000002)
    __rt_lib_init_heap_1                     0x08000173   Thumb Code     0  libinit2.o(.ARM.Collect$$libinit$$0000000A)
    __rt_lib_init_lc_common                  0x08000173   Thumb Code     0  libinit2.o(.ARM.Collect$$libinit$$0000000F)
    __rt_lib_init_preinit_1                  0x08000173   Thumb Code     0  libinit2.o(.ARM.Collect$$libinit$$00000004)
    __rt_lib_init_rand_1                     0x08000173   Thumb Code     0  libinit2.o(.ARM.Collect$$libinit$$0000000E)
    __rt_lib_init_user_alloc_1               0x08000173   Thumb Code     0  libinit2.o(.ARM.Collect$$libinit$$0000000C)
    __rt_lib_init_lc_collate_1               0x08000179   Thumb Code     0  libinit2.o(.ARM.Collect$$libinit$$00000011)
    __rt_lib_init_lc_ctype_1                 0x08000179   Thumb Code     0  libinit2.o(.ARM.Collect$$libinit$$00000013)
    __rt_lib_init_lc_monetary_1              0x08000179   Thumb Code     0  libinit2.o(.ARM.Collect$$libinit$$00000015)
    __rt_lib_init_lc_numeric_2               0x08000179   Thumb Code     0  libinit2.o(.ARM.Collect$$libinit$$00000016)
    __rt_lib_init_alloca_1                   0x08000183   Thumb Code     0  libinit2.o(.ARM.Collect$$libinit$$0000002E)
    __rt_lib_init_argv_1                     0x08000183   Thumb Code     0  libinit2.o(.ARM.Collect$$libinit$$0000002C)
    __rt_lib_init_atexit_1                   0x08000183   Thumb Code     0  libinit2.o(.ARM.Collect$$libinit$$0000001B)
    __rt_lib_init_clock_1                    0x08000183   Thumb Code     0  libinit2.o(.ARM.Collect$$libinit$$00000021)
    __rt_lib_init_cpp_1                      0x08000183   Thumb Code     0  libinit2.o(.ARM.Collect$$libinit$$00000032)
    __rt_lib_init_exceptions_1               0x08000183   Thumb Code     0  libinit2.o(.ARM.Collect$$libinit$$00000030)
    __rt_lib_init_fp_trap_1                  0x08000183   Thumb Code     0  libinit2.o(.ARM.Collect$$libinit$$0000001F)
    __rt_lib_init_getenv_1                   0x08000183   Thumb Code     0  libinit2.o(.ARM.Collect$$libinit$$00000023)
    __rt_lib_init_lc_numeric_1               0x08000183   Thumb Code     0  libinit2.o(.ARM.Collect$$libinit$$00000017)
    __rt_lib_init_lc_time_1                  0x08000183   Thumb Code     0  libinit2.o(.ARM.Collect$$libinit$$00000019)
    __rt_lib_init_return                     0x08000183   Thumb Code     0  libinit2.o(.ARM.Collect$$libinit$$00000033)
    __rt_lib_init_signal_1                   0x08000183   Thumb Code     0  libinit2.o(.ARM.Collect$$libinit$$0000001D)
    __rt_lib_init_stdio_1                    0x08000183   Thumb Code     0  libinit2.o(.ARM.Collect$$libinit$$00000025)
    __rt_lib_shutdown                        0x08000185   Thumb Code     0  libshutdown.o(.ARM.Collect$$libshutdown$$00000000)
    __rt_lib_shutdown_cpp_1                  0x08000187   Thumb Code     0  libshutdown2.o(.ARM.Collect$$libshutdown$$00000002)
    __rt_lib_shutdown_fp_trap_1              0x08000187   Thumb Code     0  libshutdown2.o(.ARM.Collect$$libshutdown$$00000007)
    __rt_lib_shutdown_heap_1                 0x08000187   Thumb Code     0  libshutdown2.o(.ARM.Collect$$libshutdown$$0000000F)
    __rt_lib_shutdown_return                 0x08000187   Thumb Code     0  libshutdown2.o(.ARM.Collect$$libshutdown$$00000010)
    __rt_lib_shutdown_signal_1               0x08000187   Thumb Code     0  libshutdown2.o(.ARM.Collect$$libshutdown$$0000000A)
    __rt_lib_shutdown_stdio_1                0x08000187   Thumb Code     0  libshutdown2.o(.ARM.Collect$$libshutdown$$00000004)
    __rt_lib_shutdown_user_alloc_1           0x08000187   Thumb Code     0  libshutdown2.o(.ARM.Collect$$libshutdown$$0000000C)
    __rt_entry                               0x08000189   Thumb Code     0  __rtentry.o(.ARM.Collect$$rtentry$$00000000)
    __rt_entry_presh_1                       0x08000189   Thumb Code     0  __rtentry2.o(.ARM.Collect$$rtentry$$00000002)
    __rt_entry_sh                            0x08000189   Thumb Code     0  __rtentry4.o(.ARM.Collect$$rtentry$$00000004)
    __rt_entry_li                            0x0800018f   Thumb Code     0  __rtentry2.o(.ARM.Collect$$rtentry$$0000000A)
    __rt_entry_postsh_1                      0x0800018f   Thumb Code     0  __rtentry2.o(.ARM.Collect$$rtentry$$00000009)
    __rt_entry_main                          0x08000193   Thumb Code     0  __rtentry2.o(.ARM.Collect$$rtentry$$0000000D)
    __rt_entry_postli_1                      0x08000193   Thumb Code     0  __rtentry2.o(.ARM.Collect$$rtentry$$0000000C)
    __rt_exit                                0x0800019b   Thumb Code     0  rtexit.o(.ARM.Collect$$rtexit$$00000000)
    __rt_exit_ls                             0x0800019d   Thumb Code     0  rtexit2.o(.ARM.Collect$$rtexit$$00000003)
    __rt_exit_prels_1                        0x0800019d   Thumb Code     0  rtexit2.o(.ARM.Collect$$rtexit$$00000002)
    __rt_exit_exit                           0x080001a1   Thumb Code     0  rtexit2.o(.ARM.Collect$$rtexit$$00000004)
    tmr1_callback                            0x080001a9   Thumb Code     2  main.o(.text)
    tmr2_callback                            0x080001ab   Thumb Code     2  main.o(.text)
    tmr3_callback                            0x080001ad   Thumb Code     2  main.o(.text)
    battery_task                             0x080001af   Thumb Code   314  main.o(.text)
    power_task                               0x080002e9   Thumb Code   114  main.o(.text)
    main_task                                0x0800035b   Thumb Code   822  main.o(.text)
    start_task                               0x08000691   Thumb Code    74  main.o(.text)
    main                                     0x080006db   Thumb Code   102  main.o(.text)
    NMI_Handler                              0x08000775   Thumb Code     2  stm32f10x_it.o(.text)
    HardFault_Handler                        0x08000777   Thumb Code     4  stm32f10x_it.o(.text)
    MemManage_Handler                        0x0800077b   Thumb Code     4  stm32f10x_it.o(.text)
    BusFault_Handler                         0x0800077f   Thumb Code     4  stm32f10x_it.o(.text)
    UsageFault_Handler                       0x08000783   Thumb Code     4  stm32f10x_it.o(.text)
    SVC_Handler                              0x08000787   Thumb Code     2  stm32f10x_it.o(.text)
    DebugMon_Handler                         0x08000789   Thumb Code     2  stm32f10x_it.o(.text)
    SystemInit                               0x0800086b   Thumb Code    78  system_stm32f10x.o(.text)
    SystemCoreClockUpdate                    0x080008b9   Thumb Code   142  system_stm32f10x.o(.text)
    uart2_init                               0x0800096d   Thumb Code   160  usart2.o(.text)
    USART2_IRQHandler                        0x08000a0d   Thumb Code   130  usart2.o(.text)
    LCD_WR_REG                               0x08000aa1   Thumb Code    30  lcd.o(.text)
    LCD_WR_DATA                              0x08000abf   Thumb Code    32  lcd.o(.text)
    LCD_WriteReg                             0x08000adf   Thumb Code    20  lcd.o(.text)
    LCD_WriteRAM_Prepare                     0x08000af3   Thumb Code    12  lcd.o(.text)
    Lcd_WriteData_16Bit                      0x08000aff   Thumb Code    38  lcd.o(.text)
    LCD_SetWindows                           0x08000b25   Thumb Code   140  lcd.o(.text)
    LCD_SetCursor                            0x08000bb1   Thumb Code    20  lcd.o(.text)
    LCD_DrawPoint                            0x08000bc5   Thumb Code    24  lcd.o(.text)
    LCD_Clear                                0x08000bdd   Thumb Code    90  lcd.o(.text)
    LCD_GPIOInit                             0x08000c37   Thumb Code    78  lcd.o(.text)
    LCD_RESET                                0x08000c85   Thumb Code    30  lcd.o(.text)
    LCD_direction                            0x08000ca3   Thumb Code   152  lcd.o(.text)
    LCD_Init                                 0x08000d3b   Thumb Code   434  lcd.o(.text)
    SPIv_WriteData                           0x08000ef1   Thumb Code    54  spi.o(.text)
    GUI_DrawPoint                            0x08000f31   Thumb Code    24  gui.o(.text)
    LCD_Fill                                 0x08000f49   Thumb Code   110  gui.o(.text)
    LCD_DrawLine                             0x08000fb7   Thumb Code   176  gui.o(.text)
    LCD_DrawRectangle                        0x08001067   Thumb Code    64  gui.o(.text)
    LCD_DrawFillRectangle                    0x080010a7   Thumb Code    30  gui.o(.text)
    _draw_circle_8                           0x080010c5   Thumb Code   132  gui.o(.text)
    gui_circle                               0x08001149   Thumb Code   154  gui.o(.text)
    Draw_Triangel                            0x080011e3   Thumb Code    56  gui.o(.text)
    Fill_Triangel                            0x08001225   Thumb Code   532  gui.o(.text)
    LCD_ShowChar                             0x08001439   Thumb Code   276  gui.o(.text)
    LCD_ShowString                           0x0800154d   Thumb Code    94  gui.o(.text)
    mypow                                    0x080015ab   Thumb Code    22  gui.o(.text)
    LCD_ShowNum                              0x080015c1   Thumb Code   168  gui.o(.text)
    GUI_DrawFont16                           0x08001669   Thumb Code   252  gui.o(.text)
    GUI_DrawFont24                           0x08001765   Thumb Code   298  gui.o(.text)
    GUI_DrawFont32                           0x0800188f   Thumb Code   252  gui.o(.text)
    Show_Str                                 0x0800198b   Thumb Code   264  gui.o(.text)
    Gui_StrCenter                            0x08001a93   Thumb Code    60  gui.o(.text)
    Gui_Drawbmp16                            0x08001acf   Thumb Code    90  gui.o(.text)
    SDA_Input_Mode                           0x08001b39   Thumb Code    32  i2c.o(.text)
    SDA_Output_Mode                          0x08001b59   Thumb Code    32  i2c.o(.text)
    SDA_Output                               0x08001b79   Thumb Code    30  i2c.o(.text)
    SCL_Output                               0x08001b97   Thumb Code    30  i2c.o(.text)
    SDA_Input                                0x08001bb5   Thumb Code    14  i2c.o(.text)
    delay1                                   0x08001bc3   Thumb Code    12  i2c.o(.text)
    I2CStart                                 0x08001bcf   Thumb Code    74  i2c.o(.text)
    I2CStop                                  0x08001c19   Thumb Code    60  i2c.o(.text)
    I2CWaitAck                               0x08001c55   Thumb Code    84  i2c.o(.text)
    I2CSendAck                               0x08001ca9   Thumb Code    54  i2c.o(.text)
    I2CSendNotAck                            0x08001cdf   Thumb Code    46  i2c.o(.text)
    I2CSendByte                              0x08001d0d   Thumb Code    88  i2c.o(.text)
    I2CReceiveByte                           0x08001d65   Thumb Code    88  i2c.o(.text)
    i2c_init                                 0x08001dbd   Thumb Code    40  i2c.o(.text)
    IP5328P_Write                            0x08001de9   Thumb Code    46  ip5328p.o(.text)
    IP5328P_Read                             0x08001e17   Thumb Code    60  ip5328p.o(.text)
    IP5328P_Electricity                      0x08001e53   Thumb Code    14  ip5328p.o(.text)
    IP5328P_BatVoltage                       0x08001e61   Thumb Code   112  ip5328p.o(.text)
    IP5328P_BatCurrent                       0x08001ed1   Thumb Code   106  ip5328p.o(.text)
    IP5328P_BatOCV                           0x08001f3b   Thumb Code   112  ip5328p.o(.text)
    IP5328P_TypeC_Flag                       0x08001fab   Thumb Code    42  ip5328p.o(.text)
    IP5328P_TypeC_Ability                    0x08001fd5   Thumb Code    48  ip5328p.o(.text)
    IP5328P_TypeC_Current                    0x08002005   Thumb Code   106  ip5328p.o(.text)
    IP5328P_VIN_Current                      0x0800206f   Thumb Code   106  ip5328p.o(.text)
    IP5328P_OUT1_Current                     0x080020d9   Thumb Code   106  ip5328p.o(.text)
    IP5328P_OUT2_Current                     0x08002143   Thumb Code   106  ip5328p.o(.text)
    IP5328P_Power                            0x080021ad   Thumb Code   100  ip5328p.o(.text)
    IP5328P_SYS_Status                       0x08002211   Thumb Code    24  ip5328p.o(.text)
    IP5328P_KEY_IN                           0x08002229   Thumb Code    24  ip5328p.o(.text)
    IP5328P_VinTypeC_State                   0x08002241   Thumb Code    24  ip5328p.o(.text)
    IP5328P_GHG_State                        0x08002259   Thumb Code    16  ip5328p.o(.text)
    IP5328P_MOS_ON                           0x08002269   Thumb Code    72  ip5328p.o(.text)
    IP5328P_BOOST                            0x080022b1   Thumb Code    24  ip5328p.o(.text)
    IP5328P_QC_State                         0x080022c9   Thumb Code    24  ip5328p.o(.text)
    IP5328P_DCP_DIG                          0x080022e1   Thumb Code    24  ip5328p.o(.text)
    IP5328P_BAT_LOW                          0x080022f9   Thumb Code    28  ip5328p.o(.text)
    IP5328P_SYS_CTL14                        0x08002315   Thumb Code    42  ip5328p.o(.text)
    read_Parameters                          0x0800233f   Thumb Code   668  ip5328p.o(.text)
    powerControl_init                        0x080025f5   Thumb Code   186  powercontrol.o(.text)
    power_off                                0x080026af   Thumb Code    46  powercontrol.o(.text)
    SysTick_Handler                          0x080026e9   Thumb Code    16  delay.o(.text)
    delay_init                               0x080026f9   Thumb Code    76  delay.o(.text)
    delay_us                                 0x08002745   Thumb Code    70  delay.o(.text)
    delay_ms                                 0x0800278b   Thumb Code    62  delay.o(.text)
    NVIC_Configuration                       0x080027dd   Thumb Code    12  sys.o(.text)
    _sys_exit                                0x080027e9   Thumb Code     6  usart.o(.text)
    fputc                                    0x080027ef   Thumb Code    24  usart.o(.text)
    uart_init                                0x08002807   Thumb Code   152  usart.o(.text)
    USART1_IRQHandler                        0x0800289f   Thumb Code   130  usart.o(.text)
    Reset_Handler                            0x08002931   Thumb Code     8  startup_stm32f10x_md.o(.text)
    ADC1_2_IRQHandler                        0x0800294b   Thumb Code     0  startup_stm32f10x_md.o(.text)
    CAN1_RX1_IRQHandler                      0x0800294b   Thumb Code     0  startup_stm32f10x_md.o(.text)
    CAN1_SCE_IRQHandler                      0x0800294b   Thumb Code     0  startup_stm32f10x_md.o(.text)
    DMA1_Channel1_IRQHandler                 0x0800294b   Thumb Code     0  startup_stm32f10x_md.o(.text)
    DMA1_Channel2_IRQHandler                 0x0800294b   Thumb Code     0  startup_stm32f10x_md.o(.text)
    DMA1_Channel3_IRQHandler                 0x0800294b   Thumb Code     0  startup_stm32f10x_md.o(.text)
    DMA1_Channel4_IRQHandler                 0x0800294b   Thumb Code     0  startup_stm32f10x_md.o(.text)
    DMA1_Channel5_IRQHandler                 0x0800294b   Thumb Code     0  startup_stm32f10x_md.o(.text)
    DMA1_Channel6_IRQHandler                 0x0800294b   Thumb Code     0  startup_stm32f10x_md.o(.text)
    DMA1_Channel7_IRQHandler                 0x0800294b   Thumb Code     0  startup_stm32f10x_md.o(.text)
    EXTI0_IRQHandler                         0x0800294b   Thumb Code     0  startup_stm32f10x_md.o(.text)
    EXTI15_10_IRQHandler                     0x0800294b   Thumb Code     0  startup_stm32f10x_md.o(.text)
    EXTI1_IRQHandler                         0x0800294b   Thumb Code     0  startup_stm32f10x_md.o(.text)
    EXTI2_IRQHandler                         0x0800294b   Thumb Code     0  startup_stm32f10x_md.o(.text)
    EXTI3_IRQHandler                         0x0800294b   Thumb Code     0  startup_stm32f10x_md.o(.text)
    EXTI4_IRQHandler                         0x0800294b   Thumb Code     0  startup_stm32f10x_md.o(.text)
    EXTI9_5_IRQHandler                       0x0800294b   Thumb Code     0  startup_stm32f10x_md.o(.text)
    FLASH_IRQHandler                         0x0800294b   Thumb Code     0  startup_stm32f10x_md.o(.text)
    I2C1_ER_IRQHandler                       0x0800294b   Thumb Code     0  startup_stm32f10x_md.o(.text)
    I2C1_EV_IRQHandler                       0x0800294b   Thumb Code     0  startup_stm32f10x_md.o(.text)
    I2C2_ER_IRQHandler                       0x0800294b   Thumb Code     0  startup_stm32f10x_md.o(.text)
    I2C2_EV_IRQHandler                       0x0800294b   Thumb Code     0  startup_stm32f10x_md.o(.text)
    PVD_IRQHandler                           0x0800294b   Thumb Code     0  startup_stm32f10x_md.o(.text)
    RCC_IRQHandler                           0x0800294b   Thumb Code     0  startup_stm32f10x_md.o(.text)
    RTCAlarm_IRQHandler                      0x0800294b   Thumb Code     0  startup_stm32f10x_md.o(.text)
    RTC_IRQHandler                           0x0800294b   Thumb Code     0  startup_stm32f10x_md.o(.text)
    SPI1_IRQHandler                          0x0800294b   Thumb Code     0  startup_stm32f10x_md.o(.text)
    SPI2_IRQHandler                          0x0800294b   Thumb Code     0  startup_stm32f10x_md.o(.text)
    TAMPER_IRQHandler                        0x0800294b   Thumb Code     0  startup_stm32f10x_md.o(.text)
    TIM1_BRK_IRQHandler                      0x0800294b   Thumb Code     0  startup_stm32f10x_md.o(.text)
    TIM1_CC_IRQHandler                       0x0800294b   Thumb Code     0  startup_stm32f10x_md.o(.text)
    TIM1_TRG_COM_IRQHandler                  0x0800294b   Thumb Code     0  startup_stm32f10x_md.o(.text)
    TIM1_UP_IRQHandler                       0x0800294b   Thumb Code     0  startup_stm32f10x_md.o(.text)
    TIM2_IRQHandler                          0x0800294b   Thumb Code     0  startup_stm32f10x_md.o(.text)
    TIM3_IRQHandler                          0x0800294b   Thumb Code     0  startup_stm32f10x_md.o(.text)
    TIM4_IRQHandler                          0x0800294b   Thumb Code     0  startup_stm32f10x_md.o(.text)
    USART3_IRQHandler                        0x0800294b   Thumb Code     0  startup_stm32f10x_md.o(.text)
    USBWakeUp_IRQHandler                     0x0800294b   Thumb Code     0  startup_stm32f10x_md.o(.text)
    USB_HP_CAN1_TX_IRQHandler                0x0800294b   Thumb Code     0  startup_stm32f10x_md.o(.text)
    USB_LP_CAN1_RX0_IRQHandler               0x0800294b   Thumb Code     0  startup_stm32f10x_md.o(.text)
    WWDG_IRQHandler                          0x0800294b   Thumb Code     0  startup_stm32f10x_md.o(.text)
    __user_initial_stackheap                 0x0800294d   Thumb Code     0  startup_stm32f10x_md.o(.text)
    NVIC_PriorityGroupConfig                 0x08002971   Thumb Code    10  misc.o(.text)
    NVIC_Init                                0x0800297b   Thumb Code   100  misc.o(.text)
    NVIC_SetVectorTable                      0x080029df   Thumb Code    14  misc.o(.text)
    NVIC_SystemLPConfig                      0x080029ed   Thumb Code    34  misc.o(.text)
    SysTick_CLKSourceConfig                  0x08002a0f   Thumb Code    40  misc.o(.text)
    GPIO_DeInit                              0x08002a4d   Thumb Code   172  stm32f10x_gpio.o(.text)
    GPIO_AFIODeInit                          0x08002af9   Thumb Code    20  stm32f10x_gpio.o(.text)
    GPIO_Init                                0x08002b0d   Thumb Code   278  stm32f10x_gpio.o(.text)
    GPIO_StructInit                          0x08002c23   Thumb Code    16  stm32f10x_gpio.o(.text)
    GPIO_ReadInputDataBit                    0x08002c33   Thumb Code    18  stm32f10x_gpio.o(.text)
    GPIO_ReadInputData                       0x08002c45   Thumb Code     8  stm32f10x_gpio.o(.text)
    GPIO_ReadOutputDataBit                   0x08002c4d   Thumb Code    18  stm32f10x_gpio.o(.text)
    GPIO_ReadOutputData                      0x08002c5f   Thumb Code     8  stm32f10x_gpio.o(.text)
    GPIO_SetBits                             0x08002c67   Thumb Code     4  stm32f10x_gpio.o(.text)
    GPIO_ResetBits                           0x08002c6b   Thumb Code     4  stm32f10x_gpio.o(.text)
    GPIO_WriteBit                            0x08002c6f   Thumb Code    10  stm32f10x_gpio.o(.text)
    GPIO_Write                               0x08002c79   Thumb Code     4  stm32f10x_gpio.o(.text)
    GPIO_PinLockConfig                       0x08002c7d   Thumb Code    18  stm32f10x_gpio.o(.text)
    GPIO_EventOutputConfig                   0x08002c8f   Thumb Code    26  stm32f10x_gpio.o(.text)
    GPIO_EventOutputCmd                      0x08002ca9   Thumb Code     6  stm32f10x_gpio.o(.text)
    GPIO_PinRemapConfig                      0x08002caf   Thumb Code   138  stm32f10x_gpio.o(.text)
    GPIO_EXTILineConfig                      0x08002d39   Thumb Code    66  stm32f10x_gpio.o(.text)
    GPIO_ETH_MediaInterfaceConfig            0x08002d7b   Thumb Code     8  stm32f10x_gpio.o(.text)
    RCC_DeInit                               0x08002da9   Thumb Code    64  stm32f10x_rcc.o(.text)
    RCC_HSEConfig                            0x08002de9   Thumb Code    70  stm32f10x_rcc.o(.text)
    RCC_GetFlagStatus                        0x08002e2f   Thumb Code    56  stm32f10x_rcc.o(.text)
    RCC_WaitForHSEStartUp                    0x08002e67   Thumb Code    56  stm32f10x_rcc.o(.text)
    RCC_AdjustHSICalibrationValue            0x08002e9f   Thumb Code    20  stm32f10x_rcc.o(.text)
    RCC_HSICmd                               0x08002eb3   Thumb Code     6  stm32f10x_rcc.o(.text)
    RCC_PLLConfig                            0x08002eb9   Thumb Code    24  stm32f10x_rcc.o(.text)
    RCC_PLLCmd                               0x08002ed1   Thumb Code     6  stm32f10x_rcc.o(.text)
    RCC_SYSCLKConfig                         0x08002ed7   Thumb Code    18  stm32f10x_rcc.o(.text)
    RCC_GetSYSCLKSource                      0x08002ee9   Thumb Code    10  stm32f10x_rcc.o(.text)
    RCC_HCLKConfig                           0x08002ef3   Thumb Code    18  stm32f10x_rcc.o(.text)
    RCC_PCLK1Config                          0x08002f05   Thumb Code    18  stm32f10x_rcc.o(.text)
    RCC_PCLK2Config                          0x08002f17   Thumb Code    20  stm32f10x_rcc.o(.text)
    RCC_ITConfig                             0x08002f2b   Thumb Code    26  stm32f10x_rcc.o(.text)
    RCC_USBCLKConfig                         0x08002f45   Thumb Code     8  stm32f10x_rcc.o(.text)
    RCC_ADCCLKConfig                         0x08002f4d   Thumb Code    18  stm32f10x_rcc.o(.text)
    RCC_LSEConfig                            0x08002f5f   Thumb Code    50  stm32f10x_rcc.o(.text)
    RCC_LSICmd                               0x08002f91   Thumb Code     6  stm32f10x_rcc.o(.text)
    RCC_RTCCLKConfig                         0x08002f97   Thumb Code    12  stm32f10x_rcc.o(.text)
    RCC_RTCCLKCmd                            0x08002fa3   Thumb Code     8  stm32f10x_rcc.o(.text)
    RCC_GetClocksFreq                        0x08002fab   Thumb Code   192  stm32f10x_rcc.o(.text)
    RCC_AHBPeriphClockCmd                    0x0800306b   Thumb Code    26  stm32f10x_rcc.o(.text)
    RCC_APB2PeriphClockCmd                   0x08003085   Thumb Code    26  stm32f10x_rcc.o(.text)
    RCC_APB1PeriphClockCmd                   0x0800309f   Thumb Code    26  stm32f10x_rcc.o(.text)
    RCC_APB2PeriphResetCmd                   0x080030b9   Thumb Code    26  stm32f10x_rcc.o(.text)
    RCC_APB1PeriphResetCmd                   0x080030d3   Thumb Code    26  stm32f10x_rcc.o(.text)
    RCC_BackupResetCmd                       0x080030ed   Thumb Code     8  stm32f10x_rcc.o(.text)
    RCC_ClockSecuritySystemCmd               0x080030f5   Thumb Code     6  stm32f10x_rcc.o(.text)
    RCC_MCOConfig                            0x080030fb   Thumb Code     6  stm32f10x_rcc.o(.text)
    RCC_ClearFlag                            0x08003101   Thumb Code    14  stm32f10x_rcc.o(.text)
    RCC_GetITStatus                          0x0800310f   Thumb Code    20  stm32f10x_rcc.o(.text)
    RCC_ClearITPendingBit                    0x08003123   Thumb Code     6  stm32f10x_rcc.o(.text)
    USART_DeInit                             0x0800314d   Thumb Code   134  stm32f10x_usart.o(.text)
    USART_Init                               0x080031d3   Thumb Code   210  stm32f10x_usart.o(.text)
    USART_StructInit                         0x080032a5   Thumb Code    24  stm32f10x_usart.o(.text)
    USART_ClockInit                          0x080032bd   Thumb Code    34  stm32f10x_usart.o(.text)
    USART_ClockStructInit                    0x080032df   Thumb Code    12  stm32f10x_usart.o(.text)
    USART_Cmd                                0x080032eb   Thumb Code    24  stm32f10x_usart.o(.text)
    USART_ITConfig                           0x08003303   Thumb Code    74  stm32f10x_usart.o(.text)
    USART_DMACmd                             0x0800334d   Thumb Code    18  stm32f10x_usart.o(.text)
    USART_SetAddress                         0x0800335f   Thumb Code    18  stm32f10x_usart.o(.text)
    USART_WakeUpConfig                       0x08003371   Thumb Code    18  stm32f10x_usart.o(.text)
    USART_ReceiverWakeUpCmd                  0x08003383   Thumb Code    24  stm32f10x_usart.o(.text)
    USART_LINBreakDetectLengthConfig         0x0800339b   Thumb Code    18  stm32f10x_usart.o(.text)
    USART_LINCmd                             0x080033ad   Thumb Code    24  stm32f10x_usart.o(.text)
    USART_SendData                           0x080033c5   Thumb Code     8  stm32f10x_usart.o(.text)
    USART_ReceiveData                        0x080033cd   Thumb Code    10  stm32f10x_usart.o(.text)
    USART_SendBreak                          0x080033d7   Thumb Code    10  stm32f10x_usart.o(.text)
    USART_SetGuardTime                       0x080033e1   Thumb Code    16  stm32f10x_usart.o(.text)
    USART_SetPrescaler                       0x080033f1   Thumb Code    16  stm32f10x_usart.o(.text)
    USART_SmartCardCmd                       0x08003401   Thumb Code    24  stm32f10x_usart.o(.text)
    USART_SmartCardNACKCmd                   0x08003419   Thumb Code    24  stm32f10x_usart.o(.text)
    USART_HalfDuplexCmd                      0x08003431   Thumb Code    24  stm32f10x_usart.o(.text)
    USART_OverSampling8Cmd                   0x08003449   Thumb Code    22  stm32f10x_usart.o(.text)
    USART_OneBitMethodCmd                    0x0800345f   Thumb Code    24  stm32f10x_usart.o(.text)
    USART_IrDAConfig                         0x08003477   Thumb Code    18  stm32f10x_usart.o(.text)
    USART_IrDACmd                            0x08003489   Thumb Code    24  stm32f10x_usart.o(.text)
    USART_GetFlagStatus                      0x080034a1   Thumb Code    26  stm32f10x_usart.o(.text)
    USART_ClearFlag                          0x080034bb   Thumb Code    18  stm32f10x_usart.o(.text)
    USART_GetITStatus                        0x080034cd   Thumb Code    84  stm32f10x_usart.o(.text)
    USART_ClearITPendingBit                  0x08003521   Thumb Code    52  stm32f10x_usart.o(.text)
    OS_TaskStatStkChk                        0x08003555   Thumb Code    54  os_core.o(.text)
    OS_TaskStat                              0x0800358b   Thumb Code   116  os_core.o(.text)
    OS_TaskIdle                              0x08003633   Thumb Code    34  os_core.o(.text)
    OS_MemClr                                0x08003689   Thumb Code    18  os_core.o(.text)
    OSInit                                   0x080037a7   Thumb Code    52  os_core.o(.text)
    OSIntEnter                               0x080037db   Thumb Code    28  os_core.o(.text)
    OSIntExit                                0x08003811   Thumb Code   112  os_core.o(.text)
    OSSchedLock                              0x08003881   Thumb Code    50  os_core.o(.text)
    OS_Sched                                 0x080038b3   Thumb Code    88  os_core.o(.text)
    OSSchedUnlock                            0x0800390b   Thumb Code   238  os_core.o(.text)
    OSStart                                  0x080039f9   Thumb Code    48  os_core.o(.text)
    OSStatInit                               0x08003a29   Thumb Code    62  os_core.o(.text)
    OSTimeTick                               0x08003a67   Thumb Code   210  os_core.o(.text)
    OSVersion                                0x08003b39   Thumb Code     6  os_core.o(.text)
    OS_Dummy                                 0x08003b3f   Thumb Code     2  os_core.o(.text)
    OS_EventTaskRemove                       0x08003b41   Thumb Code    42  os_core.o(.text)
    OS_EventTaskRdy                          0x08003b6b   Thumb Code   114  os_core.o(.text)
    OS_EventTaskWait                         0x08003bdd   Thumb Code   112  os_core.o(.text)
    OS_EventWaitListInit                     0x08003c4d   Thumb Code    28  os_core.o(.text)
    OS_MemCopy                               0x08003c69   Thumb Code    20  os_core.o(.text)
    OS_StrLen                                0x08003c7d   Thumb Code    20  os_core.o(.text)
    OS_TCBInit                               0x08003c91   Thumb Code   280  os_core.o(.text)
    OSFlagAccept                             0x08003ded   Thumb Code   252  os_flag.o(.text)
    OSFlagCreate                             0x08003ee9   Thumb Code    86  os_flag.o(.text)
    OS_FlagUnlink                            0x08003f3f   Thumb Code    36  os_flag.o(.text)
    OSFlagDel                                0x08003fb5   Thumb Code   214  os_flag.o(.text)
    OSFlagNameGet                            0x0800408b   Thumb Code    80  os_flag.o(.text)
    OSFlagNameSet                            0x080040db   Thumb Code    66  os_flag.o(.text)
    OSFlagPend                               0x080041b5   Thumb Code   614  os_flag.o(.text)
    OSFlagPendGetFlagsRdy                    0x0800441b   Thumb Code    26  os_flag.o(.text)
    OSFlagPost                               0x08004435   Thumb Code   312  os_flag.o(.text)
    OSFlagQuery                              0x0800456d   Thumb Code    48  os_flag.o(.text)
    OS_FlagInit                              0x0800459d   Thumb Code    78  os_flag.o(.text)
    OSMemCreate                              0x080045f9   Thumb Code   118  os_mem.o(.text)
    OSMemGet                                 0x0800466f   Thumb Code    62  os_mem.o(.text)
    OSMemNameGet                             0x080046ad   Thumb Code    60  os_mem.o(.text)
    OSMemNameSet                             0x080046e9   Thumb Code    48  os_mem.o(.text)
    OSMemPut                                 0x08004719   Thumb Code    54  os_mem.o(.text)
    OSMemQuery                               0x0800474f   Thumb Code    52  os_mem.o(.text)
    OS_MemInit                               0x08004783   Thumb Code    24  os_mem.o(.text)
    OSQAccept                                0x080047ad   Thumb Code    88  os_q.o(.text)
    OSQCreate                                0x08004805   Thumb Code   140  os_q.o(.text)
    OSQDel                                   0x08004891   Thumb Code   236  os_q.o(.text)
    OSQFlush                                 0x0800497d   Thumb Code    36  os_q.o(.text)
    OSQPend                                  0x080049a1   Thumb Code   272  os_q.o(.text)
    OSQPendAbort                             0x08004ab1   Thumb Code   128  os_q.o(.text)
    OSQPost                                  0x08004b31   Thumb Code   114  os_q.o(.text)
    OSQPostFront                             0x08004ba3   Thumb Code   136  os_q.o(.text)
    OSQPostOpt                               0x08004c2b   Thumb Code   182  os_q.o(.text)
    OSQQuery                                 0x08004ce1   Thumb Code    98  os_q.o(.text)
    OS_QInit                                 0x08004d43   Thumb Code    72  os_q.o(.text)
    OSSemAccept                              0x08004d95   Thumb Code    42  os_sem.o(.text)
    OSSemCreate                              0x08004dbf   Thumb Code    68  os_sem.o(.text)
    OSSemDel                                 0x08004e03   Thumb Code   200  os_sem.o(.text)
    OSSemPend                                0x08004ecb   Thumb Code   222  os_sem.o(.text)
    OSSemPendAbort                           0x08004fa9   Thumb Code   128  os_sem.o(.text)
    OSSemPost                                0x08005029   Thumb Code    88  os_sem.o(.text)
    OSSemQuery                               0x08005081   Thumb Code    76  os_sem.o(.text)
    OSSemSet                                 0x080050cd   Thumb Code    66  os_sem.o(.text)
    OSTaskChangePrio                         0x08005121   Thumb Code   308  os_task.o(.text)
    OSTaskCreate                             0x08005255   Thumb Code   148  os_task.o(.text)
    OS_TaskStkClr                            0x080052e9   Thumb Code    26  os_task.o(.text)
    OSTaskCreateExt                          0x08005303   Thumb Code   170  os_task.o(.text)
    OSTaskDel                                0x080053ad   Thumb Code   294  os_task.o(.text)
    OSTaskDelReq                             0x080054d3   Thumb Code   144  os_task.o(.text)
    OSTaskNameGet                            0x08005563   Thumb Code   114  os_task.o(.text)
    OSTaskNameSet                            0x080055d5   Thumb Code    98  os_task.o(.text)
    OSTaskResume                             0x08005637   Thumb Code   154  os_task.o(.text)
    OSTaskStkChk                             0x080056d1   Thumb Code   132  os_task.o(.text)
    OSTaskSuspend                            0x08005755   Thumb Code   152  os_task.o(.text)
    OSTaskQuery                              0x080057ed   Thumb Code    82  os_task.o(.text)
    OSTaskRegGet                             0x0800583f   Thumb Code    60  os_task.o(.text)
    OSTaskRegSet                             0x0800587b   Thumb Code    62  os_task.o(.text)
    OS_TaskReturn                            0x080058b9   Thumb Code    18  os_task.o(.text)
    OSTimeDly                                0x080058e5   Thumb Code   100  os_time.o(.text)
    OSTimeDlyHMSM                            0x08005949   Thumb Code    86  os_time.o(.text)
    OSTimeDlyResume                          0x0800599f   Thumb Code   168  os_time.o(.text)
    OSTimeGet                                0x08005a47   Thumb Code    24  os_time.o(.text)
    OSTimeSet                                0x08005a5f   Thumb Code    24  os_time.o(.text)
    OSTmrCreate                              0x08005ac7   Thumb Code    96  os_tmr.o(.text)
    OSTmrDel                                 0x08005b9f   Thumb Code   124  os_tmr.o(.text)
    OSTmrNameGet                             0x08005c1b   Thumb Code   114  os_tmr.o(.text)
    OSTmrRemainGet                           0x08005c8d   Thumb Code   164  os_tmr.o(.text)
    OSTmrStateGet                            0x08005d31   Thumb Code    86  os_tmr.o(.text)
    OSTmrStart                               0x08005deb   Thumb Code   128  os_tmr.o(.text)
    OSTmrStop                                0x08005e6b   Thumb Code   210  os_tmr.o(.text)
    OSTmrSignal                              0x08005f3d   Thumb Code    16  os_tmr.o(.text)
    OSTmr_Init                               0x08005ff1   Thumb Code   152  os_tmr.o(.text)
    OS_CPU_SR_Save                           0x080060c9   Thumb Code     0  os_cpu_a.o(.text)
    OS_CPU_SR_Restore                        0x080060d1   Thumb Code     0  os_cpu_a.o(.text)
    OSStartHighRdy                           0x080060d7   Thumb Code     0  os_cpu_a.o(.text)
    OSCtxSw                                  0x080060f9   Thumb Code     0  os_cpu_a.o(.text)
    OSIntCtxSw                               0x08006107   Thumb Code     0  os_cpu_a.o(.text)
    PendSV_Handler                           0x08006117   Thumb Code     0  os_cpu_a.o(.text)
    OSInitHookBegin                          0x0800617d   Thumb Code     8  os_cpu_c.o(.text)
    OSInitHookEnd                            0x08006185   Thumb Code     2  os_cpu_c.o(.text)
    OSTaskCreateHook                         0x08006187   Thumb Code     2  os_cpu_c.o(.text)
    OSTaskDelHook                            0x08006189   Thumb Code     2  os_cpu_c.o(.text)
    OSTaskIdleHook                           0x0800618b   Thumb Code     2  os_cpu_c.o(.text)
    OSTaskStatHook                           0x0800618d   Thumb Code     2  os_cpu_c.o(.text)
    OSTaskStkInit                            0x0800618f   Thumb Code   154  os_cpu_c.o(.text)
    OSTaskSwHook                             0x08006229   Thumb Code     2  os_cpu_c.o(.text)
    OSTCBInitHook                            0x0800622b   Thumb Code     2  os_cpu_c.o(.text)
    OSTimeTickHook                           0x0800622d   Thumb Code    30  os_cpu_c.o(.text)
    OSTaskReturnHook                         0x0800624b   Thumb Code     2  os_cpu_c.o(.text)
    __use_no_semihosting                     0x08006251   Thumb Code     2  use_no_semi_2.o(.text)
    __2sprintf                               0x08006255   Thumb Code    34  noretval__2sprintf.o(.text)
    _printf_pre_padding                      0x0800627d   Thumb Code    44  _printf_pad.o(.text)
    _printf_post_padding                     0x080062a9   Thumb Code    34  _printf_pad.o(.text)
    _printf_int_dec                          0x080062cd   Thumb Code   104  _printf_dec.o(.text)
    __printf                                 0x08006345   Thumb Code   270  __printf_wp.o(.text)
    strlen                                   0x08006453   Thumb Code    62  strlen.o(.text)
    __use_two_region_memory                  0x08006491   Thumb Code     2  heapauxi.o(.text)
    __rt_heap_escrow$2region                 0x08006493   Thumb Code     2  heapauxi.o(.text)
    __rt_heap_expand$2region                 0x08006495   Thumb Code     2  heapauxi.o(.text)
    __I$use$semihosting                      0x08006497   Thumb Code     0  use_no_semi.o(.text)
    __use_no_semihosting_swi                 0x08006497   Thumb Code     2  use_no_semi.o(.text)
    _printf_int_common                       0x08006499   Thumb Code   178  _printf_intcommon.o(.text)
    __lib_sel_fp_printf                      0x0800654b   Thumb Code     2  _printf_fp_dec.o(.text)
    _printf_fp_dec_real                      0x080066f9   Thumb Code   620  _printf_fp_dec.o(.text)
    _printf_char_common                      0x0800696f   Thumb Code    32  _printf_char_common.o(.text)
    _sputc                                   0x08006995   Thumb Code    10  _sputc.o(.text)
    __rt_locale                              0x080069a1   Thumb Code     8  rt_locale_intlibspace.o(.text)
    _ll_udiv10                               0x080069a9   Thumb Code   138  lludiv10.o(.text)
    _printf_fp_infnan                        0x08006a35   Thumb Code   112  _printf_fp_infnan.o(.text)
    _btod_etento                             0x08006ab5   Thumb Code   216  bigflt0.o(.text)
    __user_libspace                          0x08006b91   Thumb Code     8  libspace.o(.text)
    __user_perproc_libspace                  0x08006b91   Thumb Code     0  libspace.o(.text)
    __user_perthread_libspace                0x08006b91   Thumb Code     0  libspace.o(.text)
    __user_setup_stackheap                   0x08006b99   Thumb Code    74  sys_stackheap_outer.o(.text)
    exit                                     0x08006be3   Thumb Code    18  exit.o(.text)
    strcmp                                   0x08006bf5   Thumb Code   128  strcmpv7m.o(.text)
    _btod_d2e                                0x08006c75   Thumb Code    62  btod.o(CL$$btod_d2e)
    _d2e_denorm_low                          0x08006cb3   Thumb Code    70  btod.o(CL$$btod_d2e_denorm_low)
    _d2e_norm_op1                            0x08006cf9   Thumb Code    96  btod.o(CL$$btod_d2e_norm_op1)
    __btod_div_common                        0x08006d59   Thumb Code   696  btod.o(CL$$btod_div_common)
    _e2e                                     0x08007091   Thumb Code   198  btod.o(CL$$btod_e2e)
    _btod_ediv                               0x08007157   Thumb Code    40  btod.o(CL$$btod_ediv)
    _btod_emul                               0x0800717f   Thumb Code    40  btod.o(CL$$btod_emul)
    __btod_mult_common                       0x080071a7   Thumb Code   580  btod.o(CL$$btod_mult_common)
    __ARM_fpclassify                         0x080073eb   Thumb Code    40  fpclassify.o(i.__ARM_fpclassify)
    _is_digit                                0x08007413   Thumb Code    14  __printf_wp.o(i._is_digit)
    _get_lc_numeric                          0x08007421   Thumb Code    44  lc_numeric_c.o(locale$$code)
    __aeabi_d2f                              0x0800744d   Thumb Code     0  d2f.o(x$fpl$d2f)
    _d2f                                     0x0800744d   Thumb Code    98  d2f.o(x$fpl$d2f)
    __aeabi_dadd                             0x080074b1   Thumb Code     0  daddsub_clz.o(x$fpl$dadd)
    _dadd                                    0x080074b1   Thumb Code   332  daddsub_clz.o(x$fpl$dadd)
    __fpl_dcmp_Inf                           0x08007601   Thumb Code    24  dcmpi.o(x$fpl$dcmpinf)
    __aeabi_cdcmple                          0x08007619   Thumb Code     0  dleqf.o(x$fpl$dleqf)
    _dcmple                                  0x08007619   Thumb Code   120  dleqf.o(x$fpl$dleqf)
    __fpl_dcmple_InfNaN                      0x0800767b   Thumb Code     0  dleqf.o(x$fpl$dleqf)
    __aeabi_dmul                             0x08007691   Thumb Code     0  dmul.o(x$fpl$dmul)
    _dmul                                    0x08007691   Thumb Code   332  dmul.o(x$fpl$dmul)
    __fpl_dnaninf                            0x080077e5   Thumb Code   156  dnaninf.o(x$fpl$dnaninf)
    __fpl_dretinf                            0x08007881   Thumb Code    12  dretinf.o(x$fpl$dretinf)
    __aeabi_dsub                             0x0800788d   Thumb Code     0  daddsub_clz.o(x$fpl$dsub)
    _dsub                                    0x0800788d   Thumb Code   464  daddsub_clz.o(x$fpl$dsub)
    __aeabi_f2d                              0x08007a61   Thumb Code     0  f2d.o(x$fpl$f2d)
    _f2d                                     0x08007a61   Thumb Code    86  f2d.o(x$fpl$f2d)
    __aeabi_fadd                             0x08007ab9   Thumb Code     0  faddsub_clz.o(x$fpl$fadd)
    _fadd                                    0x08007ab9   Thumb Code   196  faddsub_clz.o(x$fpl$fadd)
    __fpl_fcmp_Inf                           0x08007b7d   Thumb Code    24  fcmpi.o(x$fpl$fcmpinf)
    __aeabi_fdiv                             0x08007b95   Thumb Code     0  fdiv.o(x$fpl$fdiv)
    _fdiv                                    0x08007b95   Thumb Code   384  fdiv.o(x$fpl$fdiv)
    __aeabi_cfcmpeq                          0x08007d19   Thumb Code     0  feqf.o(x$fpl$feqf)
    _fcmpeq                                  0x08007d19   Thumb Code   104  feqf.o(x$fpl$feqf)
    __aeabi_i2f                              0x08007d81   Thumb Code     0  fflt_clz.o(x$fpl$fflt)
    _fflt                                    0x08007d81   Thumb Code    48  fflt_clz.o(x$fpl$fflt)
    __aeabi_ui2f                             0x08007db1   Thumb Code     0  fflt_clz.o(x$fpl$ffltu)
    _ffltu                                   0x08007db1   Thumb Code    38  fflt_clz.o(x$fpl$ffltu)
    __aeabi_cfcmple                          0x08007dd9   Thumb Code     0  fleqf.o(x$fpl$fleqf)
    _fcmple                                  0x08007dd9   Thumb Code   104  fleqf.o(x$fpl$fleqf)
    __fpl_fcmple_InfNaN                      0x08007e2b   Thumb Code     0  fleqf.o(x$fpl$fleqf)
    __fpl_fnaninf                            0x08007e41   Thumb Code   140  fnaninf.o(x$fpl$fnaninf)
    __fpl_fretinf                            0x08007ecd   Thumb Code    10  fretinf.o(x$fpl$fretinf)
    __aeabi_cfrcmple                         0x08007ed7   Thumb Code     0  frleqf.o(x$fpl$frleqf)
    _frcmple                                 0x08007ed7   Thumb Code    98  frleqf.o(x$fpl$frleqf)
    __aeabi_fsub                             0x08007f39   Thumb Code     0  faddsub_clz.o(x$fpl$fsub)
    _fsub                                    0x08007f39   Thumb Code   234  faddsub_clz.o(x$fpl$fsub)
    _printf_fp_dec                           0x08008023   Thumb Code     4  printf1.o(x$fpl$printf1)
    __I$use$fp                               0x08008026   Number         0  usenofp.o(x$fpl$usenofp)
    asc2_1206                                0x08008026   Data        1140  gui.o(.constdata)
    asc2_1608                                0x0800849a   Data        1520  gui.o(.constdata)
    tfont16                                  0x08008a8a   Data        2108  gui.o(.constdata)
    tfont24                                  0x080092c6   Data         518  gui.o(.constdata)
    tfont32                                  0x080094cc   Data         520  gui.o(.constdata)
    OSUnMapTbl                               0x080096d4   Data         256  os_core.o(.constdata)
    Region$$Table$$Base                      0x08009868   Number         0  anon$$obj.o(Region$$Table)
    Region$$Table$$Limit                     0x08009888   Number         0  anon$$obj.o(Region$$Table)
    SystemCoreClock                          0x20000000   Data           4  system_stm32f10x.o(.data)
    AHBPrescTable                            0x20000004   Data          16  system_stm32f10x.o(.data)
    USART2_RX_STA                            0x20000014   Data           2  usart2.o(.data)
    POINT_COLOR                              0x20000016   Data           2  lcd.o(.data)
    BACK_COLOR                               0x20000018   Data           2  lcd.o(.data)
    DeviceCode                               0x2000001a   Data           2  lcd.o(.data)
    power                                    0x2000001c   Data           4  ip5328p.o(.data)
    mos_state                                0x20000020   Data           4  ip5328p.o(.data)
    voltage                                  0x20000024   Data           4  ip5328p.o(.data)
    __stdout                                 0x2000002c   Data           4  usart.o(.data)
    USART_RX_STA                             0x20000030   Data           2  usart.o(.data)
    OSCtxSwCtr                               0x20000048   Data           4  os_core.o(.data)
    OSEventFreeList                          0x2000004c   Data           4  os_core.o(.data)
    OSFlagFreeList                           0x20000050   Data           4  os_core.o(.data)
    OSCPUUsage                               0x20000054   Data           1  os_core.o(.data)
    OSIdleCtrMax                             0x20000058   Data           4  os_core.o(.data)
    OSIdleCtrRun                             0x2000005c   Data           4  os_core.o(.data)
    OSStatRdy                                0x20000060   Data           1  os_core.o(.data)
    OSIntNesting                             0x20000061   Data           1  os_core.o(.data)
    OSLockNesting                            0x20000062   Data           1  os_core.o(.data)
    OSPrioCur                                0x20000063   Data           1  os_core.o(.data)
    OSPrioHighRdy                            0x20000064   Data           1  os_core.o(.data)
    OSRdyGrp                                 0x20000065   Data           1  os_core.o(.data)
    OSRdyTbl                                 0x20000066   Data           8  os_core.o(.data)
    OSRunning                                0x2000006e   Data           1  os_core.o(.data)
    OSTaskCtr                                0x2000006f   Data           1  os_core.o(.data)
    OSIdleCtr                                0x20000070   Data           4  os_core.o(.data)
    OSTCBCur                                 0x20000074   Data           4  os_core.o(.data)
    OSTCBFreeList                            0x20000078   Data           4  os_core.o(.data)
    OSTCBHighRdy                             0x2000007c   Data           4  os_core.o(.data)
    OSTCBList                                0x20000080   Data           4  os_core.o(.data)
    OSTickStepState                          0x20000084   Data           1  os_core.o(.data)
    OSMemFreeList                            0x20000088   Data           4  os_core.o(.data)
    OSQFreeList                              0x2000008c   Data           4  os_core.o(.data)
    OSTime                                   0x20000090   Data           4  os_core.o(.data)
    OSTmrFree                                0x20000094   Data           2  os_core.o(.data)
    OSTmrUsed                                0x20000096   Data           2  os_core.o(.data)
    OSTmrTime                                0x20000098   Data           4  os_core.o(.data)
    OSTmrSem                                 0x2000009c   Data           4  os_core.o(.data)
    OSTmrSemSignal                           0x200000a0   Data           4  os_core.o(.data)
    OSTmrFreeList                            0x200000a4   Data           4  os_core.o(.data)
    OSInterrputSum                           0x200000a8   Data           4  os_cpu_c.o(.data)
    START_TASK_STK                           0x200000b0   Data         256  main.o(.bss)
    MAIN_TASK_STK                            0x200001b0   Data         512  main.o(.bss)
    POWER_TASK_STK                           0x200003b0   Data        1024  main.o(.bss)
    BATTERY_TASK_STK                         0x200007b0   Data        1024  main.o(.bss)
    buf                                      0x20000bb0   Data          20  main.o(.bss)
    USART2_RX_BUF                            0x20000bc4   Data         200  usart2.o(.bss)
    lcddev                                   0x20000c8c   Data          16  lcd.o(.bss)
    current                                  0x20000c9c   Data          16  ip5328p.o(.bss)
    USART_RX_BUF                             0x20000cac   Data         200  usart.o(.bss)
    OSEventTbl                               0x20000d74   Data         200  os_core.o(.bss)
    OSFlagTbl                                0x20000e3c   Data          80  os_core.o(.bss)
    OSTaskStatStk                            0x20000e8c   Data         512  os_core.o(.bss)
    OSTaskIdleStk                            0x2000108c   Data         512  os_core.o(.bss)
    OSTCBPrioTbl                             0x2000128c   Data         256  os_core.o(.bss)
    OSTCBTbl                                 0x2000138c   Data        1008  os_core.o(.bss)
    OSMemTbl                                 0x2000177c   Data          24  os_core.o(.bss)
    OSQTbl                                   0x20001794   Data         120  os_core.o(.bss)
    OSTmrTbl                                 0x2000180c   Data         640  os_core.o(.bss)
    OSTmrTaskStk                             0x20001a8c   Data         512  os_core.o(.bss)
    OSTmrWheelTbl                            0x20001c8c   Data          64  os_core.o(.bss)
    __libspace_start                         0x20001ccc   Data          96  libspace.o(.bss)
    __temporary_stack_top$libspace           0x20001d2c   Data           0  libspace.o(.bss)



==============================================================================

Memory Map of the image

  Image Entry point : 0x080000ed

  Load Region LR_IROM1 (Base: 0x08000000, Size: 0x00009954, Max: 0x00010000, ABSOLUTE)

    Execution Region ER_IROM1 (Base: 0x08000000, Size: 0x000098a4, Max: 0x00010000, ABSOLUTE)

    Base Addr    Size         Type   Attr      Idx    E Section Name        Object

    0x08000000   0x000000ec   Data   RO          384    RESET               startup_stm32f10x_md.o
    0x080000ec   0x00000008   Code   RO          714  * !!!main             c_w.l(__main.o)
    0x080000f4   0x00000034   Code   RO          974    !!!scatter          c_w.l(__scatter.o)
    0x08000128   0x0000001a   Code   RO          976    !!handler_copy      c_w.l(__scatter_copy.o)
    0x08000142   0x00000002   PAD
    0x08000144   0x0000001c   Code   RO          978    !!handler_zi        c_w.l(__scatter_zi.o)
    0x08000160   0x00000000   Code   RO          709    .ARM.Collect$$_printf_percent$$00000000  c_w.l(_printf_percent.o)
    0x08000160   0x00000006   Code   RO          708    .ARM.Collect$$_printf_percent$$00000003  c_w.l(_printf_f.o)
    0x08000166   0x00000006   Code   RO          707    .ARM.Collect$$_printf_percent$$00000009  c_w.l(_printf_d.o)
    0x0800016c   0x00000004   Code   RO          763    .ARM.Collect$$_printf_percent$$00000017  c_w.l(_printf_percent_end.o)
    0x08000170   0x00000002   Code   RO          851    .ARM.Collect$$libinit$$00000000  c_w.l(libinit.o)
    0x08000172   0x00000000   Code   RO          853    .ARM.Collect$$libinit$$00000002  c_w.l(libinit2.o)
    0x08000172   0x00000000   Code   RO          855    .ARM.Collect$$libinit$$00000004  c_w.l(libinit2.o)
    0x08000172   0x00000000   Code   RO          858    .ARM.Collect$$libinit$$0000000A  c_w.l(libinit2.o)
    0x08000172   0x00000000   Code   RO          860    .ARM.Collect$$libinit$$0000000C  c_w.l(libinit2.o)
    0x08000172   0x00000000   Code   RO          862    .ARM.Collect$$libinit$$0000000E  c_w.l(libinit2.o)
    0x08000172   0x00000006   Code   RO          863    .ARM.Collect$$libinit$$0000000F  c_w.l(libinit2.o)
    0x08000178   0x00000000   Code   RO          865    .ARM.Collect$$libinit$$00000011  c_w.l(libinit2.o)
    0x08000178   0x00000000   Code   RO          867    .ARM.Collect$$libinit$$00000013  c_w.l(libinit2.o)
    0x08000178   0x00000000   Code   RO          869    .ARM.Collect$$libinit$$00000015  c_w.l(libinit2.o)
    0x08000178   0x0000000a   Code   RO          870    .ARM.Collect$$libinit$$00000016  c_w.l(libinit2.o)
    0x08000182   0x00000000   Code   RO          871    .ARM.Collect$$libinit$$00000017  c_w.l(libinit2.o)
    0x08000182   0x00000000   Code   RO          873    .ARM.Collect$$libinit$$00000019  c_w.l(libinit2.o)
    0x08000182   0x00000000   Code   RO          875    .ARM.Collect$$libinit$$0000001B  c_w.l(libinit2.o)
    0x08000182   0x00000000   Code   RO          877    .ARM.Collect$$libinit$$0000001D  c_w.l(libinit2.o)
    0x08000182   0x00000000   Code   RO          879    .ARM.Collect$$libinit$$0000001F  c_w.l(libinit2.o)
    0x08000182   0x00000000   Code   RO          881    .ARM.Collect$$libinit$$00000021  c_w.l(libinit2.o)
    0x08000182   0x00000000   Code   RO          883    .ARM.Collect$$libinit$$00000023  c_w.l(libinit2.o)
    0x08000182   0x00000000   Code   RO          885    .ARM.Collect$$libinit$$00000025  c_w.l(libinit2.o)
    0x08000182   0x00000000   Code   RO          889    .ARM.Collect$$libinit$$0000002C  c_w.l(libinit2.o)
    0x08000182   0x00000000   Code   RO          891    .ARM.Collect$$libinit$$0000002E  c_w.l(libinit2.o)
    0x08000182   0x00000000   Code   RO          893    .ARM.Collect$$libinit$$00000030  c_w.l(libinit2.o)
    0x08000182   0x00000000   Code   RO          895    .ARM.Collect$$libinit$$00000032  c_w.l(libinit2.o)
    0x08000182   0x00000002   Code   RO          896    .ARM.Collect$$libinit$$00000033  c_w.l(libinit2.o)
    0x08000184   0x00000002   Code   RO          924    .ARM.Collect$$libshutdown$$00000000  c_w.l(libshutdown.o)
    0x08000186   0x00000000   Code   RO          933    .ARM.Collect$$libshutdown$$00000002  c_w.l(libshutdown2.o)
    0x08000186   0x00000000   Code   RO          935    .ARM.Collect$$libshutdown$$00000004  c_w.l(libshutdown2.o)
    0x08000186   0x00000000   Code   RO          938    .ARM.Collect$$libshutdown$$00000007  c_w.l(libshutdown2.o)
    0x08000186   0x00000000   Code   RO          941    .ARM.Collect$$libshutdown$$0000000A  c_w.l(libshutdown2.o)
    0x08000186   0x00000000   Code   RO          943    .ARM.Collect$$libshutdown$$0000000C  c_w.l(libshutdown2.o)
    0x08000186   0x00000000   Code   RO          946    .ARM.Collect$$libshutdown$$0000000F  c_w.l(libshutdown2.o)
    0x08000186   0x00000002   Code   RO          947    .ARM.Collect$$libshutdown$$00000010  c_w.l(libshutdown2.o)
    0x08000188   0x00000000   Code   RO          754    .ARM.Collect$$rtentry$$00000000  c_w.l(__rtentry.o)
    0x08000188   0x00000000   Code   RO          780    .ARM.Collect$$rtentry$$00000002  c_w.l(__rtentry2.o)
    0x08000188   0x00000006   Code   RO          792    .ARM.Collect$$rtentry$$00000004  c_w.l(__rtentry4.o)
    0x0800018e   0x00000000   Code   RO          782    .ARM.Collect$$rtentry$$00000009  c_w.l(__rtentry2.o)
    0x0800018e   0x00000004   Code   RO          783    .ARM.Collect$$rtentry$$0000000A  c_w.l(__rtentry2.o)
    0x08000192   0x00000000   Code   RO          785    .ARM.Collect$$rtentry$$0000000C  c_w.l(__rtentry2.o)
    0x08000192   0x00000008   Code   RO          786    .ARM.Collect$$rtentry$$0000000D  c_w.l(__rtentry2.o)
    0x0800019a   0x00000002   Code   RO          897    .ARM.Collect$$rtexit$$00000000  c_w.l(rtexit.o)
    0x0800019c   0x00000000   Code   RO          904    .ARM.Collect$$rtexit$$00000002  c_w.l(rtexit2.o)
    0x0800019c   0x00000004   Code   RO          905    .ARM.Collect$$rtexit$$00000003  c_w.l(rtexit2.o)
    0x080001a0   0x00000006   Code   RO          906    .ARM.Collect$$rtexit$$00000004  c_w.l(rtexit2.o)
    0x080001a6   0x00000002   PAD
    0x080001a8   0x000005cc   Code   RO            1    .text               main.o
    0x08000774   0x00000016   Code   RO          134    .text               stm32f10x_it.o
    0x0800078a   0x00000002   PAD
    0x0800078c   0x000001e0   Code   RO          169    .text               system_stm32f10x.o
    0x0800096c   0x00000134   Code   RO          187    .text               usart2.o
    0x08000aa0   0x00000450   Code   RO          206    .text               lcd.o
    0x08000ef0   0x00000040   Code   RO          231    .text               spi.o
    0x08000f30   0x00000c08   Code   RO          258    .text               gui.o
    0x08001b38   0x000002b0   Code   RO          279    .text               i2c.o
    0x08001de8   0x0000080c   Code   RO          291    .text               ip5328p.o
    0x080025f4   0x000000f4   Code   RO          310    .text               powercontrol.o
    0x080026e8   0x000000f4   Code   RO          322    .text               delay.o
    0x080027dc   0x0000000c   Code   RO          336    .text               sys.o
    0x080027e8   0x00000148   Code   RO          348    .text               usart.o
    0x08002930   0x00000040   Code   RO          385    .text               startup_stm32f10x_md.o
    0x08002970   0x000000dc   Code   RO          389    .text               misc.o
    0x08002a4c   0x0000035c   Code   RO          413    .text               stm32f10x_gpio.o
    0x08002da8   0x000003a4   Code   RO          425    .text               stm32f10x_rcc.o
    0x0800314c   0x00000408   Code   RO          463    .text               stm32f10x_usart.o
    0x08003554   0x00000898   Code   RO          511    .text               os_core.o
    0x08003dec   0x0000080c   Code   RO          531    .text               os_flag.o
    0x080045f8   0x000001b4   Code   RO          555    .text               os_mem.o
    0x080047ac   0x000005e8   Code   RO          579    .text               os_q.o
    0x08004d94   0x0000038c   Code   RO          591    .text               os_sem.o
    0x08005120   0x000007c4   Code   RO          603    .text               os_task.o
    0x080058e4   0x000001b0   Code   RO          615    .text               os_time.o
    0x08005a94   0x00000634   Code   RO          627    .text               os_tmr.o
    0x080060c8   0x000000b4   Code   RO          639    .text               os_cpu_a.o
    0x0800617c   0x000000d4   Code   RO          642    .text               os_cpu_c.o
    0x08006250   0x00000002   Code   RO          675    .text               c_w.l(use_no_semi_2.o)
    0x08006252   0x00000002   PAD
    0x08006254   0x00000028   Code   RO          679    .text               c_w.l(noretval__2sprintf.o)
    0x0800627c   0x0000004e   Code   RO          683    .text               c_w.l(_printf_pad.o)
    0x080062ca   0x00000002   PAD
    0x080062cc   0x00000078   Code   RO          685    .text               c_w.l(_printf_dec.o)
    0x08006344   0x0000010e   Code   RO          695    .text               c_w.l(__printf_wp.o)
    0x08006452   0x0000003e   Code   RO          710    .text               c_w.l(strlen.o)
    0x08006490   0x00000006   Code   RO          712    .text               c_w.l(heapauxi.o)
    0x08006496   0x00000002   Code   RO          752    .text               c_w.l(use_no_semi.o)
    0x08006498   0x000000b2   Code   RO          755    .text               c_w.l(_printf_intcommon.o)
    0x0800654a   0x0000041a   Code   RO          757    .text               c_w.l(_printf_fp_dec.o)
    0x08006964   0x00000030   Code   RO          759    .text               c_w.l(_printf_char_common.o)
    0x08006994   0x0000000a   Code   RO          761    .text               c_w.l(_sputc.o)
    0x0800699e   0x00000002   PAD
    0x080069a0   0x00000008   Code   RO          797    .text               c_w.l(rt_locale_intlibspace.o)
    0x080069a8   0x0000008a   Code   RO          799    .text               c_w.l(lludiv10.o)
    0x08006a32   0x00000002   PAD
    0x08006a34   0x00000080   Code   RO          801    .text               c_w.l(_printf_fp_infnan.o)
    0x08006ab4   0x000000dc   Code   RO          805    .text               c_w.l(bigflt0.o)
    0x08006b90   0x00000008   Code   RO          837    .text               c_w.l(libspace.o)
    0x08006b98   0x0000004a   Code   RO          840    .text               c_w.l(sys_stackheap_outer.o)
    0x08006be2   0x00000012   Code   RO          842    .text               c_w.l(exit.o)
    0x08006bf4   0x00000080   Code   RO          844    .text               c_w.l(strcmpv7m.o)
    0x08006c74   0x0000003e   Code   RO          808    CL$$btod_d2e        c_w.l(btod.o)
    0x08006cb2   0x00000046   Code   RO          810    CL$$btod_d2e_denorm_low  c_w.l(btod.o)
    0x08006cf8   0x00000060   Code   RO          809    CL$$btod_d2e_norm_op1  c_w.l(btod.o)
    0x08006d58   0x00000338   Code   RO          818    CL$$btod_div_common  c_w.l(btod.o)
    0x08007090   0x000000c6   Code   RO          815    CL$$btod_e2e        c_w.l(btod.o)
    0x08007156   0x00000028   Code   RO          812    CL$$btod_ediv       c_w.l(btod.o)
    0x0800717e   0x00000028   Code   RO          811    CL$$btod_emul       c_w.l(btod.o)
    0x080071a6   0x00000244   Code   RO          817    CL$$btod_mult_common  c_w.l(btod.o)
    0x080073ea   0x00000028   Code   RO          835    i.__ARM_fpclassify  m_ws.l(fpclassify.o)
    0x08007412   0x0000000e   Code   RO          697    i._is_digit         c_w.l(__printf_wp.o)
    0x08007420   0x0000002c   Code   RO          831    locale$$code        c_w.l(lc_numeric_c.o)
    0x0800744c   0x00000062   Code   RO          716    x$fpl$d2f           fz_ws.l(d2f.o)
    0x080074ae   0x00000002   PAD
    0x080074b0   0x00000150   Code   RO          718    x$fpl$dadd          fz_ws.l(daddsub_clz.o)
    0x08007600   0x00000018   Code   RO          764    x$fpl$dcmpinf       fz_ws.l(dcmpi.o)
    0x08007618   0x00000078   Code   RO          724    x$fpl$dleqf         fz_ws.l(dleqf.o)
    0x08007690   0x00000154   Code   RO          726    x$fpl$dmul          fz_ws.l(dmul.o)
    0x080077e4   0x0000009c   Code   RO          766    x$fpl$dnaninf       fz_ws.l(dnaninf.o)
    0x08007880   0x0000000c   Code   RO          768    x$fpl$dretinf       fz_ws.l(dretinf.o)
    0x0800788c   0x000001d4   Code   RO          720    x$fpl$dsub          fz_ws.l(daddsub_clz.o)
    0x08007a60   0x00000056   Code   RO          728    x$fpl$f2d           fz_ws.l(f2d.o)
    0x08007ab6   0x00000002   PAD
    0x08007ab8   0x000000c4   Code   RO          730    x$fpl$fadd          fz_ws.l(faddsub_clz.o)
    0x08007b7c   0x00000018   Code   RO          770    x$fpl$fcmpinf       fz_ws.l(fcmpi.o)
    0x08007b94   0x00000184   Code   RO          737    x$fpl$fdiv          fz_ws.l(fdiv.o)
    0x08007d18   0x00000068   Code   RO          740    x$fpl$feqf          fz_ws.l(feqf.o)
    0x08007d80   0x00000030   Code   RO          743    x$fpl$fflt          fz_ws.l(fflt_clz.o)
    0x08007db0   0x00000026   Code   RO          742    x$fpl$ffltu         fz_ws.l(fflt_clz.o)
    0x08007dd6   0x00000002   PAD
    0x08007dd8   0x00000068   Code   RO          772    x$fpl$fleqf         fz_ws.l(fleqf.o)
    0x08007e40   0x0000008c   Code   RO          774    x$fpl$fnaninf       fz_ws.l(fnaninf.o)
    0x08007ecc   0x0000000a   Code   RO          776    x$fpl$fretinf       fz_ws.l(fretinf.o)
    0x08007ed6   0x00000062   Code   RO          748    x$fpl$frleqf        fz_ws.l(frleqf.o)
    0x08007f38   0x000000ea   Code   RO          732    x$fpl$fsub          fz_ws.l(faddsub_clz.o)
    0x08008022   0x00000004   Code   RO          750    x$fpl$printf1       fz_ws.l(printf1.o)
    0x08008026   0x00000000   Code   RO          778    x$fpl$usenofp       fz_ws.l(usenofp.o)
    0x08008026   0x000016ae   Data   RO          259    .constdata          gui.o
    0x080096d4   0x00000100   Data   RO          513    .constdata          os_core.o
    0x080097d4   0x00000094   Data   RO          806    .constdata          c_w.l(bigflt0.o)
    0x08009868   0x00000020   Data   RO          972    Region$$Table       anon$$obj.o
    0x08009888   0x0000001c   Data   RO          830    locale$$data        c_w.l(lc_numeric_c.o)


    Execution Region RW_IRAM1 (Base: 0x20000000, Size: 0x00002330, Max: 0x00005000, ABSOLUTE)

    Base Addr    Size         Type   Attr      Idx    E Section Name        Object

    0x20000000   0x00000014   Data   RW          170    .data               system_stm32f10x.o
    0x20000014   0x00000002   Data   RW          189    .data               usart2.o
    0x20000016   0x00000006   Data   RW          208    .data               lcd.o
    0x2000001c   0x0000000c   Data   RW          293    .data               ip5328p.o
    0x20000028   0x00000004   Data   RW          323    .data               delay.o
    0x2000002c   0x00000006   Data   RW          350    .data               usart.o
    0x20000032   0x00000014   Data   RW          426    .data               stm32f10x_rcc.o
    0x20000046   0x00000002   PAD
    0x20000048   0x00000060   Data   RW          514    .data               os_core.o
    0x200000a8   0x00000006   Data   RW          643    .data               os_cpu_c.o
    0x200000ae   0x00000002   PAD
    0x200000b0   0x00000b14   Zero   RW            2    .bss                main.o
    0x20000bc4   0x000000c8   Zero   RW          188    .bss                usart2.o
    0x20000c8c   0x00000010   Zero   RW          207    .bss                lcd.o
    0x20000c9c   0x00000010   Zero   RW          292    .bss                ip5328p.o
    0x20000cac   0x000000c8   Zero   RW          349    .bss                usart.o
    0x20000d74   0x00000f58   Zero   RW          512    .bss                os_core.o
    0x20001ccc   0x00000060   Zero   RW          838    .bss                c_w.l(libspace.o)
    0x20001d2c   0x00000004   PAD
    0x20001d30   0x00000200   Zero   RW          383    HEAP                startup_stm32f10x_md.o
    0x20001f30   0x00000400   Zero   RW          382    STACK               startup_stm32f10x_md.o


==============================================================================

Image component sizes


      Code (inc. data)   RO Data    RW Data    ZI Data      Debug   Object Name

         0          0          0          0          0         32   core_cm3.o
       244         20          0          4          0       1243   delay.o
      3080         52       5806          0          0      11042   gui.o
       688          4          0          0          0       2833   i2c.o
      2060         74          0         12         16       7290   ip5328p.o
      1104         22          0          6         16       4805   lcd.o
      1484        260          0          0       2836     243977   main.o
       220         22          0          0          0       1721   misc.o
      2200        218        256         96       3928      15958   os_core.o
       180         36          0          0          0        292   os_cpu_a.o
       212          4          0          6          0      11634   os_cpu_c.o
      2060         42          0          0          0       7028   os_flag.o
       436         18          0          0          0       3136   os_mem.o
      1512         30          0          0          0       5693   os_q.o
       908         18          0          0          0       3966   os_sem.o
      1988         70          0          0          0       7705   os_task.o
       432         30          0          0          0       1810   os_time.o
      1588         94          0          0          0       5657   os_tmr.o
       244         12          0          0          0        726   powercontrol.o
        64         10          0          0          0        497   spi.o
        64         26        236          0       1536        760   startup_stm32f10x_md.o
       860         38          0          0          0       5657   stm32f10x_gpio.o
        22          0          0          0          0        959   stm32f10x_it.o
       932         36          0         20          0       8800   stm32f10x_rcc.o
      1032         22          0          0          0       8380   stm32f10x_usart.o
        12          0          0          0          0        413   sys.o
       480         38          0         20          0       1623   system_stm32f10x.o
       328         16          0          6        200       3070   usart.o
       308         18          0          2        200       1465   usart2.o

    ----------------------------------------------------------------------
     24744       1230       6330        176       8732     368172   Object Totals
         0          0         32          0          0          0   (incl. Generated)
         2          0          0          4          0          0   (incl. Padding)

    ----------------------------------------------------------------------

      Code (inc. data)   RO Data    RW Data    ZI Data      Debug   Library Member Name

         8          0          0          0          0         68   __main.o
       284          0          0          0          0        156   __printf_wp.o
         0          0          0          0          0          0   __rtentry.o
        12          0          0          0          0          0   __rtentry2.o
         6          0          0          0          0          0   __rtentry4.o
        52          8          0          0          0          0   __scatter.o
        26          0          0          0          0          0   __scatter_copy.o
        28          0          0          0          0          0   __scatter_zi.o
        48          6          0          0          0         96   _printf_char_common.o
         6          0          0          0          0          0   _printf_d.o
       120         16          0          0          0         92   _printf_dec.o
         6          0          0          0          0          0   _printf_f.o
      1050          0          0          0          0        216   _printf_fp_dec.o
       128         16          0          0          0         84   _printf_fp_infnan.o
       178          0          0          0          0         88   _printf_intcommon.o
        78          0          0          0          0        108   _printf_pad.o
         0          0          0          0          0          0   _printf_percent.o
         4          0          0          0          0          0   _printf_percent_end.o
        10          0          0          0          0         68   _sputc.o
       220          4        148          0          0         96   bigflt0.o
      1910        128          0          0          0        672   btod.o
        18          0          0          0          0         80   exit.o
         6          0          0          0          0        152   heapauxi.o
        44         10         28          0          0         76   lc_numeric_c.o
         2          0          0          0          0          0   libinit.o
        18          0          0          0          0          0   libinit2.o
         2          0          0          0          0          0   libshutdown.o
         2          0          0          0          0          0   libshutdown2.o
         8          4          0          0         96         68   libspace.o
       138          0          0          0          0         80   lludiv10.o
        40          6          0          0          0         84   noretval__2sprintf.o
         8          4          0          0          0         68   rt_locale_intlibspace.o
         2          0          0          0          0          0   rtexit.o
        10          0          0          0          0          0   rtexit2.o
       128          0          0          0          0         68   strcmpv7m.o
        62          0          0          0          0         76   strlen.o
        74          0          0          0          0         80   sys_stackheap_outer.o
         2          0          0          0          0         68   use_no_semi.o
         2          0          0          0          0         68   use_no_semi_2.o
        98          4          0          0          0         92   d2f.o
       804         16          0          0          0        272   daddsub_clz.o
        24          0          0          0          0         68   dcmpi.o
       120          4          0          0          0         92   dleqf.o
       340         12          0          0          0        104   dmul.o
       156          4          0          0          0         92   dnaninf.o
        12          0          0          0          0         68   dretinf.o
        86          4          0          0          0         84   f2d.o
       430          8          0          0          0        168   faddsub_clz.o
        24          0          0          0          0         68   fcmpi.o
       388         76          0          0          0         96   fdiv.o
       104          4          0          0          0         84   feqf.o
        86          0          0          0          0        136   fflt_clz.o
       104          4          0          0          0         84   fleqf.o
       140          4          0          0          0         84   fnaninf.o
        10          0          0          0          0         68   fretinf.o
        98          0          0          0          0         68   frleqf.o
         4          0          0          0          0         68   printf1.o
         0          0          0          0          0          0   usenofp.o
        40          0          0          0          0         68   fpclassify.o

    ----------------------------------------------------------------------
      7826        342        176          0        100       4576   Library Totals
        18          0          0          0          4          0   (incl. Padding)

    ----------------------------------------------------------------------

      Code (inc. data)   RO Data    RW Data    ZI Data      Debug   Library Name

      4740        202        176          0         96       2712   c_w.l
      3028        140          0          0          0       1796   fz_ws.l
        40          0          0          0          0         68   m_ws.l

    ----------------------------------------------------------------------
      7826        342        176          0        100       4576   Library Totals

    ----------------------------------------------------------------------

==============================================================================


      Code (inc. data)   RO Data    RW Data    ZI Data      Debug   

     32570       1572       6506        176       8832     368116   Grand Totals
     32570       1572       6506        176       8832     368116   ELF Image Totals
     32570       1572       6506        176          0          0   ROM Totals

==============================================================================

    Total RO  Size (Code + RO Data)                39076 (  38.16kB)
    Total RW  Size (RW Data + ZI Data)              9008 (   8.80kB)
    Total ROM Size (Code + RO Data + RW Data)      39252 (  38.33kB)

==============================================================================

