<html>
<body>
<pre>
<h1>µVision Build Log</h1>
<h2>Tool Versions:</h2>
IDE-Version: ¦ÌVision V5.27.0.0
Copyright (C) 2018 ARM Ltd and ARM Germany GmbH. All rights reserved.
License Information: a a, a, LIC=IK1BF-6EZL9-UHU8H-WDKNA-7CGLN-9FJAZ
 
Tool Versions:
Toolchain:       MDK-ARM Plus  Version: 5.27.0.0
Toolchain Path:  C:\Keil_v5\ARM\ARMCC\Bin
C Compiler:      Armcc.exe V5.06 update 6 (build 750)
Assembler:       Armasm.exe V5.06 update 6 (build 750)
Linker/Locator:  ArmLink.exe V5.06 update 6 (build 750)
Library Manager: ArmAr.exe
Hex Converter:   FromElf.exe V5.06 update 6 (build 750)
CPU DLL:         SARMCM3.DLL V5.27.0.0
Dialog DLL:      DARMCM1.DLL V1.19.2.0
Target DLL:      Nu_Link.dll V3.03
Dialog DLL:      TARMCM1.DLL V1.14.1.0
 
<h2>Project:</h2>
D:\Mini58BSP-master\SampleCode\StdDriver\opt3001\KEIL\I2C_Interrupt_EEPROM.uvproj
Project File Date:  11/20/2020

<h2>Output:</h2>
*** Using Compiler 'V5.06 update 6 (build 750)', folder: 'C:\Keil_v5\ARM\ARMCC\Bin'
Build target 'I2C_Interrupt_EEPROM'
creating preprocessor file for system_Mini58Series.c...
creating preprocessor file for main.c...
compiling main.c...
creating preprocessor file for clk.c...
creating preprocessor file for i2c.c...
creating preprocessor file for sys.c...
creating preprocessor file for retarget.c...
creating preprocessor file for gpio.c...
creating preprocessor file for spi.c...
linking...
Program Size: Code=4928 RO-data=2936 RW-data=20 ZI-data=628  
FromELF: creating hex file...
After Build - User command #1: fromelf --bin ".\obj\I2C_Interrupt_EEPROM.axf" --output ".\obj\I2C_Interrupt_EEPROM.bin"
After Build - User command #2: fromelf --text -c ".\obj\I2C_Interrupt_EEPROM.axf" --output ".\obj\I2C_Interrupt_EEPROM.txt"
".\obj\I2C_Interrupt_EEPROM.axf" - 0 Error(s), 0 Warning(s).
Build Time Elapsed:  00:00:08
</pre>
</body>
</html>
